This is pdfTeX, Version 3.141592653-2.6-1.40.28 (MiKTeX 25.12) (preloaded format=pdflatex 2026.3.5)  20 MAY 2026 18:59
entering extended mode
 restricted \write18 enabled.
 %&-line parsing enabled.
**./d11.tex
(d11.tex
LaTeX2e <2025-11-01>
L3 programming layer <2025-12-24>
(C:\Users\Askeladd\AppData\Local\Programs\MiKTeX\tex/latex/base\report.cls
Document Class: report 2025/01/22 v1.4n Standard LaTeX document class
(C:\Users\Askeladd\AppData\Local\Programs\MiKTeX\tex/latex/base\size12.clo
File: size12.clo 2025/01/22 v1.4n Standard LaTeX file (size option)
)
\c@part=\count275
\c@chapter=\count276
\c@section=\count277
\c@subsection=\count278
\c@subsubsection=\count279
\c@paragraph=\count280
\c@subparagraph=\count281
\c@figure=\count282
\c@table=\count283
\abovecaptionskip=\skip49
\belowcaptionskip=\skip50
\bibindent=\dimen148
)
(C:\Users\Askeladd\AppData\Local\Programs\MiKTeX\tex/latex/base\inputenc.sty
Package: inputenc 2024/02/08 v1.3d Input encoding file
\inpenc@prehook=\toks17
\inpenc@posthook=\toks18
)
(C:\Users\Askeladd\AppData\Local\Programs\MiKTeX\tex/latex/base\fontenc.sty
Package: fontenc 2025/07/18 v2.1d Standard LaTeX package
)
(C:\Users\Askeladd\AppData\Local\Programs\MiKTeX\tex/latex/lm\lmodern.sty
Package: lmodern 2015/05/01 v1.6.1 Latin Modern Fonts
LaTeX Font Info:    Overwriting symbol font `operators' in version `normal'
(Font)                  OT1/cmr/m/n --> OT1/lmr/m/n on input line 22.
LaTeX Font Info:    Overwriting symbol font `letters' in version `normal'
(Font)                  OML/cmm/m/it --> OML/lmm/m/it on input line 23.
LaTeX Font Info:    Overwriting symbol font `symbols' in version `normal'
(Font)                  OMS/cmsy/m/n --> OMS/lmsy/m/n on input line 24.
LaTeX Font Info:    Overwriting symbol font `largesymbols' in version `normal'
(Font)                  OMX/cmex/m/n --> OMX/lmex/m/n on input line 25.
LaTeX Font Info:    Overwriting symbol font `operators' in version `bold'
(Font)                  OT1/cmr/bx/n --> OT1/lmr/bx/n on input line 26.
LaTeX Font Info:    Overwriting symbol font `letters' in version `bold'
(Font)                  OML/cmm/b/it --> OML/lmm/b/it on input line 27.
LaTeX Font Info:    Overwriting symbol font `symbols' in version `bold'
(Font)                  OMS/cmsy/b/n --> OMS/lmsy/b/n on input line 28.
LaTeX Font Info:    Overwriting symbol font `largesymbols' in version `bold'
(Font)                  OMX/cmex/m/n --> OMX/lmex/m/n on input line 29.
LaTeX Font Info:    Overwriting math alphabet `\mathbf' in version `normal'
(Font)                  OT1/cmr/bx/n --> OT1/lmr/bx/n on input line 31.
LaTeX Font Info:    Overwriting math alphabet `\mathsf' in version `normal'
(Font)                  OT1/cmss/m/n --> OT1/lmss/m/n on input line 32.
LaTeX Font Info:    Overwriting math alphabet `\mathit' in version `normal'
(Font)                  OT1/cmr/m/it --> OT1/lmr/m/it on input line 33.
LaTeX Font Info:    Overwriting math alphabet `\mathtt' in version `normal'
(Font)                  OT1/cmtt/m/n --> OT1/lmtt/m/n on input line 34.
LaTeX Font Info:    Overwriting math alphabet `\mathbf' in version `bold'
(Font)                  OT1/cmr/bx/n --> OT1/lmr/bx/n on input line 35.
LaTeX Font Info:    Overwriting math alphabet `\mathsf' in version `bold'
(Font)                  OT1/cmss/bx/n --> OT1/lmss/bx/n on input line 36.
LaTeX Font Info:    Overwriting math alphabet `\mathit' in version `bold'
(Font)                  OT1/cmr/bx/it --> OT1/lmr/bx/it on input line 37.
LaTeX Font Info:    Overwriting math alphabet `\mathtt' in version `bold'
(Font)                  OT1/cmtt/m/n --> OT1/lmtt/m/n on input line 38.
)
(C:\Users\Askeladd\AppData\Local\Programs\MiKTeX\tex/latex/amsmath\amsmath.sty
Package: amsmath 2025/07/09 v2.17z AMS math features
\@mathmargin=\skip51

For additional information on amsmath, use the `?' option.
(C:\Users\Askeladd\AppData\Local\Programs\MiKTeX\tex/latex/amsmath\amstext.sty
Package: amstext 2024/11/17 v2.01 AMS text

(C:\Users\Askeladd\AppData\Local\Programs\MiKTeX\tex/latex/amsmath\amsgen.sty
File: amsgen.sty 1999/11/30 v2.0 generic functions
\@emptytoks=\toks19
\ex@=\dimen149
)) (C:\Users\Askeladd\AppData\Local\Programs\MiKTeX\tex/latex/amsmath\amsbsy.st
y
Package: amsbsy 1999/11/29 v1.2d Bold Symbols
\pmbraise@=\dimen150
) (C:\Users\Askeladd\AppData\Local\Programs\MiKTeX\tex/latex/amsmath\amsopn.sty
Package: amsopn 2022/04/08 v2.04 operator names
)
\inf@bad=\count284
LaTeX Info: Redefining \frac on input line 233.
\uproot@=\count285
\leftroot@=\count286
LaTeX Info: Redefining \overline on input line 398.
LaTeX Info: Redefining \colon on input line 409.
\classnum@=\count287
\DOTSCASE@=\count288
LaTeX Info: Redefining \ldots on input line 495.
LaTeX Info: Redefining \dots on input line 498.
LaTeX Info: Redefining \cdots on input line 619.
\Mathstrutbox@=\box53
\strutbox@=\box54
LaTeX Info: Redefining \big on input line 721.
LaTeX Info: Redefining \Big on input line 722.
LaTeX Info: Redefining \bigg on input line 723.
LaTeX Info: Redefining \Bigg on input line 724.
\big@size=\dimen151
LaTeX Font Info:    Redeclaring font encoding OML on input line 742.
LaTeX Font Info:    Redeclaring font encoding OMS on input line 743.
\macc@depth=\count289
LaTeX Info: Redefining \bmod on input line 904.
LaTeX Info: Redefining \pmod on input line 909.
LaTeX Info: Redefining \smash on input line 939.
LaTeX Info: Redefining \relbar on input line 969.
LaTeX Info: Redefining \Relbar on input line 970.
\c@MaxMatrixCols=\count290
\dotsspace@=\muskip17
\c@parentequation=\count291
\dspbrk@lvl=\count292
\tag@help=\toks20
\row@=\count293
\column@=\count294
\maxfields@=\count295
\andhelp@=\toks21
\eqnshift@=\dimen152
\alignsep@=\dimen153
\tagshift@=\dimen154
\tagwidth@=\dimen155
\totwidth@=\dimen156
\lineht@=\dimen157
\@envbody=\toks22
\multlinegap=\skip52
\multlinetaggap=\skip53
\mathdisplay@stack=\toks23
LaTeX Info: Redefining \[ on input line 2950.
LaTeX Info: Redefining \] on input line 2951.
)
(C:\Users\Askeladd\AppData\Local\Programs\MiKTeX\tex/latex/amsfonts\amssymb.sty
Package: amssymb 2013/01/14 v3.01 AMS font symbols

(C:\Users\Askeladd\AppData\Local\Programs\MiKTeX\tex/latex/amsfonts\amsfonts.st
y
Package: amsfonts 2013/01/14 v3.01 Basic AMSFonts support
\symAMSa=\mathgroup4
\symAMSb=\mathgroup5
LaTeX Font Info:    Redeclaring math symbol \hbar on input line 98.
LaTeX Font Info:    Overwriting math alphabet `\mathfrak' in version `bold'
(Font)                  U/euf/m/n --> U/euf/b/n on input line 106.
))
(C:\Users\Askeladd\AppData\Local\Programs\MiKTeX\tex/latex/graphics\graphicx.st
y
Package: graphicx 2024/12/31 v1.2e Enhanced LaTeX Graphics (DPC,SPQR)

(C:\Users\Askeladd\AppData\Local\Programs\MiKTeX\tex/latex/graphics\keyval.sty
Package: keyval 2022/05/29 v1.15 key=value parser (DPC)
\KV@toks@=\toks24
)
(C:\Users\Askeladd\AppData\Local\Programs\MiKTeX\tex/latex/graphics\graphics.st
y
Package: graphics 2024/08/06 v1.4g Standard LaTeX Graphics (DPC,SPQR)
 (C:\Users\Askeladd\AppData\Local\Programs\MiKTeX\tex/latex/graphics\trig.sty
Package: trig 2023/12/02 v1.11 sin cos tan (DPC)
)
(C:\Users\Askeladd\AppData\Local\Programs\MiKTeX\tex/latex/graphics-cfg\graphic
s.cfg
File: graphics.cfg 2016/06/04 v1.11 sample graphics configuration
)
Package graphics Info: Driver file: pdftex.def on input line 106.

(C:\Users\Askeladd\AppData\Local\Programs\MiKTeX\tex/latex/graphics-def\pdftex.
def
File: pdftex.def 2025/09/29 v1.2d Graphics/color driver for pdftex
))
\Gin@req@height=\dimen158
\Gin@req@width=\dimen159
)
(C:\Users\Askeladd\AppData\Roaming\MiKTeX\tex/latex/geometry\geometry.sty
Package: geometry 2020/01/02 v5.9 Page Geometry

(C:\Users\Askeladd\AppData\Local\Programs\MiKTeX\tex/generic/iftex\ifvtex.sty
Package: ifvtex 2019/10/25 v1.7 ifvtex legacy package. Use iftex instead.

(C:\Users\Askeladd\AppData\Local\Programs\MiKTeX\tex/generic/iftex\iftex.sty
Package: iftex 2024/12/12 v1.0g TeX engine tests
))
\Gm@cnth=\count296
\Gm@cntv=\count297
\c@Gm@tempcnt=\count298
\Gm@bindingoffset=\dimen160
\Gm@wd@mp=\dimen161
\Gm@odd@mp=\dimen162
\Gm@even@mp=\dimen163
\Gm@layoutwidth=\dimen164
\Gm@layoutheight=\dimen165
\Gm@layouthoffset=\dimen166
\Gm@layoutvoffset=\dimen167
\Gm@dimlist=\toks25

(C:\Users\Askeladd\AppData\Roaming\MiKTeX\tex/latex/geometry\geometry.cfg))
(C:\Users\Askeladd\AppData\Roaming\MiKTeX\tex/latex/setspace\setspace.sty
Package: setspace 2022/12/04 v6.7b set line spacing
)
(C:\Users\Askeladd\AppData\Roaming\MiKTeX\tex/latex/booktabs\booktabs.sty
Package: booktabs 2020/01/12 v1.61803398 Publication quality tables
\heavyrulewidth=\dimen168
\lightrulewidth=\dimen169
\cmidrulewidth=\dimen170
\belowrulesep=\dimen171
\belowbottomsep=\dimen172
\aboverulesep=\dimen173
\abovetopsep=\dimen174
\cmidrulesep=\dimen175
\cmidrulekern=\dimen176
\defaultaddspace=\dimen177
\@cmidla=\count299
\@cmidlb=\count300
\@aboverulesep=\dimen178
\@belowrulesep=\dimen179
\@thisruleclass=\count301
\@lastruleclass=\count302
\@thisrulewidth=\dimen180
)
(C:\Users\Askeladd\AppData\Local\Programs\MiKTeX\tex/latex/tools\array.sty
Package: array 2025/09/25 v2.6n Tabular extension package (FMi)
\col@sep=\dimen181
\ar@mcellbox=\box55
\extrarowheight=\dimen182
\NC@list=\toks26
\extratabsurround=\skip54
\backup@length=\skip55
\ar@cellbox=\box56
)
(C:\Users\Askeladd\AppData\Local\Programs\MiKTeX\tex/latex/float\float.sty
Package: float 2001/11/08 v1.3d Float enhancements (AL)
\c@float@type=\count303
\float@exts=\toks27
\float@box=\box57
\@float@everytoks=\toks28
\@floatcapt=\box58
)
(C:\Users\Askeladd\AppData\Roaming\MiKTeX\tex/latex/caption\caption.sty
Package: caption 2023/08/05 v3.6o Customizing captions (AR)

(C:\Users\Askeladd\AppData\Roaming\MiKTeX\tex/latex/caption\caption3.sty
Package: caption3 2023/07/31 v2.4d caption3 kernel (AR)
\caption@tempdima=\dimen183
\captionmargin=\dimen184
\caption@leftmargin=\dimen185
\caption@rightmargin=\dimen186
\caption@width=\dimen187
\caption@indent=\dimen188
\caption@parindent=\dimen189
\caption@hangindent=\dimen190
Package caption Info: Standard document class detected.
)
\c@caption@flags=\count304
\c@continuedfloat=\count305
Package caption Info: float package is loaded.
)
(C:\Users\Askeladd\AppData\Roaming\MiKTeX\tex/latex/caption\subcaption.sty
Package: subcaption 2023/07/28 v1.6b Sub-captions (AR)
Package caption Info: New subtype `subfigure' on input line 238.
\c@subfigure=\count306
Package caption Info: New subtype `subtable' on input line 238.
\c@subtable=\count307
)
(C:\Users\Askeladd\AppData\Local\Programs\MiKTeX\tex/latex/xcolor\xcolor.sty
Package: xcolor 2024/09/29 v3.02 LaTeX color extensions (UK)

(C:\Users\Askeladd\AppData\Local\Programs\MiKTeX\tex/latex/graphics-cfg\color.c
fg
File: color.cfg 2016/01/02 v1.6 sample color configuration
)
Package xcolor Info: Driver file: pdftex.def on input line 274.

(C:\Users\Askeladd\AppData\Local\Programs\MiKTeX\tex/latex/graphics\mathcolor.l
tx)
Package xcolor Info: Model `cmy' substituted by `cmy0' on input line 1349.
Package xcolor Info: Model `hsb' substituted by `rgb' on input line 1353.
Package xcolor Info: Model `RGB' extended on input line 1365.
Package xcolor Info: Model `HTML' substituted by `rgb' on input line 1367.
Package xcolor Info: Model `Hsb' substituted by `hsb' on input line 1368.
Package xcolor Info: Model `tHsb' substituted by `hsb' on input line 1369.
Package xcolor Info: Model `HSB' substituted by `hsb' on input line 1370.
Package xcolor Info: Model `Gray' substituted by `gray' on input line 1371.
Package xcolor Info: Model `wave' substituted by `hsb' on input line 1372.
) (C:\Users\Askeladd\AppData\Roaming\MiKTeX\tex/latex/enumitem\enumitem.sty
Package: enumitem 2025/02/06 v3.11 Customized lists
\labelindent=\skip56
\enit@outerparindent=\dimen191
\enit@toks=\toks29
\enit@inbox=\box59
\enit@count@id=\count308
\enitdp@description=\count309
)
(C:\Users\Askeladd\AppData\Local\Programs\MiKTeX\tex/latex/pdfpages\pdfpages.st
y
Package: pdfpages 2025/07/23 v0.6g Insert pages of external PDF documents (AM)
 (C:\Users\Askeladd\AppData\Local\Programs\MiKTeX\tex/latex/base\ifthen.sty
Package: ifthen 2024/03/16 v1.1e Standard LaTeX ifthen package (DPC)
)
(C:\Users\Askeladd\AppData\Local\Programs\MiKTeX\tex/latex/tools\calc.sty
Package: calc 2025/03/01 v4.3b Infix arithmetic (KKT,FJ)
\calc@Acount=\count310
\calc@Bcount=\count311
\calc@Adimen=\dimen192
\calc@Bdimen=\dimen193
\calc@Askip=\skip57
\calc@Bskip=\skip58
LaTeX Info: Redefining \setlength on input line 86.
LaTeX Info: Redefining \addtolength on input line 87.
\calc@Ccount=\count312
\calc@Cskip=\skip59
)
(C:\Users\Askeladd\AppData\Local\Programs\MiKTeX\tex/latex/eso-pic\eso-pic.sty
Package: eso-pic 2025/12/10 v3.0d eso-pic (RN)
\ESO@tempdima=\dimen194
\ESO@tempdimb=\dimen195
)
(C:\Users\Askeladd\AppData\Local\Programs\MiKTeX\tex/latex/etoolbox\etoolbox.st
y
Package: etoolbox 2025/10/02 v2.5m e-TeX tools for LaTeX (JAW)
\etb@tempcnta=\count313
)
\AM@pagewidth=\dimen196
\AM@pageheight=\dimen197
\AM@fboxrule=\dimen198

(C:\Users\Askeladd\AppData\Local\Programs\MiKTeX\tex/latex/pdfpages\pppdftex.de
f
File: pppdftex.def 2025/07/23 v0.6g Pdfpages driver for pdfTeX (AM)
)
\pdfpages@includegraphics@status=\count314
\AM@pagebox=\box60
\AM@global@opts=\toks30
\AM@pagecnt=\count315
\AM@toc@title=\toks31
\AM@lof@heading=\toks32
\c@AM@survey=\count316
\AM@templatesizebox=\box61
) (C:\Users\Askeladd\AppData\Roaming\MiKTeX\tex/latex/fancyhdr\fancyhdr.sty
Package: fancyhdr 2025/02/07 v5.2 Extensive control of page headers and footers

\f@nch@headwidth=\skip60
\f@nch@offset@elh=\skip61
\f@nch@offset@erh=\skip62
\f@nch@offset@olh=\skip63
\f@nch@offset@orh=\skip64
\f@nch@offset@elf=\skip65
\f@nch@offset@erf=\skip66
\f@nch@offset@olf=\skip67
\f@nch@offset@orf=\skip68
\f@nch@height=\skip69
\f@nch@footalignment=\skip70
\f@nch@widthL=\skip71
\f@nch@widthC=\skip72
\f@nch@widthR=\skip73
\@temptokenb=\toks33
)
(C:\Users\Askeladd\AppData\Local\Programs\MiKTeX\tex/latex/microtype\microtype.
sty
Package: microtype 2026/03/01 v3.2d Micro-typographical refinements (RS)
\MT@toks=\toks34
\MT@tempbox=\box62
\MT@count=\count317
LaTeX Info: Redefining \noprotrusionifhmode on input line 1084.
LaTeX Info: Redefining \leftprotrusion on input line 1085.
\MT@prot@toks=\toks35
LaTeX Info: Redefining \rightprotrusion on input line 1104.
LaTeX Info: Redefining \textls on input line 1449.
\MT@outer@kern=\dimen199
LaTeX Info: Redefining \microtypecontext on input line 2053.
LaTeX Info: Redefining \textmicrotypecontext on input line 2070.
\MT@listname@count=\count318

(C:\Users\Askeladd\AppData\Local\Programs\MiKTeX\tex/latex/microtype\microtype-
pdftex.def
File: microtype-pdftex.def 2026/03/01 v3.2d Definitions specific to pdftex (RS)

LaTeX Info: Redefining \lsstyle on input line 944.
LaTeX Info: Redefining \lslig on input line 944.
\MT@outer@space=\skip74
)
Package microtype Info: Loading configuration file microtype.cfg.

(C:\Users\Askeladd\AppData\Local\Programs\MiKTeX\tex/latex/microtype\microtype.
cfg
File: microtype.cfg 2026/03/01 v3.2d microtype main configuration file (RS)
)
LaTeX Info: Redefining \microtypesetup on input line 3065.
) (C:\Users\Askeladd\AppData\Local\Programs\MiKTeX\tex/latex/svg\svg.sty
Package: svg 2020/11/26 v2.02k (include SVG pictures)

(C:\Users\Askeladd\AppData\Roaming\MiKTeX\tex/latex/koma-script\scrbase.sty
Package: scrbase 2025/09/09 v3.48 KOMA-Script package (KOMA-Script-independent 
basics and keyval usage)

(C:\Users\Askeladd\AppData\Roaming\MiKTeX\tex/latex/koma-script\scrlfile.sty
Package: scrlfile 2025/09/09 v3.48 KOMA-Script package (file load hooks)

(C:\Users\Askeladd\AppData\Roaming\MiKTeX\tex/latex/koma-script\scrlfile-hook.s
ty
Package: scrlfile-hook 2025/09/09 v3.48 KOMA-Script package (using LaTeX hooks)

 (C:\Users\Askeladd\AppData\Roaming\MiKTeX\tex/latex/koma-script\scrlogo.sty
Package: scrlogo 2025/09/09 v3.48 KOMA-Script package (logo)
)))
Applying: [2021/05/01] Usage of raw or classic option list on input line 254.
Already applied: [0000/00/00] Usage of raw or classic option list on input line
 370.
)
(C:\Users\Askeladd\AppData\Local\Programs\MiKTeX\tex/generic/pdftexcmds\pdftexc
mds.sty
Package: pdftexcmds 2020-06-27 v0.33 Utility functions of pdfTeX for LuaTeX (HO
)

(C:\Users\Askeladd\AppData\Roaming\MiKTeX\tex/generic/infwarerr\infwarerr.sty
Package: infwarerr 2019/12/03 v1.5 Providing info/warning/error messages (HO)
)
(C:\Users\Askeladd\AppData\Roaming\MiKTeX\tex/generic/ltxcmds\ltxcmds.sty
Package: ltxcmds 2023-12-04 v1.26 LaTeX kernel commands for general use (HO)
)
Package pdftexcmds Info: \pdf@primitive is available.
Package pdftexcmds Info: \pdf@ifprimitive is available.
Package pdftexcmds Info: \pdfdraftmode found.
)
(C:\Users\Askeladd\AppData\Local\Programs\MiKTeX\tex/latex/trimspaces\trimspace
s.sty
Package: trimspaces 2009/09/17 v1.1 Trim spaces around a token list
)
(C:\Users\Askeladd\AppData\Local\Programs\MiKTeX\tex/latex/tools\shellesc.sty
Package: shellesc 2023/07/08 v1.0d unified shell escape interface for LaTeX
Package shellesc Info: Restricted shell escape enabled on input line 77.
)
\c@svg@param@lastpage=\count319
\svg@box=\box63
\c@svg@param@currpage=\count320
)
(C:\Users\Askeladd\AppData\Local\Programs\MiKTeX\tex/latex/transparent\transpar
ent.sty
Package: transparent 2025-06-23 v1.6 Transparency with color stacks

(C:\Users\Askeladd\AppData\Local\Programs\MiKTeX\tex/latex/transparent\transpar
ent-nometadata.sty
Package: transparent-nometadata 2025-06-23 v1.6 Transparency via pdfTeX's color
 stack (HO)

(C:\Users\Askeladd\AppData\Roaming\MiKTeX\tex/latex/auxhook\auxhook.sty
Package: auxhook 2019-12-17 v1.6 Hooks for auxiliary files (HO)
)))
(C:\Users\Askeladd\AppData\Local\Programs\MiKTeX\tex/latex/pgf/systemlayer\pgfs
ys.sty
(C:\Users\Askeladd\AppData\Local\Programs\MiKTeX\tex/latex/pgf/utilities\pgfrcs
.sty
(C:\Users\Askeladd\AppData\Local\Programs\MiKTeX\tex/generic/pgf/utilities\pgfu
til-common.tex
\pgfutil@everybye=\toks36
\pgfutil@tempdima=\dimen256
\pgfutil@tempdimb=\dimen257
)
(C:\Users\Askeladd\AppData\Local\Programs\MiKTeX\tex/generic/pgf/utilities\pgfu
til-latex.def
\pgfutil@abb=\box64
)
(C:\Users\Askeladd\AppData\Local\Programs\MiKTeX\tex/generic/pgf/utilities\pgfr
cs.code.tex
(C:\Users\Askeladd\AppData\Local\Programs\MiKTeX\tex/generic/pgf\pgf.revision.t
ex)
Package: pgfrcs 2025-08-29 v3.1.11a (3.1.11a)
))
(C:\Users\Askeladd\AppData\Local\Programs\MiKTeX\tex/generic/pgf/systemlayer\pg
fsys.code.tex
Package: pgfsys 2025-08-29 v3.1.11a (3.1.11a)

(C:\Users\Askeladd\AppData\Local\Programs\MiKTeX\tex/generic/pgf/utilities\pgfk
eys.code.tex
\pgfkeys@pathtoks=\toks37
\pgfkeys@temptoks=\toks38

(C:\Users\Askeladd\AppData\Local\Programs\MiKTeX\tex/generic/pgf/utilities\pgfk
eyslibraryfiltered.code.tex
\pgfkeys@tmptoks=\toks39
))
\pgf@x=\dimen258
\pgf@y=\dimen259
\pgf@xa=\dimen260
\pgf@ya=\dimen261
\pgf@xb=\dimen262
\pgf@yb=\dimen263
\pgf@xc=\dimen264
\pgf@yc=\dimen265
\pgf@xd=\dimen266
\pgf@yd=\dimen267
\w@pgf@writea=\write3
\r@pgf@reada=\read2
\c@pgf@counta=\count321
\c@pgf@countb=\count322
\c@pgf@countc=\count323
\c@pgf@countd=\count324
\t@pgf@toka=\toks40
\t@pgf@tokb=\toks41
\t@pgf@tokc=\toks42
\pgf@sys@id@count=\count325

(C:\Users\Askeladd\AppData\Local\Programs\MiKTeX\tex/generic/pgf/systemlayer\pg
f.cfg
File: pgf.cfg 2025-08-29 v3.1.11a (3.1.11a)
)
Driver file for pgf: pgfsys-pdftex.def

(C:\Users\Askeladd\AppData\Local\Programs\MiKTeX\tex/generic/pgf/systemlayer\pg
fsys-pdftex.def
File: pgfsys-pdftex.def 2025-08-29 v3.1.11a (3.1.11a)

(C:\Users\Askeladd\AppData\Local\Programs\MiKTeX\tex/generic/pgf/systemlayer\pg
fsys-common-pdf.def
File: pgfsys-common-pdf.def 2025-08-29 v3.1.11a (3.1.11a)
)))
(C:\Users\Askeladd\AppData\Local\Programs\MiKTeX\tex/generic/pgf/systemlayer\pg
fsyssoftpath.code.tex
File: pgfsyssoftpath.code.tex 2025-08-29 v3.1.11a (3.1.11a)
\pgfsyssoftpath@smallbuffer@items=\count326
\pgfsyssoftpath@bigbuffer@items=\count327
)
(C:\Users\Askeladd\AppData\Local\Programs\MiKTeX\tex/generic/pgf/systemlayer\pg
fsysprotocol.code.tex
File: pgfsysprotocol.code.tex 2025-08-29 v3.1.11a (3.1.11a)
))
(C:\Users\Askeladd\AppData\Local\Programs\MiKTeX\tex/latex/hyperref\hyperref.st
y
Package: hyperref 2025-07-12 v7.01o Hypertext links for LaTeX
 (C:\Users\Askeladd\AppData\Roaming\MiKTeX\tex/latex/kvsetkeys\kvsetkeys.sty
Package: kvsetkeys 2022-10-05 v1.19 Key value parser (HO)
)
(C:\Users\Askeladd\AppData\Roaming\MiKTeX\tex/generic/kvdefinekeys\kvdefinekeys
.sty
Package: kvdefinekeys 2019-12-19 v1.6 Define keys (HO)
)
(C:\Users\Askeladd\AppData\Roaming\MiKTeX\tex/generic/pdfescape\pdfescape.sty
Package: pdfescape 2019/12/09 v1.15 Implements pdfTeX's escape features (HO)
)
(C:\Users\Askeladd\AppData\Roaming\MiKTeX\tex/latex/hycolor\hycolor.sty
Package: hycolor 2020-01-27 v1.10 Color options for hyperref/bookmark (HO)
)
(C:\Users\Askeladd\AppData\Local\Programs\MiKTeX\tex/latex/hyperref\nameref.sty
Package: nameref 2025-06-21 v2.57 Cross-referencing by name of section
(C:\Users\Askeladd\AppData\Roaming\MiKTeX\tex/latex/refcount\refcount.sty
Package: refcount 2019/12/15 v3.6 Data extraction from label references (HO)
)
(C:\Users\Askeladd\AppData\Roaming\MiKTeX\tex/generic/gettitlestring\gettitlest
ring.sty
Package: gettitlestring 2019/12/15 v1.6 Cleanup title references (HO)

(C:\Users\Askeladd\AppData\Roaming\MiKTeX\tex/latex/kvoptions\kvoptions.sty
Package: kvoptions 2022-06-15 v3.15 Key value format for package options (HO)
))
\c@section@level=\count328
)
(C:\Users\Askeladd\AppData\Roaming\MiKTeX\tex/generic/stringenc\stringenc.sty
Package: stringenc 2019/11/29 v1.12 Convert strings between diff. encodings (HO
)
)
\@linkdim=\dimen268
\Hy@linkcounter=\count329
\Hy@pagecounter=\count330

(C:\Users\Askeladd\AppData\Local\Programs\MiKTeX\tex/latex/hyperref\pd1enc.def
File: pd1enc.def 2025-07-12 v7.01o Hyperref: PDFDocEncoding definition (HO)
Now handling font encoding PD1 ...
... no UTF-8 mapping file for font encoding PD1
) (C:\Users\Askeladd\AppData\Roaming\MiKTeX\tex/generic/intcalc\intcalc.sty
Package: intcalc 2019/12/15 v1.3 Expandable calculations with integers (HO)
)
\Hy@SavedSpaceFactor=\count331

(C:\Users\Askeladd\AppData\Local\Programs\MiKTeX\tex/latex/hyperref\puenc.def
File: puenc.def 2025-07-12 v7.01o Hyperref: PDF Unicode definition (HO)
Now handling font encoding PU ...
... no UTF-8 mapping file for font encoding PU
)
Package hyperref Info: Option `colorlinks' set `true' on input line 4066.
Package hyperref Info: Hyper figures OFF on input line 4195.
Package hyperref Info: Link nesting OFF on input line 4200.
Package hyperref Info: Hyper index ON on input line 4203.
Package hyperref Info: Plain pages OFF on input line 4210.
Package hyperref Info: Backreferencing OFF on input line 4215.
Package hyperref Info: Implicit mode ON; LaTeX internals redefined.
Package hyperref Info: Bookmarks ON on input line 4462.
\c@Hy@tempcnt=\count332

(C:\Users\Askeladd\AppData\Local\Programs\MiKTeX\tex/latex/url\url.sty
\Urlmuskip=\muskip18
Package: url 2013/09/16  ver 3.4  Verb mode for urls, etc.
)
LaTeX Info: Redefining \url on input line 4801.
\XeTeXLinkMargin=\dimen269

(C:\Users\Askeladd\AppData\Roaming\MiKTeX\tex/generic/bitset\bitset.sty
Package: bitset 2019/12/09 v1.3 Handle bit-vector datatype (HO)

(C:\Users\Askeladd\AppData\Roaming\MiKTeX\tex/generic/bigintcalc\bigintcalc.sty
Package: bigintcalc 2019/12/15 v1.5 Expandable calculations on big integers (HO
)
))
\Fld@menulength=\count333
\Field@Width=\dimen270
\Fld@charsize=\dimen271
Package hyperref Info: Hyper figures OFF on input line 6078.
Package hyperref Info: Link nesting OFF on input line 6083.
Package hyperref Info: Hyper index ON on input line 6086.
Package hyperref Info: backreferencing OFF on input line 6093.
Package hyperref Info: Link coloring ON on input line 6096.
Package hyperref Info: Link coloring with OCG OFF on input line 6103.
Package hyperref Info: PDF/A mode OFF on input line 6108.
\Hy@abspage=\count334
\c@Item=\count335
\c@Hfootnote=\count336
)
Package hyperref Info: Driver (autodetected): hpdftex.

(C:\Users\Askeladd\AppData\Local\Programs\MiKTeX\tex/latex/hyperref\hpdftex.def
File: hpdftex.def 2025-07-12 v7.01o Hyperref driver for pdfTeX
\Fld@listcount=\count337
\c@bookmark@seq@number=\count338

(C:\Users\Askeladd\AppData\Roaming\MiKTeX\tex/latex/rerunfilecheck\rerunfileche
ck.sty
Package: rerunfilecheck 2025-06-21 v1.11 Rerun checks for auxiliary files (HO)

(C:\Users\Askeladd\AppData\Roaming\MiKTeX\tex/generic/uniquecounter\uniquecount
er.sty
Package: uniquecounter 2019/12/15 v1.4 Provide unlimited unique counter (HO)
)
Package uniquecounter Info: New unique counter `rerunfilecheck' on input line 2
84.
)
\Hy@SectionHShift=\skip75
)
   defining Unicode char U+2013 (decimal 8211)
   defining Unicode char U+2014 (decimal 8212)
   defining Unicode char U+00D7 (decimal 215)
   defining Unicode char U+223C (decimal 8764)
   defining Unicode char U+2248 (decimal 8776)
   defining Unicode char U+2192 (decimal 8594)
   defining Unicode char U+00B0 (decimal 176)
LaTeX Font Info:    Trying to load font information for T1+lmr on input line 62
.

(C:\Users\Askeladd\AppData\Local\Programs\MiKTeX\tex/latex/lm\t1lmr.fd
File: t1lmr.fd 2015/05/01 v1.6.1 Font defs for Latin Modern
)
(C:\Users\Askeladd\AppData\Local\Programs\MiKTeX\tex/latex/l3backend\l3backend-
pdftex.def
File: l3backend-pdftex.def 2025-10-09 L3 backend support: PDF output (pdfTeX)
\l__color_backend_stack_int=\count339
) (d11.aux)
\openout1 = `d11.aux'.

LaTeX Font Info:    Checking defaults for OML/cmm/m/it on input line 62.
LaTeX Font Info:    ... okay on input line 62.
LaTeX Font Info:    Checking defaults for OMS/cmsy/m/n on input line 62.
LaTeX Font Info:    ... okay on input line 62.
LaTeX Font Info:    Checking defaults for OT1/cmr/m/n on input line 62.
LaTeX Font Info:    ... okay on input line 62.
LaTeX Font Info:    Checking defaults for T1/cmr/m/n on input line 62.
LaTeX Font Info:    ... okay on input line 62.
LaTeX Font Info:    Checking defaults for TS1/cmr/m/n on input line 62.
LaTeX Font Info:    ... okay on input line 62.
LaTeX Font Info:    Checking defaults for OMX/cmex/m/n on input line 62.
LaTeX Font Info:    ... okay on input line 62.
LaTeX Font Info:    Checking defaults for U/cmr/m/n on input line 62.
LaTeX Font Info:    ... okay on input line 62.
LaTeX Font Info:    Checking defaults for PD1/pdf/m/n on input line 62.
LaTeX Font Info:    ... okay on input line 62.
LaTeX Font Info:    Checking defaults for PU/pdf/m/n on input line 62.
LaTeX Font Info:    ... okay on input line 62.

(C:\Users\Askeladd\AppData\Local\Programs\MiKTeX\tex/context/base/mkii\supp-pdf
.mkii
[Loading MPS to PDF converter (version 2006.09.02).]
\scratchcounter=\count340
\scratchdimen=\dimen272
\scratchbox=\box65
\nofMPsegments=\count341
\nofMParguments=\count342
\everyMPshowfont=\toks43
\MPscratchCnt=\count343
\MPscratchDim=\dimen273
\MPnumerator=\count344
\makeMPintoPDFobject=\count345
\everyMPtoPDFconversion=\toks44
)
(C:\Users\Askeladd\AppData\Local\Programs\MiKTeX\tex/latex/epstopdf-pkg\epstopd
f-base.sty
Package: epstopdf-base 2020-01-24 v2.11 Base part for package epstopdf
Package epstopdf-base Info: Redefining graphics rule for `.eps' on input line 4
85.

(C:\Users\Askeladd\AppData\Local\Programs\MiKTeX\tex/latex/00miktex\epstopdf-sy
s.cfg
File: epstopdf-sys.cfg 2021/03/18 v2.0 Configuration of epstopdf for MiKTeX
))
*geometry* driver: auto-detecting
*geometry* detected driver: pdftex
*geometry* verbose mode - [ preamble ] result:
* driver: pdftex
* paper: a4paper
* layout: <same size as paper>
* layoutoffset:(h,v)=(0.0pt,0.0pt)
* modes: 
* h-part:(L,W,R)=(85.35826pt, 469.47049pt, 42.67912pt)
* v-part:(T,H,B)=(56.9055pt, 731.23584pt, 56.9055pt)
* \paperwidth=597.50787pt
* \paperheight=845.04684pt
* \textwidth=469.47049pt
* \textheight=731.23584pt
* \oddsidemargin=13.08827pt
* \evensidemargin=13.08827pt
* \topmargin=-52.36449pt
* \headheight=12.0pt
* \headsep=25.0pt
* \topskip=12.0pt
* \footskip=30.0pt
* \marginparwidth=35.0pt
* \marginparsep=10.0pt
* \columnsep=10.0pt
* \skip\footins=10.8pt plus 4.0pt minus 2.0pt
* \hoffset=0.0pt
* \voffset=0.0pt
* \mag=1000
* \@twocolumnfalse
* \@twosidefalse
* \@mparswitchfalse
* \@reversemarginfalse
* (1in=72.27pt=25.4mm, 1cm=28.453pt)

Package caption Info: Begin \AtBeginDocument code.
Package caption Info: hyperref package is loaded.
Package caption Info: End \AtBeginDocument code.

(C:\Users\Askeladd\AppData\Local\Programs\MiKTeX\tex/latex/pdflscape\pdflscape.
sty
Package: pdflscape 2022-10-27 v0.13 Display of landscape pages in PDF

(C:\Users\Askeladd\AppData\Local\Programs\MiKTeX\tex/latex/pdflscape\pdflscape-
nometadata.sty
Package: pdflscape-nometadata 2022-10-28 v0.13 Display of landscape pages in PD
F (HO)

(C:\Users\Askeladd\AppData\Local\Programs\MiKTeX\tex/latex/graphics\lscape.sty
Package: lscape 2020/05/28 v3.02 Landscape Pages (DPC)
)
Package pdflscape Info: Auto-detected driver: pdftex on input line 81.
))
LaTeX Info: Redefining \microtypecontext on input line 62.
Package microtype Info: Applying patch `item' on input line 62.
Package microtype Info: Applying patch `toc' on input line 62.
Package microtype Info: Applying patch `eqnum' on input line 62.
Package microtype Info: Applying patch `footnote' on input line 62.
Package microtype Info: Applying patch `verbatim' on input line 62.
LaTeX Info: Redefining \microtypesetup on input line 62.
Package microtype Info: Generating PDF output.
Package microtype Info: Character protrusion enabled (level 2).
Package microtype Info: Using default protrusion set `alltext'.
Package microtype Info: Automatic font expansion enabled (level 2),
(microtype)             stretch: 20, shrink: 20, step: 1, non-selected.
Package microtype Info: Using default expansion set `alltext-nott'.
Package microtype Info: Patching command `\showhyphens'.
Package microtype Info: No adjustment of tracking.
Package microtype Info: No adjustment of interword spacing.
Package microtype Info: No adjustment of character kerning.

(C:\Users\Askeladd\AppData\Local\Programs\MiKTeX\tex/latex/microtype\mt-cmr.cfg
File: mt-cmr.cfg 2013/05/19 v2.2 microtype config. file: Computer Modern Roman 
(RS)
)
Package hyperref Info: Link coloring ON on input line 62.
 (d11.out) (d11.out)
\@outlinefile=\write4
\openout4 = `d11.out'.

LaTeX Font Info:    Trying to load font information for OT1+lmr on input line 6
7.

(C:\Users\Askeladd\AppData\Local\Programs\MiKTeX\tex/latex/lm\ot1lmr.fd
File: ot1lmr.fd 2015/05/01 v1.6.1 Font defs for Latin Modern
)
LaTeX Font Info:    Trying to load font information for OML+lmm on input line 6
7.

(C:\Users\Askeladd\AppData\Local\Programs\MiKTeX\tex/latex/lm\omllmm.fd
File: omllmm.fd 2015/05/01 v1.6.1 Font defs for Latin Modern
)
LaTeX Font Info:    Trying to load font information for OMS+lmsy on input line 
67.

(C:\Users\Askeladd\AppData\Local\Programs\MiKTeX\tex/latex/lm\omslmsy.fd
File: omslmsy.fd 2015/05/01 v1.6.1 Font defs for Latin Modern
)
LaTeX Font Info:    Trying to load font information for OMX+lmex on input line 
67.

(C:\Users\Askeladd\AppData\Local\Programs\MiKTeX\tex/latex/lm\omxlmex.fd
File: omxlmex.fd 2015/05/01 v1.6.1 Font defs for Latin Modern
)
LaTeX Font Info:    External font `lmex10' loaded for size
(Font)              <14.4> on input line 67.
LaTeX Font Info:    External font `lmex10' loaded for size
(Font)              <10> on input line 67.
LaTeX Font Info:    External font `lmex10' loaded for size
(Font)              <7> on input line 67.
LaTeX Font Info:    Trying to load font information for U+msa on input line 67.


(C:\Users\Askeladd\AppData\Local\Programs\MiKTeX\tex/latex/amsfonts\umsa.fd
File: umsa.fd 2013/01/14 v3.01 AMS symbols A
)
(C:\Users\Askeladd\AppData\Local\Programs\MiKTeX\tex/latex/microtype\mt-msa.cfg
File: mt-msa.cfg 2006/02/04 v1.1 microtype config. file: AMS symbols (a) (RS)
)
LaTeX Font Info:    Trying to load font information for U+msb on input line 67.

 (C:\Users\Askeladd\AppData\Local\Programs\MiKTeX\tex/latex/amsfonts\umsb.fd
File: umsb.fd 2013/01/14 v3.01 AMS symbols B
)
(C:\Users\Askeladd\AppData\Local\Programs\MiKTeX\tex/latex/microtype\mt-msb.cfg
File: mt-msb.cfg 2005/06/01 v1.0 microtype config. file: AMS symbols (b) (RS)
) [1

{C:/Users/Askeladd/AppData/Local/MiKTeX/fonts/map/pdftex/pdftex.map}{C:/Users/A
skeladd/AppData/Local/Programs/MiKTeX/fonts/enc/dvips/lm/lm-ec.enc}]

LaTeX Warning: Citation `siciliano2009robotics' on page  undefined on input lin
e 75.

LaTeX Font Info:    External font `lmex10' loaded for size
(Font)              <12> on input line 77.
LaTeX Font Info:    External font `lmex10' loaded for size
(Font)              <8> on input line 77.
LaTeX Font Info:    External font `lmex10' loaded for size
(Font)              <6> on input line 77.

pdfTeX warning (ext4): destination with the same identifier (name{page.}) has b
een already used, duplicate ignored
<to be read again> 
                   \relax 
l.81 T
      his thesis provides four primary contributions: (1) formal benchmarkin...
[1


{C:/Users/Askeladd/AppData/Local/Programs/MiKTeX/fonts/enc/dvips/lm/lm-mathsy.e
nc}]
pdfTeX warning (ext4): destination with the same identifier (name{page.}) has b
een already used, duplicate ignored
<to be read again> 
                   \relax 
l.83 \clearpage
                [2]
LaTeX Font Info:    Trying to load font information for T1+lmtt on input line 1
01.

(C:\Users\Askeladd\AppData\Local\Programs\MiKTeX\tex/latex/lm\t1lmtt.fd
File: t1lmtt.fd 2015/05/01 v1.6.1 Font defs for Latin Modern
)
Package microtype Info: Loading generic protrusion settings for font family
(microtype)             `lmtt' (encoding: T1).
(microtype)             For optimal results, create family-specific settings.
(microtype)             See the microtype manual for details.

pdfTeX warning (ext4): destination with the same identifier (name{page.}) has b
een already used, duplicate ignored
<to be read again> 
                   \relax 
l.102 
       [3


]
pdfTeX warning (ext4): destination with the same identifier (name{page.}) has b
een already used, duplicate ignored
<to be read again> 
                   \relax 
l.103 \clearpage
                 [4] (d11.toc
pdfTeX warning (ext4): destination with the same identifier (name{page.}) has b
een already used, duplicate ignored
<to be read again> 
                   \relax 
l.30 ...nment Configuration}{11}{subsection.2.1.1}
                                                  % [5


]
pdfTeX warning (ext4): destination with the same identifier (name{page.}) has b
een already used, duplicate ignored
<to be read again> 
                   \relax 
l.104 ...houette Prediction}{36}{subsection.3.5.1}
                                                  % [6]
pdfTeX warning (ext4): destination with the same identifier (name{page.}) has b
een already used, duplicate ignored
<to be read again> 
                   \relax 
l.144 ... Structural Damage}{53}{subsection.4.7.4}
                                                  % [7]
pdfTeX warning (ext4): destination with the same identifier (name{page.}) has b
een already used, duplicate ignored
<to be read again> 
                   \relax 
l.186 ...s the Prerequisite}{67}{subsection.6.2.1}
                                                  % [8])
\tf@toc=\write5
\openout5 = `d11.toc'.


pdfTeX warning (ext4): destination with the same identifier (name{page.}) has b
een already used, duplicate ignored
<to be read again> 
                   \relax 
l.106 \clearpage
                 [9] (d11.lof
pdfTeX warning (ext4): destination with the same identifier (name{page.}) has b
een already used, duplicate ignored
<to be read again> 
                   \relax 
l.20 ...Hz control loops.}}{66}{figure.caption.65}
                                                  % [10


{C:/Users/Askeladd/AppData/Local/Programs/MiKTeX/fonts/enc/dvips/lm/lm-mathit.e
nc}{C:/Users/Askeladd/AppData/Local/Programs/MiKTeX/fonts/enc/dvips/lm/lm-rm.en
c}])
\tf@lof=\write6
\openout6 = `d11.lof'.


pdfTeX warning (ext4): destination with the same identifier (name{page.}) has b
een already used, duplicate ignored
<to be read again> 
                   \relax 
l.109 \clearpage
                 [11] (d11.lot)
\tf@lot=\write7
\openout7 = `d11.lot'.


pdfTeX warning (ext4): destination with the same identifier (name{page.}) has b
een already used, duplicate ignored
<to be read again> 
                   \relax 
l.112 \clearpage
                 [12


]
Chapter 1.

LaTeX Warning: Citation `siciliano2009robotics' on page 1 undefined on input li
ne 128.


LaTeX Warning: Citation `rezvani2024robust' on page 1 undefined on input line 1
37.

[1


]

LaTeX Warning: Citation `siciliano2009robotics' on page 2 undefined on input li
ne 144.

<figures/timeline_self_modeling.pdf, id=1027, 374.9508pt x 76.22478pt>
File: figures/timeline_self_modeling.pdf Graphic file (type pdf)
<use figures/timeline_self_modeling.pdf>
Package pdftex.def Info: figures/timeline_self_modeling.pdf  used on input line
 150.
(pdftex.def)             Requested size: 445.99553pt x 90.6702pt.

LaTeX Warning: Reference `fig:timeline_intro' on page 2 undefined on input line
 158.


LaTeX Warning: Citation `mouret2015illuminating' on page 2 undefined on input l
ine 172.


LaTeX Warning: Citation `kwiatkowski2019zeroshot' on page 2 undefined on input 
line 181.


LaTeX Warning: Citation `hu2024reconfigurable' on page 2 undefined on input lin
e 188.


LaTeX Warning: Citation `farghdani2025robust' on page 2 undefined on input line
 188.


LaTeX Warning: Citation `hu2024reconfigurable' on page 2 undefined on input lin
e 190.


LaTeX Warning: Citation `farghdani2025robust' on page 2 undefined on input line
 190.


LaTeX Warning: Citation `dogra2022unified' on page 2 undefined on input line 19
0.


LaTeX Warning: Citation `xu2026antenna' on page 2 undefined on input line 190.


LaTeX Warning: Citation `yu2026kinematicself' on page 2 undefined on input line
 190.


LaTeX Warning: Citation `siciliano2009robotics' on page 2 undefined on input li
ne 211.


LaTeX Warning: Reference `tab:control_loop_latency' on page 2 undefined on inpu
t line 211.


! LaTeX Error: Environment tabularlc undefined.

See the LaTeX manual or LaTeX Companion for explanation.
Type  H <return>  for immediate help.
 ...                                              
                                                  
l.228 }
       
Your command was ignored.
Type  I <command> <return>  to replace it with another command,
or  <return>  to continue without it.

! Misplaced \noalign.
\toprule ->\noalign 
                    {\ifnum 0=`}\fi \@aboverulesep =\abovetopsep \global \@b...
l.228 }
       
I expect to see \noalign only after the \cr of
an alignment. Proceed, and I'll ignore this case.

! Missing } inserted.
<inserted text> 
                }
l.228 }
       
I've inserted something that you may have forgotten.
(See the <inserted text> above.)
With luck, this will get me unwedged. But if you
really didn't forget anything, try typing `2' now; then
my insertion and my current dilemma will both disappear.

! Missing \endgroup inserted.
<inserted text> 
                \endgroup 
l.228 }
       
I've inserted something that you may have forgotten.
(See the <inserted text> above.)
With luck, this will get me unwedged. But if you
really didn't forget anything, try typing `2' now; then
my insertion and my current dilemma will both disappear.

! Missing \endgroup inserted.
<inserted text> 
                \endgroup 
l.228 }
       
I've inserted something that you may have forgotten.
(See the <inserted text> above.)
With luck, this will get me unwedged. But if you
really didn't forget anything, try typing `2' now; then
my insertion and my current dilemma will both disappear.

! Missing } inserted.
<inserted text> 
                }
l.228 }
       
I've inserted something that you may have forgotten.
(See the <inserted text> above.)
With luck, this will get me unwedged. But if you
really didn't forget anything, try typing `2' now; then
my insertion and my current dilemma will both disappear.

! Undefined control sequence.
\@BTrule ...\doublerulesep \fi \fi \fi \@BTswitch 
                                                  
l.228 }
       
The control sequence at the end of the top line
of your error message was never \def'ed. If you have
misspelled it (e.g., `\hobx'), type `I' and the correct
spelling (e.g., `I\hbox'). Otherwise just continue,
and I'll forget about whatever was undefined.

! Misplaced alignment tab character &.
<argument> ...c} \toprule \textbf {Control Type} &
                                                   \textbf {Frequency} & \te...
l.228 }
       
I can't figure out why you would want to use a tab mark
here. If you just want an ampersand, the remedy is
simple: Just type `I\&' now. But if some right brace
up above has ended a previous alignment prematurely,
you're probably due for more error messages, and you
might try typing `S' now just to see what is salvageable.

! Misplaced alignment tab character &.
<argument> ...ontrol Type} & \textbf {Frequency} &
                                                   \textbf {Max Latency (ms)...
l.228 }
       
I can't figure out why you would want to use a tab mark
here. If you just want an ampersand, the remedy is
simple: Just type `I\&' now. But if some right brace
up above has ended a previous alignment prematurely,
you're probably due for more error messages, and you
might try typing `S' now just to see what is salvageable.

! Misplaced \noalign.
\midrule ->\noalign 
                    {\ifnum 0=`}\fi \@aboverulesep =\aboverulesep \global \@...
l.228 }
       
I expect to see \noalign only after the \cr of
an alignment. Proceed, and I'll ignore this case.

! Misplaced alignment tab character &.
<argument> ...\ \midrule Force/Impedance Control &
                                                   1 kHz & 1.0 \\ Compliant ...
l.228 }
       
I can't figure out why you would want to use a tab mark
here. If you just want an ampersand, the remedy is
simple: Just type `I\&' now. But if some right brace
up above has ended a previous alignment prematurely,
you're probably due for more error messages, and you
might try typing `S' now just to see what is salvageable.

! Misplaced alignment tab character &.
<argument> ...le Force/Impedance Control & 1 kHz &
                                                   1.0 \\ Compliant Manipula...
l.228 }
       
I can't figure out why you would want to use a tab mark
here. If you just want an ampersand, the remedy is
simple: Just type `I\&' now. But if some right brace
up above has ended a previous alignment prematurely,
you're probably due for more error messages, and you
might try typing `S' now just to see what is salvageable.

! Misplaced alignment tab character &.
<argument> ...Hz & 1.0 \\ Compliant Manipulation &
                                                   500 Hz & 2.0 \\ Visual Se...
l.228 }
       
I can't figure out why you would want to use a tab mark
here. If you just want an ampersand, the remedy is
simple: Just type `I\&' now. But if some right brace
up above has ended a previous alignment prematurely,
you're probably due for more error messages, and you
might try typing `S' now just to see what is salvageable.

! Misplaced alignment tab character &.
<argument> ...\\ Compliant Manipulation & 500 Hz &
                                                   2.0 \\ Visual Servoing & ...
l.228 }
       
I can't figure out why you would want to use a tab mark
here. If you just want an ampersand, the remedy is
simple: Just type `I\&' now. But if some right brace
up above has ended a previous alignment prematurely,
you're probably due for more error messages, and you
might try typing `S' now just to see what is salvageable.

! Misplaced alignment tab character &.
<argument> ... & 500 Hz & 2.0 \\ Visual Servoing &
                                                   30--100 Hz & 10.0--33.3 \...
l.228 }
       
I can't figure out why you would want to use a tab mark
here. If you just want an ampersand, the remedy is
simple: Just type `I\&' now. But if some right brace
up above has ended a previous alignment prematurely,
you're probably due for more error messages, and you
might try typing `S' now just to see what is salvageable.

! Misplaced alignment tab character &.
<argument> ....0 \\ Visual Servoing & 30--100 Hz &
                                                   10.0--33.3 \\ Offline Dia...
l.228 }
       
I can't figure out why you would want to use a tab mark
here. If you just want an ampersand, the remedy is
simple: Just type `I\&' now. But if some right brace
up above has ended a previous alignment prematurely,
you're probably due for more error messages, and you
might try typing `S' now just to see what is salvageable.

! Misplaced alignment tab character &.
<argument> ... 10.0--33.3 \\ Offline Diagnostics &
                                                   <10 Hz & >100.0 \\ \botto...
l.228 }
       
I can't figure out why you would want to use a tab mark
here. If you just want an ampersand, the remedy is
simple: Just type `I\&' now. But if some right brace
up above has ended a previous alignment prematurely,
you're probably due for more error messages, and you
might try typing `S' now just to see what is salvageable.

! Misplaced alignment tab character &.
<argument> ....3 \\ Offline Diagnostics & <10 Hz &
                                                   >100.0 \\ \bottomrule \en...
l.228 }
       
I can't figure out why you would want to use a tab mark
here. If you just want an ampersand, the remedy is
simple: Just type `I\&' now. But if some right brace
up above has ended a previous alignment prematurely,
you're probably due for more error messages, and you
might try typing `S' now just to see what is salvageable.

! Misplaced \noalign.
\bottomrule ->\noalign 
                       {\ifnum 0=`}\fi \@aboverulesep =\aboverulesep \global...
l.228 }
       
I expect to see \noalign only after the \cr of
an alignment. Proceed, and I'll ignore this case.


! LaTeX Error: \begin{table} on input line 213 ended by \end{tabularlc}.

See the LaTeX manual or LaTeX Companion for explanation.
Type  H <return>  for immediate help.
 ...                                              
                                                  
l.228 }
       
Your command was ignored.
Type  I <command> <return>  to replace it with another command,
or  <return>  to continue without it.

! Missing } inserted.
<inserted text> 
                }
l.228 }
       
I've inserted something that you may have forgotten.
(See the <inserted text> above.)
With luck, this will get me unwedged. But if you
really didn't forget anything, try typing `2' now; then
my insertion and my current dilemma will both disappear.


! Package graphics Error: Division by 0.

See the graphics package documentation for explanation.
Type  H <return>  for immediate help.
 ...                                              
                                                  
l.228 }
       
Your command was ignored.
Type  I <command> <return>  to replace it with another command,
or  <return>  to continue without it.


! LaTeX Error: \begin{figure} on input line 148 ended by \end{table}.

See the LaTeX manual or LaTeX Companion for explanation.
Type  H <return>  for immediate help.
 ...                                              
                                                  
l.229 \end{table}
                 
Your command was ignored.
Type  I <command> <return>  to replace it with another command,
or  <return>  to continue without it.

[2]

LaTeX Warning: Citation `mildenhall2020nerf' on page 3 undefined on input line 
238.


LaTeX Warning: Citation `muller2022instant' on page 3 undefined on input line 2
38.


LaTeX Warning: Citation `barron2021mip' on page 3 undefined on input line 238.


LaTeX Warning: Citation `pumarola2021d' on page 3 undefined on input line 238.


LaTeX Warning: Citation `kerbl20233d' on page 3 undefined on input line 240.


LaTeX Warning: Citation `grossberg1987competitive' on page 3 undefined on input
 line 245.


LaTeX Warning: Citation `mccloskey1989catastrophic' on page 3 undefined on inpu
t line 247.


LaTeX Warning: Citation `french1999catastrophic' on page 3 undefined on input l
ine 247.


LaTeX Warning: Citation `kirkpatrick2017overcoming' on page 3 undefined on inpu
t line 247.


LaTeX Warning: Citation `kirkpatrick2017overcoming' on page 3 undefined on inpu
t line 249.


LaTeX Warning: Citation `mocanu2018scalable' on page 3 undefined on input line 
249.


LaTeX Warning: Citation `frankle2018lottery' on page 3 undefined on input line 
249.

[3]

LaTeX Warning: Citation `jiang2024digitaltwin' on page 4 undefined on input lin
e 254.


LaTeX Warning: Citation `mari2024digitaltwin' on page 4 undefined on input line
 254.


LaTeX Warning: Citation `sun2026digitaltwin' on page 4 undefined on input line 
256.


LaTeX Warning: Citation `murugesan2024digitaltwin' on page 4 undefined on input
 line 256.

<figures/sim2real_digital_twin.pdf, id=1053, 379.43756pt x 175.09415pt>
File: figures/sim2real_digital_twin.pdf Graphic file (type pdf)
<use figures/sim2real_digital_twin.pdf>
Package pdftex.def Info: figures/sim2real_digital_twin.pdf  used on input line 
260.
(pdftex.def)             Requested size: 445.99553pt x 205.82379pt.
[4 <./figures/sim2real_digital_twin.pdf>]

LaTeX Warning: Citation `aljalbout2026realitygap' on page 5 undefined on input 
line 267.


LaTeX Warning: Citation `rezvani2024robust' on page 5 undefined on input line 2
69.


LaTeX Warning: Citation `qiu2024swim2real' on page 5 undefined on input line 26
9.


LaTeX Warning: Citation `lim2025splat2real' on page 5 undefined on input line 2
69.

[5] [6]

LaTeX Warning: Citation `matsuki2024gaussian' on page 7 undefined on input line
 315.


LaTeX Warning: Citation `keetha2024splattam' on page 7 undefined on input line 
315.

[7] [8] [9]
Overfull \hbox (8.52457pt too wide) in paragraph at lines 380--381
[]\T1/lmr/m/n/12 (-20) Chapter 4 for-mally in-tro-duces the core tech-ni-cal in
novation---the Neu-roKin architecture---
 []

[10]
Chapter 2.
LaTeX Font Info:    Trying to load font information for TS1+lmr on input line 4
08.
(C:\Users\Askeladd\AppData\Local\Programs\MiKTeX\tex/latex/lm\ts1lmr.fd
File: ts1lmr.fd 2015/05/01 v1.6.1 Font defs for Latin Modern
)
[11


{C:/Users/Askeladd/AppData/Local/Programs/MiKTeX/fonts/enc/dvips/lm/lm-ts1.enc}
] [12{C:/Users/Askeladd/AppData/Local/Programs/MiKTeX/fonts/enc/dvips/lm/lm-mat
hex.enc}] [13]

LaTeX Warning: Citation `mildenhall2020nerf' on page 14 undefined on input line
 518.

[14]
Overfull \hbox (5.99097pt too wide) in paragraph at lines 538--539
[]\T1/lmr/m/n/12 (-20) where $\OML/lmm/m/it/12 ^^N[] \OT1/lmr/m/n/12 (-20) = \O
ML/lmm/m/it/12 t[] \OMS/lmsy/m/n/12 ^^@ \OML/lmm/m/it/12 t[]$ \T1/lmr/m/n/12 (-
20) is the dis-tance be-tween ad-ja-cent sam-ples, and $\OML/lmm/m/it/12 T[] \O
T1/lmr/m/n/12 (-20) = [] []$\T1/lmr/m/n/12 (-20) . 
 []


LaTeX Warning: Citation `rahaman2019spectral' on page 15 undefined on input lin
e 544.

[15] [16] [17] [18] [19]
LaTeX Font Info:    Trying to load font information for OT1+lmss on input line 
716.

(C:\Users\Askeladd\AppData\Local\Programs\MiKTeX\tex/latex/lm\ot1lmss.fd
File: ot1lmss.fd 2015/05/01 v1.6.1 Font defs for Latin Modern
)
Package microtype Info: Loading generic protrusion settings for font family
(microtype)             `lmss' (encoding: OT1).
(microtype)             For optimal results, create family-specific settings.
(microtype)             See the microtype manual for details.

[20]
Overfull \hbox (66.77696pt too wide) in paragraph at lines 727--728
[]\T1/lmr/m/n/12 (-20) The 2D Gaus-sian func-tion for pixel co-or-di-nates $\OT
1/lmr/bx/n/12 (-20) u \OMS/lmsy/m/n/12 2 \U/msb/m/n/12 R[]$ \T1/lmr/m/n/12 (-20
) is $\OML/lmm/m/it/12 G[]\OT1/lmr/m/n/12 (-20) (\OT1/lmr/bx/n/12 (-20) u\OT1/l
mr/m/n/12 (-20) ) = [] []$\T1/lmr/m/n/12 (-20) ,
 []

[21] [22] [23] [24]
Chapter 3.
[25


] [26]
<figures/CNN architecture.png, id=1278, 782.17218pt x 1108.14pt>
File: figures/CNN architecture.png Graphic file (type png)
<use figures/CNN architecture.png>
Package pdftex.def Info: figures/CNN architecture.png  used on input line 909.
(pdftex.def)             Requested size: 445.99553pt x 631.86618pt.
 [27] [28 <./figures/CNN architecture.png>] [29] [30] [31] [32]
<figures/2 view data generation sample.png, id=1335, 492.1587pt x 860.013pt>
File: figures/2 view data generation sample.png Graphic file (type png)
<use figures/2 view data generation sample.png>
Package pdftex.def Info: figures/2 view data generation sample.png  used on inp
ut line 1075.
(pdftex.def)             Requested size: 284.55107pt x 497.23315pt.

[33 <./figures/2 view data generation sample.png>] [34] [35] [36]
<figures/neurokin_results.png, id=1377, 1120.185pt x 569.4876pt>
File: figures/neurokin_results.png Graphic file (type png)
<use figures/neurokin_results.png>
Package pdftex.def Info: figures/neurokin_results.png  used on input line 1207.

(pdftex.def)             Requested size: 445.99553pt x 226.73955pt.
<figures/end-effector-position gt vs prediction.png, id=1379, 642.4803pt x 642.
4803pt>
File: figures/end-effector-position gt vs prediction.png Graphic file (type png
)
<use figures/end-effector-position gt vs prediction.png>
Package pdftex.def Info: figures/end-effector-position gt vs prediction.png  us
ed on input line 1220.
(pdftex.def)             Requested size: 445.99553pt x 445.99803pt.
 [37 <./figures/neurokin_results.png>] [38 <./figures/end-effector-position gt 
vs prediction.png>] [39]
Chapter 4.

Overfull \hbox (0.21962pt too wide) in paragraph at lines 1250--1250
[]\T1/lmr/bx/n/17.28 (-20) Controller In-te-gra-tion: Resolved-Rate In-verse Ki
ne-
 []

[40


] [41]
LaTeX Font Info:    External font `lmex10' loaded for size
(Font)              <10.95> on input line 1312.
 [42]
<figures/2 view end effector position.png, id=1428, 422.0568pt x 426.393pt>
File: figures/2 view end effector position.png Graphic file (type png)
<use figures/2 view end effector position.png>
Package pdftex.def Info: figures/2 view end effector position.png  used on inpu
t line 1349.
(pdftex.def)             Requested size: 366.1864pt x 369.96996pt.
 [43] [44 <./figures/2 view end effector position.png>] [45]
<figures/closedloop-endeffector-error.png, id=1445, 570.933pt x 281.853pt>
File: figures/closedloop-endeffector-error.png Graphic file (type png)
<use figures/closedloop-endeffector-error.png>
Package pdftex.def Info: figures/closedloop-endeffector-error.png  used on inpu
t line 1414.
(pdftex.def)             Requested size: 445.99553pt x 220.1842pt.

[46]
<figures/closedloop-endeffector-position-plot.png, id=1451, 424.9476pt x 426.39
3pt>
File: figures/closedloop-endeffector-position-plot.png Graphic file (type png)
<use figures/closedloop-endeffector-position-plot.png>
Package pdftex.def Info: figures/closedloop-endeffector-position-plot.png  used
 on input line 1423.
(pdftex.def)             Requested size: 384.96924pt x 386.28107pt.
 [47 <./figures/closedloop-endeffector-error.png>]
<figures/closedloop-endeffector-error-with-damage.png, id=1458, 642.4803pt x 35
4.123pt>
File: figures/closedloop-endeffector-error-with-damage.png Graphic file (type p
ng)
<use figures/closedloop-endeffector-error-with-damage.png>
Package pdftex.def Info: figures/closedloop-endeffector-error-with-damage.png  
used on input line 1436.
(pdftex.def)             Requested size: 445.99553pt x 245.82567pt.
 [48 <./figures/closedloop-endeffector-position-plot.png>]
Overfull \hbox (29.63062pt too wide) in paragraph at lines 1453--1463
 [][] 
 []

[49 <./figures/closedloop-endeffector-error-with-damage.png>] [50]
<figures/closedloop-joint-error.png, id=1474, 859.2903pt x 570.933pt>
File: figures/closedloop-joint-error.png Graphic file (type png)
<use figures/closedloop-joint-error.png>
Package pdftex.def Info: figures/closedloop-joint-error.png  used on input line
 1486.
(pdftex.def)             Requested size: 422.52057pt x 280.72661pt.
 [51 <./figures/closedloop-joint-error.png>] [52] [53] [54] [55] [56]
Chapter 5.
[57


] [58]
Overfull \hbox (67.75478pt too wide) in paragraph at lines 1662--1662
[]        \T1/lmtt/m/n/12 mode = "recovery" if factory_state["consecutive_failu
res"] >= 2 else "standard"[] 
 []


Overfull \hbox (67.75478pt too wide) in paragraph at lines 1662--1662
[]        \T1/lmtt/m/n/12 target = np.array([0.15, 0.0, 0.15]) if mode == "reco
very" else sample_target()[] 
 []


Overfull \hbox (30.70476pt too wide) in paragraph at lines 1662--1662
[]        \T1/lmtt/m/n/12 success = run_visual_ik_loop(target, tol, fault_prob=
get_prob(stage_idx))[] 
 []


Overfull \hbox (237.47919pt too wide) in paragraph at lines 1643--1664
\T1/lmr/m/n/12 (-20) dling fol-lows the ex-e-cu-tion logic de-tailed be-low: $[
]$ 
 []

[59] [60]
<figures/Neurokin vs Basline with fault.png, id=1541, 859.2903pt x 281.853pt>
File: figures/Neurokin vs Basline with fault.png Graphic file (type png)
<use figures/Neurokin vs Basline with fault.png>
Package pdftex.def Info: figures/Neurokin vs Basline with fault.png  used on in
put line 1761.
(pdftex.def)             Requested size: 445.99553pt x 146.28915pt.
 [61] [62 <./figures/Neurokin vs Basline with fault.png>] [63]
Chapter 6.
[64


]
<figures/pareto_frontier.png, id=1563, 567.8013pt x 422.2977pt>
File: figures/pareto_frontier.png Graphic file (type png)
<use figures/pareto_frontier.png>
Package pdftex.def Info: figures/pareto_frontier.png  used on input line 1819.
(pdftex.def)             Requested size: 445.99553pt x 331.71062pt.
 [65]

LaTeX Warning: Citation `liu2024differentiable' on page 66 undefined on input l
ine 1824.

[66 <./figures/pareto_frontier.png>] [67]

LaTeX Warning: Citation `matsuki2024gaussian' on page 68 undefined on input lin
e 1863.


LaTeX Warning: Citation `keetha2024splattam' on page 68 undefined on input line
 1863.

[68]
Overfull \hbox (10.60933pt too wide) in paragraph at lines 1865--1866
[]\T1/lmr/m/n/12 (-20) Temporal stig-mergy is po-si-tioned as a \T1/lmr/m/it/12
 (-20) com-pu-ta-tional pre-req-ui-site \T1/lmr/m/n/12 (-20) for swarm coordina
tion---
 []


LaTeX Warning: Citation `thirgood2025featureslam' on page 69 undefined on input
 line 1867.


LaTeX Warning: Citation `tran2025varsplat' on page 69 undefined on input line 1
867.


LaTeX Warning: Citation `lu2025gsmem' on page 69 undefined on input line 1867.


LaTeX Warning: Citation `aljalbout2026realitygap' on page 69 undefined on input
 line 1879.

[69] [70] [71] [72] [73]
Chapter 7.
[74


] [75] [76] [77] [78] [79] [80]
Overfull \hbox (41.01048pt too wide) in paragraph at lines 2048--2049
 []\T1/lmr/bx/n/12 (-20) Human-Swarm In-ter-ac-tion[] \T1/lmr/m/n/12 (-20) The 
in-ter-pretabil-ity of the stig-mer-gic ledger (\T1/lmtt/m/n/12 consecutive_fai
lures
 []

[81] [82


] [83] [84] (d11.aux)
 ***********
LaTeX2e <2025-11-01>
L3 programming layer <2025-12-24>
 ***********


LaTeX Warning: There were undefined references.

Package rerunfilecheck Info: File `d11.out' has not changed.
(rerunfilecheck)             Checksum: D90581FA2EA2239308AFC80487D7A285;46785.
 ) 
Here is how much of TeX's memory you used:
 19698 strings out of 467871
 336016 string characters out of 5416925
 799904 words of memory out of 5000000
 47344 multiletter control sequences out of 15000+600000
 754065 words of font info for 312 fonts, out of 8000000 for 9000
 1141 hyphenation exceptions out of 8191
 94i,12n,93p,1242b,692s stack positions out of 10000i,1000n,20000p,200000b,200000s
<C:/Users/Askeladd/AppData/Local/Programs/MiKTeX/fonts/type1/public/amsfonts/
latxfont/line10.pfb><C:/Users/Askeladd/AppData/Local/Programs/MiKTeX/fonts/type
1/public/lm/lmbx10.pfb><C:/Users/Askeladd/AppData/Local/Programs/MiKTeX/fonts/t
ype1/public/lm/lmbx12.pfb><C:/Users/Askeladd/AppData/Local/Programs/MiKTeX/font
s/type1/public/lm/lmbx8.pfb><C:/Users/Askeladd/AppData/Local/Programs/MiKTeX/fo
nts/type1/public/lm/lmex10.pfb><C:/Users/Askeladd/AppData/Local/Programs/MiKTeX
/fonts/type1/public/lm/lmmi10.pfb><C:/Users/Askeladd/AppData/Local/Programs/MiK
TeX/fonts/type1/public/lm/lmmi12.pfb><C:/Users/Askeladd/AppData/Local/Programs/
MiKTeX/fonts/type1/public/lm/lmmi6.pfb><C:/Users/Askeladd/AppData/Local/Program
s/MiKTeX/fonts/type1/public/lm/lmmi8.pfb><C:/Users/Askeladd/AppData/Local/Progr
ams/MiKTeX/fonts/type1/public/lm/lmmib10.pfb><C:/Users/Askeladd/AppData/Local/P
rograms/MiKTeX/fonts/type1/public/lm/lmr10.pfb><C:/Users/Askeladd/AppData/Local
/Programs/MiKTeX/fonts/type1/public/lm/lmr12.pfb><C:/Users/Askeladd/AppData/Loc
al/Programs/MiKTeX/fonts/type1/public/lm/lmr6.pfb><C:/Users/Askeladd/AppData/Lo
cal/Programs/MiKTeX/fonts/type1/public/lm/lmr8.pfb><C:/Users/Askeladd/AppData/L
ocal/Programs/MiKTeX/fonts/type1/public/lm/lmri12.pfb><C:/Users/Askeladd/AppDat
a/Local/Programs/MiKTeX/fonts/type1/public/lm/lmss8.pfb><C:/Users/Askeladd/AppD
ata/Local/Programs/MiKTeX/fonts/type1/public/lm/lmsy10.pfb><C:/Users/Askeladd/A
ppData/Local/Programs/MiKTeX/fonts/type1/public/lm/lmsy6.pfb><C:/Users/Askeladd
/AppData/Local/Programs/MiKTeX/fonts/type1/public/lm/lmsy8.pfb><C:/Users/Askela
dd/AppData/Local/Programs/MiKTeX/fonts/type1/public/lm/lmtt10.pfb><C:/Users/Ask
eladd/AppData/Local/Programs/MiKTeX/fonts/type1/public/lm/lmtt12.pfb><C:/Users/
Askeladd/AppData/Local/Programs/MiKTeX/fonts/type1/public/amsfonts/symbols/msbm
10.pfb>
Output written on d11.pdf (97 pages, 3106912 bytes).
PDF statistics:
 1917 PDF objects out of 2073 (max. 8388607)
 490 named destinations out of 1000 (max. 500000)
 70086 words of extra memory for PDF output out of 74296 (max. 10000000)

