This is pdfTeX, Version 3.141592653-2.6-1.40.28 (MiKTeX 25.12) (preloaded format=pdflatex 2026.3.5)  20 MAY 2026 23:26
entering extended mode
 restricted \write18 enabled.
 %&-line parsing enabled.
**./d21.tex
(d21.tex
LaTeX2e <2025-11-01>
L3 programming layer <2025-12-24>
(C:\Users\Askeladd\AppData\Local\Programs\MiKTeX\tex/latex/base\report.cls
Document Class: report 2025/01/22 v1.4n Standard LaTeX document class
(C:\Users\Askeladd\AppData\Local\Programs\MiKTeX\tex/latex/base\size12.clo
File: size12.clo 2025/01/22 v1.4n Standard LaTeX file (size option)
)
\c@part=\count275
\c@chapter=\count276
\c@section=\count277
\c@subsection=\count278
\c@subsubsection=\count279
\c@paragraph=\count280
\c@subparagraph=\count281
\c@figure=\count282
\c@table=\count283
\abovecaptionskip=\skip49
\belowcaptionskip=\skip50
\bibindent=\dimen148
)
(C:\Users\Askeladd\AppData\Local\Programs\MiKTeX\tex/latex/base\inputenc.sty
Package: inputenc 2024/02/08 v1.3d Input encoding file
\inpenc@prehook=\toks17
\inpenc@posthook=\toks18
)
(C:\Users\Askeladd\AppData\Local\Programs\MiKTeX\tex/latex/base\fontenc.sty
Package: fontenc 2025/07/18 v2.1d Standard LaTeX package
)
(C:\Users\Askeladd\AppData\Local\Programs\MiKTeX\tex/latex/lm\lmodern.sty
Package: lmodern 2015/05/01 v1.6.1 Latin Modern Fonts
LaTeX Font Info:    Overwriting symbol font `operators' in version `normal'
(Font)                  OT1/cmr/m/n --> OT1/lmr/m/n on input line 22.
LaTeX Font Info:    Overwriting symbol font `letters' in version `normal'
(Font)                  OML/cmm/m/it --> OML/lmm/m/it on input line 23.
LaTeX Font Info:    Overwriting symbol font `symbols' in version `normal'
(Font)                  OMS/cmsy/m/n --> OMS/lmsy/m/n on input line 24.
LaTeX Font Info:    Overwriting symbol font `largesymbols' in version `normal'
(Font)                  OMX/cmex/m/n --> OMX/lmex/m/n on input line 25.
LaTeX Font Info:    Overwriting symbol font `operators' in version `bold'
(Font)                  OT1/cmr/bx/n --> OT1/lmr/bx/n on input line 26.
LaTeX Font Info:    Overwriting symbol font `letters' in version `bold'
(Font)                  OML/cmm/b/it --> OML/lmm/b/it on input line 27.
LaTeX Font Info:    Overwriting symbol font `symbols' in version `bold'
(Font)                  OMS/cmsy/b/n --> OMS/lmsy/b/n on input line 28.
LaTeX Font Info:    Overwriting symbol font `largesymbols' in version `bold'
(Font)                  OMX/cmex/m/n --> OMX/lmex/m/n on input line 29.
LaTeX Font Info:    Overwriting math alphabet `\mathbf' in version `normal'
(Font)                  OT1/cmr/bx/n --> OT1/lmr/bx/n on input line 31.
LaTeX Font Info:    Overwriting math alphabet `\mathsf' in version `normal'
(Font)                  OT1/cmss/m/n --> OT1/lmss/m/n on input line 32.
LaTeX Font Info:    Overwriting math alphabet `\mathit' in version `normal'
(Font)                  OT1/cmr/m/it --> OT1/lmr/m/it on input line 33.
LaTeX Font Info:    Overwriting math alphabet `\mathtt' in version `normal'
(Font)                  OT1/cmtt/m/n --> OT1/lmtt/m/n on input line 34.
LaTeX Font Info:    Overwriting math alphabet `\mathbf' in version `bold'
(Font)                  OT1/cmr/bx/n --> OT1/lmr/bx/n on input line 35.
LaTeX Font Info:    Overwriting math alphabet `\mathsf' in version `bold'
(Font)                  OT1/cmss/bx/n --> OT1/lmss/bx/n on input line 36.
LaTeX Font Info:    Overwriting math alphabet `\mathit' in version `bold'
(Font)                  OT1/cmr/bx/it --> OT1/lmr/bx/it on input line 37.
LaTeX Font Info:    Overwriting math alphabet `\mathtt' in version `bold'
(Font)                  OT1/cmtt/m/n --> OT1/lmtt/m/n on input line 38.
)
(C:\Users\Askeladd\AppData\Local\Programs\MiKTeX\tex/latex/amsmath\amsmath.sty
Package: amsmath 2025/07/09 v2.17z AMS math features
\@mathmargin=\skip51

For additional information on amsmath, use the `?' option.
(C:\Users\Askeladd\AppData\Local\Programs\MiKTeX\tex/latex/amsmath\amstext.sty
Package: amstext 2024/11/17 v2.01 AMS text

(C:\Users\Askeladd\AppData\Local\Programs\MiKTeX\tex/latex/amsmath\amsgen.sty
File: amsgen.sty 1999/11/30 v2.0 generic functions
\@emptytoks=\toks19
\ex@=\dimen149
)) (C:\Users\Askeladd\AppData\Local\Programs\MiKTeX\tex/latex/amsmath\amsbsy.st
y
Package: amsbsy 1999/11/29 v1.2d Bold Symbols
\pmbraise@=\dimen150
) (C:\Users\Askeladd\AppData\Local\Programs\MiKTeX\tex/latex/amsmath\amsopn.sty
Package: amsopn 2022/04/08 v2.04 operator names
)
\inf@bad=\count284
LaTeX Info: Redefining \frac on input line 233.
\uproot@=\count285
\leftroot@=\count286
LaTeX Info: Redefining \overline on input line 398.
LaTeX Info: Redefining \colon on input line 409.
\classnum@=\count287
\DOTSCASE@=\count288
LaTeX Info: Redefining \ldots on input line 495.
LaTeX Info: Redefining \dots on input line 498.
LaTeX Info: Redefining \cdots on input line 619.
\Mathstrutbox@=\box53
\strutbox@=\box54
LaTeX Info: Redefining \big on input line 721.
LaTeX Info: Redefining \Big on input line 722.
LaTeX Info: Redefining \bigg on input line 723.
LaTeX Info: Redefining \Bigg on input line 724.
\big@size=\dimen151
LaTeX Font Info:    Redeclaring font encoding OML on input line 742.
LaTeX Font Info:    Redeclaring font encoding OMS on input line 743.
\macc@depth=\count289
LaTeX Info: Redefining \bmod on input line 904.
LaTeX Info: Redefining \pmod on input line 909.
LaTeX Info: Redefining \smash on input line 939.
LaTeX Info: Redefining \relbar on input line 969.
LaTeX Info: Redefining \Relbar on input line 970.
\c@MaxMatrixCols=\count290
\dotsspace@=\muskip17
\c@parentequation=\count291
\dspbrk@lvl=\count292
\tag@help=\toks20
\row@=\count293
\column@=\count294
\maxfields@=\count295
\andhelp@=\toks21
\eqnshift@=\dimen152
\alignsep@=\dimen153
\tagshift@=\dimen154
\tagwidth@=\dimen155
\totwidth@=\dimen156
\lineht@=\dimen157
\@envbody=\toks22
\multlinegap=\skip52
\multlinetaggap=\skip53
\mathdisplay@stack=\toks23
LaTeX Info: Redefining \[ on input line 2950.
LaTeX Info: Redefining \] on input line 2951.
)
(C:\Users\Askeladd\AppData\Local\Programs\MiKTeX\tex/latex/amsfonts\amssymb.sty
Package: amssymb 2013/01/14 v3.01 AMS font symbols

(C:\Users\Askeladd\AppData\Local\Programs\MiKTeX\tex/latex/amsfonts\amsfonts.st
y
Package: amsfonts 2013/01/14 v3.01 Basic AMSFonts support
\symAMSa=\mathgroup4
\symAMSb=\mathgroup5
LaTeX Font Info:    Redeclaring math symbol \hbar on input line 98.
LaTeX Font Info:    Overwriting math alphabet `\mathfrak' in version `bold'
(Font)                  U/euf/m/n --> U/euf/b/n on input line 106.
))
(C:\Users\Askeladd\AppData\Local\Programs\MiKTeX\tex/latex/graphics\graphicx.st
y
Package: graphicx 2024/12/31 v1.2e Enhanced LaTeX Graphics (DPC,SPQR)

(C:\Users\Askeladd\AppData\Local\Programs\MiKTeX\tex/latex/graphics\keyval.sty
Package: keyval 2022/05/29 v1.15 key=value parser (DPC)
\KV@toks@=\toks24
)
(C:\Users\Askeladd\AppData\Local\Programs\MiKTeX\tex/latex/graphics\graphics.st
y
Package: graphics 2024/08/06 v1.4g Standard LaTeX Graphics (DPC,SPQR)
 (C:\Users\Askeladd\AppData\Local\Programs\MiKTeX\tex/latex/graphics\trig.sty
Package: trig 2023/12/02 v1.11 sin cos tan (DPC)
)
(C:\Users\Askeladd\AppData\Local\Programs\MiKTeX\tex/latex/graphics-cfg\graphic
s.cfg
File: graphics.cfg 2016/06/04 v1.11 sample graphics configuration
)
Package graphics Info: Driver file: pdftex.def on input line 106.

(C:\Users\Askeladd\AppData\Local\Programs\MiKTeX\tex/latex/graphics-def\pdftex.
def
File: pdftex.def 2025/09/29 v1.2d Graphics/color driver for pdftex
))
\Gin@req@height=\dimen158
\Gin@req@width=\dimen159
)
(C:\Users\Askeladd\AppData\Roaming\MiKTeX\tex/latex/geometry\geometry.sty
Package: geometry 2020/01/02 v5.9 Page Geometry

(C:\Users\Askeladd\AppData\Local\Programs\MiKTeX\tex/generic/iftex\ifvtex.sty
Package: ifvtex 2019/10/25 v1.7 ifvtex legacy package. Use iftex instead.

(C:\Users\Askeladd\AppData\Local\Programs\MiKTeX\tex/generic/iftex\iftex.sty
Package: iftex 2024/12/12 v1.0g TeX engine tests
))
\Gm@cnth=\count296
\Gm@cntv=\count297
\c@Gm@tempcnt=\count298
\Gm@bindingoffset=\dimen160
\Gm@wd@mp=\dimen161
\Gm@odd@mp=\dimen162
\Gm@even@mp=\dimen163
\Gm@layoutwidth=\dimen164
\Gm@layoutheight=\dimen165
\Gm@layouthoffset=\dimen166
\Gm@layoutvoffset=\dimen167
\Gm@dimlist=\toks25

(C:\Users\Askeladd\AppData\Roaming\MiKTeX\tex/latex/geometry\geometry.cfg))
(C:\Users\Askeladd\AppData\Roaming\MiKTeX\tex/latex/setspace\setspace.sty
Package: setspace 2022/12/04 v6.7b set line spacing
)
(C:\Users\Askeladd\AppData\Roaming\MiKTeX\tex/latex/booktabs\booktabs.sty
Package: booktabs 2020/01/12 v1.61803398 Publication quality tables
\heavyrulewidth=\dimen168
\lightrulewidth=\dimen169
\cmidrulewidth=\dimen170
\belowrulesep=\dimen171
\belowbottomsep=\dimen172
\aboverulesep=\dimen173
\abovetopsep=\dimen174
\cmidrulesep=\dimen175
\cmidrulekern=\dimen176
\defaultaddspace=\dimen177
\@cmidla=\count299
\@cmidlb=\count300
\@aboverulesep=\dimen178
\@belowrulesep=\dimen179
\@thisruleclass=\count301
\@lastruleclass=\count302
\@thisrulewidth=\dimen180
)
(C:\Users\Askeladd\AppData\Local\Programs\MiKTeX\tex/latex/tools\array.sty
Package: array 2025/09/25 v2.6n Tabular extension package (FMi)
\col@sep=\dimen181
\ar@mcellbox=\box55
\extrarowheight=\dimen182
\NC@list=\toks26
\extratabsurround=\skip54
\backup@length=\skip55
\ar@cellbox=\box56
)
(C:\Users\Askeladd\AppData\Local\Programs\MiKTeX\tex/latex/float\float.sty
Package: float 2001/11/08 v1.3d Float enhancements (AL)
\c@float@type=\count303
\float@exts=\toks27
\float@box=\box57
\@float@everytoks=\toks28
\@floatcapt=\box58
)
(C:\Users\Askeladd\AppData\Roaming\MiKTeX\tex/latex/caption\caption.sty
Package: caption 2023/08/05 v3.6o Customizing captions (AR)

(C:\Users\Askeladd\AppData\Roaming\MiKTeX\tex/latex/caption\caption3.sty
Package: caption3 2023/07/31 v2.4d caption3 kernel (AR)
\caption@tempdima=\dimen183
\captionmargin=\dimen184
\caption@leftmargin=\dimen185
\caption@rightmargin=\dimen186
\caption@width=\dimen187
\caption@indent=\dimen188
\caption@parindent=\dimen189
\caption@hangindent=\dimen190
Package caption Info: Standard document class detected.
)
\c@caption@flags=\count304
\c@continuedfloat=\count305
Package caption Info: float package is loaded.
)
(C:\Users\Askeladd\AppData\Roaming\MiKTeX\tex/latex/caption\subcaption.sty
Package: subcaption 2023/07/28 v1.6b Sub-captions (AR)
Package caption Info: New subtype `subfigure' on input line 238.
\c@subfigure=\count306
Package caption Info: New subtype `subtable' on input line 238.
\c@subtable=\count307
)
(C:\Users\Askeladd\AppData\Local\Programs\MiKTeX\tex/latex/xcolor\xcolor.sty
Package: xcolor 2024/09/29 v3.02 LaTeX color extensions (UK)

(C:\Users\Askeladd\AppData\Local\Programs\MiKTeX\tex/latex/graphics-cfg\color.c
fg
File: color.cfg 2016/01/02 v1.6 sample color configuration
)
Package xcolor Info: Driver file: pdftex.def on input line 274.

(C:\Users\Askeladd\AppData\Local\Programs\MiKTeX\tex/latex/graphics\mathcolor.l
tx)
Package xcolor Info: Model `cmy' substituted by `cmy0' on input line 1349.
Package xcolor Info: Model `hsb' substituted by `rgb' on input line 1353.
Package xcolor Info: Model `RGB' extended on input line 1365.
Package xcolor Info: Model `HTML' substituted by `rgb' on input line 1367.
Package xcolor Info: Model `Hsb' substituted by `hsb' on input line 1368.
Package xcolor Info: Model `tHsb' substituted by `hsb' on input line 1369.
Package xcolor Info: Model `HSB' substituted by `hsb' on input line 1370.
Package xcolor Info: Model `Gray' substituted by `gray' on input line 1371.
Package xcolor Info: Model `wave' substituted by `hsb' on input line 1372.
) (C:\Users\Askeladd\AppData\Roaming\MiKTeX\tex/latex/enumitem\enumitem.sty
Package: enumitem 2025/02/06 v3.11 Customized lists
\labelindent=\skip56
\enit@outerparindent=\dimen191
\enit@toks=\toks29
\enit@inbox=\box59
\enit@count@id=\count308
\enitdp@description=\count309
)
(C:\Users\Askeladd\AppData\Local\Programs\MiKTeX\tex/latex/hyperref\hyperref.st
y
Package: hyperref 2025-07-12 v7.01o Hypertext links for LaTeX
 (C:\Users\Askeladd\AppData\Roaming\MiKTeX\tex/latex/kvsetkeys\kvsetkeys.sty
Package: kvsetkeys 2022-10-05 v1.19 Key value parser (HO)
)
(C:\Users\Askeladd\AppData\Roaming\MiKTeX\tex/generic/kvdefinekeys\kvdefinekeys
.sty
Package: kvdefinekeys 2019-12-19 v1.6 Define keys (HO)
)
(C:\Users\Askeladd\AppData\Roaming\MiKTeX\tex/generic/pdfescape\pdfescape.sty
Package: pdfescape 2019/12/09 v1.15 Implements pdfTeX's escape features (HO)

(C:\Users\Askeladd\AppData\Roaming\MiKTeX\tex/generic/ltxcmds\ltxcmds.sty
Package: ltxcmds 2023-12-04 v1.26 LaTeX kernel commands for general use (HO)
)
(C:\Users\Askeladd\AppData\Local\Programs\MiKTeX\tex/generic/pdftexcmds\pdftexc
mds.sty
Package: pdftexcmds 2020-06-27 v0.33 Utility functions of pdfTeX for LuaTeX (HO
)

(C:\Users\Askeladd\AppData\Roaming\MiKTeX\tex/generic/infwarerr\infwarerr.sty
Package: infwarerr 2019/12/03 v1.5 Providing info/warning/error messages (HO)
)
Package pdftexcmds Info: \pdf@primitive is available.
Package pdftexcmds Info: \pdf@ifprimitive is available.
Package pdftexcmds Info: \pdfdraftmode found.
)) (C:\Users\Askeladd\AppData\Roaming\MiKTeX\tex/latex/hycolor\hycolor.sty
Package: hycolor 2020-01-27 v1.10 Color options for hyperref/bookmark (HO)
)
(C:\Users\Askeladd\AppData\Local\Programs\MiKTeX\tex/latex/hyperref\nameref.sty
Package: nameref 2025-06-21 v2.57 Cross-referencing by name of section
(C:\Users\Askeladd\AppData\Roaming\MiKTeX\tex/latex/refcount\refcount.sty
Package: refcount 2019/12/15 v3.6 Data extraction from label references (HO)
)
(C:\Users\Askeladd\AppData\Roaming\MiKTeX\tex/generic/gettitlestring\gettitlest
ring.sty
Package: gettitlestring 2019/12/15 v1.6 Cleanup title references (HO)

(C:\Users\Askeladd\AppData\Roaming\MiKTeX\tex/latex/kvoptions\kvoptions.sty
Package: kvoptions 2022-06-15 v3.15 Key value format for package options (HO)
))
\c@section@level=\count310
)
(C:\Users\Askeladd\AppData\Local\Programs\MiKTeX\tex/latex/etoolbox\etoolbox.st
y
Package: etoolbox 2025/10/02 v2.5m e-TeX tools for LaTeX (JAW)
\etb@tempcnta=\count311
)
(C:\Users\Askeladd\AppData\Roaming\MiKTeX\tex/generic/stringenc\stringenc.sty
Package: stringenc 2019/11/29 v1.12 Convert strings between diff. encodings (HO
)
)
\@linkdim=\dimen192
\Hy@linkcounter=\count312
\Hy@pagecounter=\count313

(C:\Users\Askeladd\AppData\Local\Programs\MiKTeX\tex/latex/hyperref\pd1enc.def
File: pd1enc.def 2025-07-12 v7.01o Hyperref: PDFDocEncoding definition (HO)
Now handling font encoding PD1 ...
... no UTF-8 mapping file for font encoding PD1
) (C:\Users\Askeladd\AppData\Roaming\MiKTeX\tex/generic/intcalc\intcalc.sty
Package: intcalc 2019/12/15 v1.3 Expandable calculations with integers (HO)
)
\Hy@SavedSpaceFactor=\count314

(C:\Users\Askeladd\AppData\Local\Programs\MiKTeX\tex/latex/hyperref\puenc.def
File: puenc.def 2025-07-12 v7.01o Hyperref: PDF Unicode definition (HO)
Now handling font encoding PU ...
... no UTF-8 mapping file for font encoding PU
)
Package hyperref Info: Option `colorlinks' set `true' on input line 4066.
Package hyperref Info: Hyper figures OFF on input line 4195.
Package hyperref Info: Link nesting OFF on input line 4200.
Package hyperref Info: Hyper index ON on input line 4203.
Package hyperref Info: Plain pages OFF on input line 4210.
Package hyperref Info: Backreferencing OFF on input line 4215.
Package hyperref Info: Implicit mode ON; LaTeX internals redefined.
Package hyperref Info: Bookmarks ON on input line 4462.
\c@Hy@tempcnt=\count315

(C:\Users\Askeladd\AppData\Local\Programs\MiKTeX\tex/latex/url\url.sty
\Urlmuskip=\muskip18
Package: url 2013/09/16  ver 3.4  Verb mode for urls, etc.
)
LaTeX Info: Redefining \url on input line 4801.
\XeTeXLinkMargin=\dimen193

(C:\Users\Askeladd\AppData\Roaming\MiKTeX\tex/generic/bitset\bitset.sty
Package: bitset 2019/12/09 v1.3 Handle bit-vector datatype (HO)

(C:\Users\Askeladd\AppData\Roaming\MiKTeX\tex/generic/bigintcalc\bigintcalc.sty
Package: bigintcalc 2019/12/15 v1.5 Expandable calculations on big integers (HO
)
))
\Fld@menulength=\count316
\Field@Width=\dimen194
\Fld@charsize=\dimen195
Package hyperref Info: Hyper figures OFF on input line 6078.
Package hyperref Info: Link nesting OFF on input line 6083.
Package hyperref Info: Hyper index ON on input line 6086.
Package hyperref Info: backreferencing OFF on input line 6093.
Package hyperref Info: Link coloring ON on input line 6096.
Package hyperref Info: Link coloring with OCG OFF on input line 6103.
Package hyperref Info: PDF/A mode OFF on input line 6108.
\Hy@abspage=\count317
\c@Item=\count318
\c@Hfootnote=\count319
)
Package hyperref Info: Driver (autodetected): hpdftex.

(C:\Users\Askeladd\AppData\Local\Programs\MiKTeX\tex/latex/hyperref\hpdftex.def
File: hpdftex.def 2025-07-12 v7.01o Hyperref driver for pdfTeX
\Fld@listcount=\count320
\c@bookmark@seq@number=\count321

(C:\Users\Askeladd\AppData\Roaming\MiKTeX\tex/latex/rerunfilecheck\rerunfileche
ck.sty
Package: rerunfilecheck 2025-06-21 v1.11 Rerun checks for auxiliary files (HO)

(C:\Users\Askeladd\AppData\Roaming\MiKTeX\tex/generic/uniquecounter\uniquecount
er.sty
Package: uniquecounter 2019/12/15 v1.4 Provide unlimited unique counter (HO)
)
Package uniquecounter Info: New unique counter `rerunfilecheck' on input line 2
84.
)
\Hy@SectionHShift=\skip57
)
(C:\Users\Askeladd\AppData\Local\Programs\MiKTeX\tex/latex/pdfpages\pdfpages.st
y
Package: pdfpages 2025/07/23 v0.6g Insert pages of external PDF documents (AM)
 (C:\Users\Askeladd\AppData\Local\Programs\MiKTeX\tex/latex/base\ifthen.sty
Package: ifthen 2024/03/16 v1.1e Standard LaTeX ifthen package (DPC)
)
(C:\Users\Askeladd\AppData\Local\Programs\MiKTeX\tex/latex/tools\calc.sty
Package: calc 2025/03/01 v4.3b Infix arithmetic (KKT,FJ)
\calc@Acount=\count322
\calc@Bcount=\count323
\calc@Adimen=\dimen196
\calc@Bdimen=\dimen197
\calc@Askip=\skip58
\calc@Bskip=\skip59
LaTeX Info: Redefining \setlength on input line 86.
LaTeX Info: Redefining \addtolength on input line 87.
\calc@Ccount=\count324
\calc@Cskip=\skip60
)
(C:\Users\Askeladd\AppData\Local\Programs\MiKTeX\tex/latex/eso-pic\eso-pic.sty
Package: eso-pic 2025/12/10 v3.0d eso-pic (RN)
\ESO@tempdima=\dimen198
\ESO@tempdimb=\dimen199
)
\AM@pagewidth=\dimen256
\AM@pageheight=\dimen257
\AM@fboxrule=\dimen258

(C:\Users\Askeladd\AppData\Local\Programs\MiKTeX\tex/latex/pdfpages\pppdftex.de
f
File: pppdftex.def 2025/07/23 v0.6g Pdfpages driver for pdfTeX (AM)
)
\pdfpages@includegraphics@status=\count325
\AM@pagebox=\box60
\AM@global@opts=\toks30
\AM@pagecnt=\count326
\AM@toc@title=\toks31
\AM@lof@heading=\toks32
\c@AM@survey=\count327
\AM@templatesizebox=\box61
) (C:\Users\Askeladd\AppData\Roaming\MiKTeX\tex/latex/fancyhdr\fancyhdr.sty
Package: fancyhdr 2025/02/07 v5.2 Extensive control of page headers and footers

\f@nch@headwidth=\skip61
\f@nch@offset@elh=\skip62
\f@nch@offset@erh=\skip63
\f@nch@offset@olh=\skip64
\f@nch@offset@orh=\skip65
\f@nch@offset@elf=\skip66
\f@nch@offset@erf=\skip67
\f@nch@offset@olf=\skip68
\f@nch@offset@orf=\skip69
\f@nch@height=\skip70
\f@nch@footalignment=\skip71
\f@nch@widthL=\skip72
\f@nch@widthC=\skip73
\f@nch@widthR=\skip74
\@temptokenb=\toks33
)
(C:\Users\Askeladd\AppData\Local\Programs\MiKTeX\tex/latex/microtype\microtype.
sty
Package: microtype 2026/03/01 v3.2d Micro-typographical refinements (RS)
\MT@toks=\toks34
\MT@tempbox=\box62
\MT@count=\count328
LaTeX Info: Redefining \noprotrusionifhmode on input line 1084.
LaTeX Info: Redefining \leftprotrusion on input line 1085.
\MT@prot@toks=\toks35
LaTeX Info: Redefining \rightprotrusion on input line 1104.
LaTeX Info: Redefining \textls on input line 1449.
\MT@outer@kern=\dimen259
LaTeX Info: Redefining \microtypecontext on input line 2053.
LaTeX Info: Redefining \textmicrotypecontext on input line 2070.
\MT@listname@count=\count329

(C:\Users\Askeladd\AppData\Local\Programs\MiKTeX\tex/latex/microtype\microtype-
pdftex.def
File: microtype-pdftex.def 2026/03/01 v3.2d Definitions specific to pdftex (RS)

LaTeX Info: Redefining \lsstyle on input line 944.
LaTeX Info: Redefining \lslig on input line 944.
\MT@outer@space=\skip75
)
Package microtype Info: Loading configuration file microtype.cfg.

(C:\Users\Askeladd\AppData\Local\Programs\MiKTeX\tex/latex/microtype\microtype.
cfg
File: microtype.cfg 2026/03/01 v3.2d microtype main configuration file (RS)
)
LaTeX Info: Redefining \microtypesetup on input line 3065.
) (C:\Users\Askeladd\AppData\Local\Programs\MiKTeX\tex/latex/svg\svg.sty
Package: svg 2020/11/26 v2.02k (include SVG pictures)

(C:\Users\Askeladd\AppData\Roaming\MiKTeX\tex/latex/koma-script\scrbase.sty
Package: scrbase 2025/09/09 v3.48 KOMA-Script package (KOMA-Script-independent 
basics and keyval usage)

(C:\Users\Askeladd\AppData\Roaming\MiKTeX\tex/latex/koma-script\scrlfile.sty
Package: scrlfile 2025/09/09 v3.48 KOMA-Script package (file load hooks)

(C:\Users\Askeladd\AppData\Roaming\MiKTeX\tex/latex/koma-script\scrlfile-hook.s
ty
Package: scrlfile-hook 2025/09/09 v3.48 KOMA-Script package (using LaTeX hooks)

 (C:\Users\Askeladd\AppData\Roaming\MiKTeX\tex/latex/koma-script\scrlogo.sty
Package: scrlogo 2025/09/09 v3.48 KOMA-Script package (logo)
)))
Applying: [2021/05/01] Usage of raw or classic option list on input line 254.
Already applied: [0000/00/00] Usage of raw or classic option list on input line
 370.
)
(C:\Users\Askeladd\AppData\Local\Programs\MiKTeX\tex/latex/trimspaces\trimspace
s.sty
Package: trimspaces 2009/09/17 v1.1 Trim spaces around a token list
)
(C:\Users\Askeladd\AppData\Local\Programs\MiKTeX\tex/latex/tools\shellesc.sty
Package: shellesc 2023/07/08 v1.0d unified shell escape interface for LaTeX
Package shellesc Info: Restricted shell escape enabled on input line 77.
)
\c@svg@param@lastpage=\count330
\svg@box=\box63
\c@svg@param@currpage=\count331
)
(C:\Users\Askeladd\AppData\Local\Programs\MiKTeX\tex/latex/transparent\transpar
ent.sty
Package: transparent 2025-06-23 v1.6 Transparency with color stacks

(C:\Users\Askeladd\AppData\Local\Programs\MiKTeX\tex/latex/transparent\transpar
ent-nometadata.sty
Package: transparent-nometadata 2025-06-23 v1.6 Transparency via pdfTeX's color
 stack (HO)

(C:\Users\Askeladd\AppData\Roaming\MiKTeX\tex/latex/auxhook\auxhook.sty
Package: auxhook 2019-12-17 v1.6 Hooks for auxiliary files (HO)
)))
(C:\Users\Askeladd\AppData\Local\Programs\MiKTeX\tex/latex/pgf/systemlayer\pgfs
ys.sty
(C:\Users\Askeladd\AppData\Local\Programs\MiKTeX\tex/latex/pgf/utilities\pgfrcs
.sty
(C:\Users\Askeladd\AppData\Local\Programs\MiKTeX\tex/generic/pgf/utilities\pgfu
til-common.tex
\pgfutil@everybye=\toks36
\pgfutil@tempdima=\dimen260
\pgfutil@tempdimb=\dimen261
)
(C:\Users\Askeladd\AppData\Local\Programs\MiKTeX\tex/generic/pgf/utilities\pgfu
til-latex.def
\pgfutil@abb=\box64
)
(C:\Users\Askeladd\AppData\Local\Programs\MiKTeX\tex/generic/pgf/utilities\pgfr
cs.code.tex
(C:\Users\Askeladd\AppData\Local\Programs\MiKTeX\tex/generic/pgf\pgf.revision.t
ex)
Package: pgfrcs 2025-08-29 v3.1.11a (3.1.11a)
))
(C:\Users\Askeladd\AppData\Local\Programs\MiKTeX\tex/generic/pgf/systemlayer\pg
fsys.code.tex
Package: pgfsys 2025-08-29 v3.1.11a (3.1.11a)

(C:\Users\Askeladd\AppData\Local\Programs\MiKTeX\tex/generic/pgf/utilities\pgfk
eys.code.tex
\pgfkeys@pathtoks=\toks37
\pgfkeys@temptoks=\toks38

(C:\Users\Askeladd\AppData\Local\Programs\MiKTeX\tex/generic/pgf/utilities\pgfk
eyslibraryfiltered.code.tex
\pgfkeys@tmptoks=\toks39
))
\pgf@x=\dimen262
\pgf@y=\dimen263
\pgf@xa=\dimen264
\pgf@ya=\dimen265
\pgf@xb=\dimen266
\pgf@yb=\dimen267
\pgf@xc=\dimen268
\pgf@yc=\dimen269
\pgf@xd=\dimen270
\pgf@yd=\dimen271
\w@pgf@writea=\write3
\r@pgf@reada=\read2
\c@pgf@counta=\count332
\c@pgf@countb=\count333
\c@pgf@countc=\count334
\c@pgf@countd=\count335
\t@pgf@toka=\toks40
\t@pgf@tokb=\toks41
\t@pgf@tokc=\toks42
\pgf@sys@id@count=\count336

(C:\Users\Askeladd\AppData\Local\Programs\MiKTeX\tex/generic/pgf/systemlayer\pg
f.cfg
File: pgf.cfg 2025-08-29 v3.1.11a (3.1.11a)
)
Driver file for pgf: pgfsys-pdftex.def

(C:\Users\Askeladd\AppData\Local\Programs\MiKTeX\tex/generic/pgf/systemlayer\pg
fsys-pdftex.def
File: pgfsys-pdftex.def 2025-08-29 v3.1.11a (3.1.11a)

(C:\Users\Askeladd\AppData\Local\Programs\MiKTeX\tex/generic/pgf/systemlayer\pg
fsys-common-pdf.def
File: pgfsys-common-pdf.def 2025-08-29 v3.1.11a (3.1.11a)
)))
(C:\Users\Askeladd\AppData\Local\Programs\MiKTeX\tex/generic/pgf/systemlayer\pg
fsyssoftpath.code.tex
File: pgfsyssoftpath.code.tex 2025-08-29 v3.1.11a (3.1.11a)
\pgfsyssoftpath@smallbuffer@items=\count337
\pgfsyssoftpath@bigbuffer@items=\count338
)
(C:\Users\Askeladd\AppData\Local\Programs\MiKTeX\tex/generic/pgf/systemlayer\pg
fsysprotocol.code.tex
File: pgfsysprotocol.code.tex 2025-08-29 v3.1.11a (3.1.11a)
))
   defining Unicode char U+2013 (decimal 8211)
   defining Unicode char U+2014 (decimal 8212)
   defining Unicode char U+00D7 (decimal 215)
   defining Unicode char U+223C (decimal 8764)
   defining Unicode char U+2248 (decimal 8776)
   defining Unicode char U+2192 (decimal 8594)
   defining Unicode char U+00B0 (decimal 176)
LaTeX Font Info:    Trying to load font information for T1+lmr on input line 62
.

(C:\Users\Askeladd\AppData\Local\Programs\MiKTeX\tex/latex/lm\t1lmr.fd
File: t1lmr.fd 2015/05/01 v1.6.1 Font defs for Latin Modern
)
(C:\Users\Askeladd\AppData\Local\Programs\MiKTeX\tex/latex/l3backend\l3backend-
pdftex.def
File: l3backend-pdftex.def 2025-10-09 L3 backend support: PDF output (pdfTeX)
\l__color_backend_stack_int=\count339
) (d21.aux)
\openout1 = `d21.aux'.

LaTeX Font Info:    Checking defaults for OML/cmm/m/it on input line 62.
LaTeX Font Info:    ... okay on input line 62.
LaTeX Font Info:    Checking defaults for OMS/cmsy/m/n on input line 62.
LaTeX Font Info:    ... okay on input line 62.
LaTeX Font Info:    Checking defaults for OT1/cmr/m/n on input line 62.
LaTeX Font Info:    ... okay on input line 62.
LaTeX Font Info:    Checking defaults for T1/cmr/m/n on input line 62.
LaTeX Font Info:    ... okay on input line 62.
LaTeX Font Info:    Checking defaults for TS1/cmr/m/n on input line 62.
LaTeX Font Info:    ... okay on input line 62.
LaTeX Font Info:    Checking defaults for OMX/cmex/m/n on input line 62.
LaTeX Font Info:    ... okay on input line 62.
LaTeX Font Info:    Checking defaults for U/cmr/m/n on input line 62.
LaTeX Font Info:    ... okay on input line 62.
LaTeX Font Info:    Checking defaults for PD1/pdf/m/n on input line 62.
LaTeX Font Info:    ... okay on input line 62.
LaTeX Font Info:    Checking defaults for PU/pdf/m/n on input line 62.
LaTeX Font Info:    ... okay on input line 62.

(C:\Users\Askeladd\AppData\Local\Programs\MiKTeX\tex/context/base/mkii\supp-pdf
.mkii
[Loading MPS to PDF converter (version 2006.09.02).]
\scratchcounter=\count340
\scratchdimen=\dimen272
\scratchbox=\box65
\nofMPsegments=\count341
\nofMParguments=\count342
\everyMPshowfont=\toks43
\MPscratchCnt=\count343
\MPscratchDim=\dimen273
\MPnumerator=\count344
\makeMPintoPDFobject=\count345
\everyMPtoPDFconversion=\toks44
)
(C:\Users\Askeladd\AppData\Local\Programs\MiKTeX\tex/latex/epstopdf-pkg\epstopd
f-base.sty
Package: epstopdf-base 2020-01-24 v2.11 Base part for package epstopdf
Package epstopdf-base Info: Redefining graphics rule for `.eps' on input line 4
85.

(C:\Users\Askeladd\AppData\Local\Programs\MiKTeX\tex/latex/00miktex\epstopdf-sy
s.cfg
File: epstopdf-sys.cfg 2021/03/18 v2.0 Configuration of epstopdf for MiKTeX
))
*geometry* driver: auto-detecting
*geometry* detected driver: pdftex
*geometry* verbose mode - [ preamble ] result:
* driver: pdftex
* paper: a4paper
* layout: <same size as paper>
* layoutoffset:(h,v)=(0.0pt,0.0pt)
* modes: 
* h-part:(L,W,R)=(85.35826pt, 469.47049pt, 42.67912pt)
* v-part:(T,H,B)=(56.9055pt, 731.23584pt, 56.9055pt)
* \paperwidth=597.50787pt
* \paperheight=845.04684pt
* \textwidth=469.47049pt
* \textheight=731.23584pt
* \oddsidemargin=13.08827pt
* \evensidemargin=13.08827pt
* \topmargin=-52.36449pt
* \headheight=12.0pt
* \headsep=25.0pt
* \topskip=12.0pt
* \footskip=30.0pt
* \marginparwidth=35.0pt
* \marginparsep=10.0pt
* \columnsep=10.0pt
* \skip\footins=10.8pt plus 4.0pt minus 2.0pt
* \hoffset=0.0pt
* \voffset=0.0pt
* \mag=1000
* \@twocolumnfalse
* \@twosidefalse
* \@mparswitchfalse
* \@reversemarginfalse
* (1in=72.27pt=25.4mm, 1cm=28.453pt)

Package caption Info: Begin \AtBeginDocument code.
Package caption Info: hyperref package is loaded.
Package caption Info: End \AtBeginDocument code.
Package hyperref Info: Link coloring ON on input line 62.
(d21.out) (d21.out)
\@outlinefile=\write4
\openout4 = `d21.out'.


(C:\Users\Askeladd\AppData\Local\Programs\MiKTeX\tex/latex/pdflscape\pdflscape.
sty
Package: pdflscape 2022-10-27 v0.13 Display of landscape pages in PDF

(C:\Users\Askeladd\AppData\Local\Programs\MiKTeX\tex/latex/pdflscape\pdflscape-
nometadata.sty
Package: pdflscape-nometadata 2022-10-28 v0.13 Display of landscape pages in PD
F (HO)

(C:\Users\Askeladd\AppData\Local\Programs\MiKTeX\tex/latex/graphics\lscape.sty
Package: lscape 2020/05/28 v3.02 Landscape Pages (DPC)
)
Package pdflscape Info: Auto-detected driver: pdftex on input line 81.
))
LaTeX Info: Redefining \microtypecontext on input line 62.
Package microtype Info: Applying patch `item' on input line 62.
Package microtype Info: Applying patch `toc' on input line 62.
Package microtype Info: Applying patch `eqnum' on input line 62.
Package microtype Info: Applying patch `footnote' on input line 62.
Package microtype Info: Applying patch `verbatim' on input line 62.
LaTeX Info: Redefining \microtypesetup on input line 62.
Package microtype Info: Generating PDF output.
Package microtype Info: Character protrusion enabled (level 2).
Package microtype Info: Using default protrusion set `alltext'.
Package microtype Info: Automatic font expansion enabled (level 2),
(microtype)             stretch: 20, shrink: 20, step: 1, non-selected.
Package microtype Info: Using default expansion set `alltext-nott'.
Package microtype Info: Patching command `\showhyphens'.
Package microtype Info: No adjustment of tracking.
Package microtype Info: No adjustment of interword spacing.
Package microtype Info: No adjustment of character kerning.

(C:\Users\Askeladd\AppData\Local\Programs\MiKTeX\tex/latex/microtype\mt-cmr.cfg
File: mt-cmr.cfg 2013/05/19 v2.2 microtype config. file: Computer Modern Roman 
(RS)
)
LaTeX Font Info:    Trying to load font information for OT1+lmr on input line 6
7.
 (C:\Users\Askeladd\AppData\Local\Programs\MiKTeX\tex/latex/lm\ot1lmr.fd
File: ot1lmr.fd 2015/05/01 v1.6.1 Font defs for Latin Modern
)
LaTeX Font Info:    Trying to load font information for OML+lmm on input line 6
7.

(C:\Users\Askeladd\AppData\Local\Programs\MiKTeX\tex/latex/lm\omllmm.fd
File: omllmm.fd 2015/05/01 v1.6.1 Font defs for Latin Modern
)
LaTeX Font Info:    Trying to load font information for OMS+lmsy on input line 
67.

(C:\Users\Askeladd\AppData\Local\Programs\MiKTeX\tex/latex/lm\omslmsy.fd
File: omslmsy.fd 2015/05/01 v1.6.1 Font defs for Latin Modern
)
LaTeX Font Info:    Trying to load font information for OMX+lmex on input line 
67.

(C:\Users\Askeladd\AppData\Local\Programs\MiKTeX\tex/latex/lm\omxlmex.fd
File: omxlmex.fd 2015/05/01 v1.6.1 Font defs for Latin Modern
)
LaTeX Font Info:    External font `lmex10' loaded for size
(Font)              <14.4> on input line 67.
LaTeX Font Info:    External font `lmex10' loaded for size
(Font)              <10> on input line 67.
LaTeX Font Info:    External font `lmex10' loaded for size
(Font)              <7> on input line 67.
LaTeX Font Info:    Trying to load font information for U+msa on input line 67.


(C:\Users\Askeladd\AppData\Local\Programs\MiKTeX\tex/latex/amsfonts\umsa.fd
File: umsa.fd 2013/01/14 v3.01 AMS symbols A
)
(C:\Users\Askeladd\AppData\Local\Programs\MiKTeX\tex/latex/microtype\mt-msa.cfg
File: mt-msa.cfg 2006/02/04 v1.1 microtype config. file: AMS symbols (a) (RS)
)
LaTeX Font Info:    Trying to load font information for U+msb on input line 67.

 (C:\Users\Askeladd\AppData\Local\Programs\MiKTeX\tex/latex/amsfonts\umsb.fd
File: umsb.fd 2013/01/14 v3.01 AMS symbols B
)
(C:\Users\Askeladd\AppData\Local\Programs\MiKTeX\tex/latex/microtype\mt-msb.cfg
File: mt-msb.cfg 2005/06/01 v1.0 microtype config. file: AMS symbols (b) (RS)
) [1

{C:/Users/Askeladd/AppData/Local/MiKTeX/fonts/map/pdftex/pdftex.map}{C:/Users/A
skeladd/AppData/Local/Programs/MiKTeX/fonts/enc/dvips/lm/lm-ec.enc}]
LaTeX Font Info:    External font `lmex10' loaded for size
(Font)              <12> on input line 77.
LaTeX Font Info:    External font `lmex10' loaded for size
(Font)              <8> on input line 77.
LaTeX Font Info:    External font `lmex10' loaded for size
(Font)              <6> on input line 77.

pdfTeX warning (ext4): destination with the same identifier (name{page.}) has b
een already used, duplicate ignored
<to be read again> 
                   \relax 
l.81 T
      his thesis provides four primary contributions: (1) formal benchmarkin...
[1


{C:/Users/Askeladd/AppData/Local/Programs/MiKTeX/fonts/enc/dvips/lm/lm-mathsy.e
nc}]
pdfTeX warning (ext4): destination with the same identifier (name{page.}) has b
een already used, duplicate ignored
<to be read again> 
                   \relax 
l.82 \clearpage
                [2]
LaTeX Font Info:    Trying to load font information for T1+lmtt on input line 1
00.

(C:\Users\Askeladd\AppData\Local\Programs\MiKTeX\tex/latex/lm\t1lmtt.fd
File: t1lmtt.fd 2015/05/01 v1.6.1 Font defs for Latin Modern
)
Package microtype Info: Loading generic protrusion settings for font family
(microtype)             `lmtt' (encoding: T1).
(microtype)             For optimal results, create family-specific settings.
(microtype)             See the microtype manual for details.

pdfTeX warning (ext4): destination with the same identifier (name{page.}) has b
een already used, duplicate ignored
<to be read again> 
                   \relax 
l.101 \clearpage
                 [3


]
pdfTeX warning (ext4): destination with the same identifier (name{page.}) has b
een already used, duplicate ignored
<to be read again> 
                   \relax 
l.101 \clearpage
                 [4] (d21.toc
pdfTeX warning (ext4): destination with the same identifier (name{page.}) has b
een already used, duplicate ignored
<to be read again> 
                   \relax 
l.29 ...ine {2}Literature Synthesis}{9}{chapter.2}
                                                  % [5


]
pdfTeX warning (ext4): destination with the same identifier (name{page.}) has b
een already used, duplicate ignored
<to be read again> 
                   \relax 
l.70 ...hematical Framework}{30}{subsection.3.2.1}
                                                  % [6]
pdfTeX warning (ext4): destination with the same identifier (name{page.}) has b
een already used, duplicate ignored
<to be read again> 
                   \relax 
l.141 ...4.8}Qualitative Results}{59}{section.4.8}
                                                  % [7]
pdfTeX warning (ext4): destination with the same identifier (name{page.}) has b
een already used, duplicate ignored
<to be read again> 
                   \relax 
l.181 ...r Rapid Adaptation}{77}{subsection.5.7.3}
                                                  % [8]
pdfTeX warning (ext4): destination with the same identifier (name{page.}) has b
een already used, duplicate ignored
<to be read again> 
                   \relax 
l.229 ...to Physical Swarms}{92}{subsection.6.7.3}
                                                  % [9]
pdfTeX warning (ext4): destination with the same identifier (name{page.}) has b
een already used, duplicate ignored
<to be read again> 
                   \relax 
l.262 ...8.4}Concluding Remarks}{107}{section.8.4}
                                                  % [10])
\tf@toc=\write5
\openout5 = `d21.toc'.


pdfTeX warning (ext4): destination with the same identifier (name{page.}) has b
een already used, duplicate ignored
<to be read again> 
                   \relax 
l.104 \clearpage
                 [11] (d21.lof
pdfTeX warning (ext4): destination with the same identifier (name{page.}) has b
een already used, duplicate ignored
<to be read again> 
                   \relax 
l.17 ...isual self-model.}}{47}{figure.caption.43}
                                                  % [12


]
pdfTeX warning (ext4): destination with the same identifier (name{page.}) has b
een already used, duplicate ignored
<to be read again> 
                   \relax 
l.35 ...Hz control loops.}}{96}{figure.caption.99}
                                                  % [13{C:/Users/Askeladd/AppDa
ta/Local/Programs/MiKTeX/fonts/enc/dvips/lm/lm-mathit.enc}{C:/Users/Askeladd/Ap
pData/Local/Programs/MiKTeX/fonts/enc/dvips/lm/lm-rm.enc}])
\tf@lof=\write6
\openout6 = `d21.lof'.


pdfTeX warning (ext4): destination with the same identifier (name{page.}) has b
een already used, duplicate ignored
<to be read again> 
                   \relax 
l.107 \clearpage
                 [14] (d21.lot)
\tf@lot=\write7
\openout7 = `d21.lot'.


pdfTeX warning (ext4): destination with the same identifier (name{page.}) has b
een already used, duplicate ignored
<to be read again> 
                   \relax 
l.110 \clearpage
                 [15


]
Chapter 1.
[1


]
<figures/self_modeling_pipeline.pdf, id=1377, 452.96225pt x 171.20964pt>
File: figures/self_modeling_pipeline.pdf Graphic file (type pdf)
<use figures/self_modeling_pipeline.pdf>
Package pdftex.def Info: figures/self_modeling_pipeline.pdf  used on input line
 148.
(pdftex.def)             Requested size: 445.99553pt x 168.5837pt.
 [2]
<figures/timeline_self_modeling.pdf, id=1383, 374.9508pt x 76.22478pt>
File: figures/timeline_self_modeling.pdf Graphic file (type pdf)
<use figures/timeline_self_modeling.pdf>
Package pdftex.def Info: figures/timeline_self_modeling.pdf  used on input line
 155.
(pdftex.def)             Requested size: 445.99553pt x 90.6702pt.
 [3 <./figures/self_modeling_pipeline.pdf> <./figures/timeline_self_modeling.pd
f>] [4] [5] [6] [7] [8]
Chapter 2.
<figures/survey_taxonomy.pdf, id=1474, 435.8985pt x 95.3462pt>
File: figures/survey_taxonomy.pdf Graphic file (type pdf)
<use figures/survey_taxonomy.pdf>
Package pdftex.def Info: figures/survey_taxonomy.pdf  used on input line 291.
(pdftex.def)             Requested size: 445.99553pt x 97.5588pt.
[9


 <./figures/survey_taxonomy.pdf>] [10] [11] [12]
LaTeX Font Info:    Trying to load font information for OT1+lmss on input line 
360.

(C:\Users\Askeladd\AppData\Local\Programs\MiKTeX\tex/latex/lm\ot1lmss.fd
File: ot1lmss.fd 2015/05/01 v1.6.1 Font defs for Latin Modern
)
Package microtype Info: Loading generic protrusion settings for font family
(microtype)             `lmss' (encoding: OT1).
(microtype)             For optimal results, create family-specific settings.
(microtype)             See the microtype manual for details.

[13{C:/Users/Askeladd/AppData/Local/Programs/MiKTeX/fonts/enc/dvips/lm/lm-mathe
x.enc}]
Overfull \hbox (30.78804pt too wide) in paragraph at lines 369--371
\T1/lmr/m/n/12 (-20) The 2D Gaus-sian func-tion for pixel co-or-di-nates $\OT1/
lmr/bx/n/12 (-20) u \OMS/lmsy/m/n/12 2 \U/msb/m/n/12 R[]$ \T1/lmr/m/n/12 (-20) 
is $\OML/lmm/m/it/12 G[]\OT1/lmr/m/n/12 (-20) (\OT1/lmr/bx/n/12 (-20) u\OT1/lmr
/m/n/12 (-20) ) = [] []$\T1/lmr/m/n/12 (-20) ,
 []

[14] [15]
<figures/sim2real_digital_twin.pdf, id=1651, 379.43756pt x 175.09415pt>
File: figures/sim2real_digital_twin.pdf Graphic file (type pdf)
<use figures/sim2real_digital_twin.pdf>
Package pdftex.def Info: figures/sim2real_digital_twin.pdf  used on input line 
413.
(pdftex.def)             Requested size: 445.99553pt x 205.82379pt.
 [16 <./figures/sim2real_digital_twin.pdf>] [17] [18] [19] [20]
[21] [22] [23]
Chapter 3.
LaTeX Font Info:    Trying to load font information for TS1+lmr on input line 5
48.
(C:\Users\Askeladd\AppData\Local\Programs\MiKTeX\tex/latex/lm\ts1lmr.fd
File: ts1lmr.fd 2015/05/01 v1.6.1 Font defs for Latin Modern
)
[24


{C:/Users/Askeladd/AppData/Local/Programs/MiKTeX/fonts/enc/dvips/lm/lm-ts1.enc}
]
<figures/pybullet_setup.png, id=1806, 500.36937pt x 343.2825pt>
File: figures/pybullet_setup.png Graphic file (type png)
<use figures/pybullet_setup.png>
Package pdftex.def Info: figures/pybullet_setup.png  used on input line 589.
(pdftex.def)             Requested size: 422.52057pt x 289.88483pt.
 [25] [26 <./figures/pybullet_setup.png>]
<figures/lorenz_trajectories.png, id=1824, 714.7503pt x 426.393pt>
File: figures/lorenz_trajectories.png Graphic file (type png)
<use figures/lorenz_trajectories.png>
Package pdftex.def Info: figures/lorenz_trajectories.png  used on input line 63
5.
(pdftex.def)             Requested size: 445.99553pt x 266.07205pt.
 [27]
<figures/data_pipeline.png, id=1837, 1068.8733pt x 369.2997pt>
File: figures/data_pipeline.png Graphic file (type png)
<use figures/data_pipeline.png>
Package pdftex.def Info: figures/data_pipeline.png  used on input line 662.
(pdftex.def)             Requested size: 445.99553pt x 154.09613pt.
 [28 <./figures/lorenz_trajectories.png>]
<figures/sample_poses.png, id=1851, 1107.8991pt x 569.4876pt>
File: figures/sample_poses.png Graphic file (type png)
<use figures/sample_poses.png>
Package pdftex.def Info: figures/sample_poses.png  used on input line 681.
(pdftex.def)             Requested size: 445.99553pt x 229.25087pt.
 [29 <./figures/data_pipeline.png>] [30 <./figures/sample_poses.png>] [31] [32]
 [33] [34] [35]
<figures/ffksm_results.png, id=1910, 1123.0758pt x 569.4876pt>
File: figures/ffksm_results.png Graphic file (type png)
<use figures/ffksm_results.png>
Package pdftex.def Info: figures/ffksm_results.png  used on input line 920.
(pdftex.def)             Requested size: 445.99553pt x 226.14865pt.
 [36]
<figures/nerf loss and validation.png, id=1920, 1003.8303pt x 354.123pt>
File: figures/nerf loss and validation.png Graphic file (type png)
<use figures/nerf loss and validation.png>
Package pdftex.def Info: figures/nerf loss and validation.png  used on input li
ne 927.
(pdftex.def)             Requested size: 445.99553pt x 157.33296pt.
 [37 <./figures/ffksm_results.png> <./figures/nerf loss and validation.png>]
Overfull \hbox (30.78804pt too wide) in paragraph at lines 949--951
\T1/lmr/m/n/12 (-20) The 2D Gaus-sian func-tion for pixel co-or-di-nates $\OT1/
lmr/bx/n/12 (-20) u \OMS/lmsy/m/n/12 2 \U/msb/m/n/12 R[]$ \T1/lmr/m/n/12 (-20) 
is $\OML/lmm/m/it/12 G[]\OT1/lmr/m/n/12 (-20) (\OT1/lmr/bx/n/12 (-20) u\OT1/lmr
/m/n/12 (-20) ) = [] []$\T1/lmr/m/n/12 (-20) ,
 []

[38] [39] [40]
<figures/k3dgs_results.png, id=1954, 1264.725pt x 640.3122pt>
File: figures/k3dgs_results.png Graphic file (type png)
<use figures/k3dgs_results.png>
Package pdftex.def Info: figures/k3dgs_results.png  used on input line 1070.
(pdftex.def)             Requested size: 445.99553pt x 225.79312pt.
 [41]
<figures/3dgs loss speed fps.png, id=1961, 1290.7422pt x 354.123pt>
File: figures/3dgs loss speed fps.png Graphic file (type png)
<use figures/3dgs loss speed fps.png>
Package pdftex.def Info: figures/3dgs loss speed fps.png  used on input line 10
77.
(pdftex.def)             Requested size: 445.99553pt x 122.36168pt.
 [42 <./figures/k3dgs_results.png> <./figures/3dgs loss speed fps.png>]
Overfull \hbox (8.19485pt too wide) in paragraph at lines 1121--1122
\OT1/lmr/m/n/12 (-20) 10\OML/lmm/m/it/12 ; \OT1/lmr/m/n/12 (-20) 000$ \T1/lmr/m
/n/12 (-20) pixel im-age. Each eval-u-a-tion con-tributes gra-di-ent in-for-ma-
tion for only $\OT1/lmr/m/n/12 (-20) 10\OML/lmm/m/it/12 ; \OT1/lmr/m/n/12 (-20)
 000\OML/lmm/m/it/12 =\OT1/lmr/m/n/12 (-20) 640\OML/lmm/m/it/12 ; \OT1/lmr/m/n/
12 (-20) 000 =
 []

[43]
Chapter 4.
[44


] [45]
<figures/CNN architecture.png, id=1991, 782.17218pt x 1108.14pt>
File: figures/CNN architecture.png Graphic file (type png)
<use figures/CNN architecture.png>
Package pdftex.def Info: figures/CNN architecture.png  used on input line 1200.

(pdftex.def)             Requested size: 445.99553pt x 631.86618pt.
 [46] [47 <./figures/CNN architecture.png>] [48] [49] [50] [51]
<figures/2 view data generation sample.png, id=2048, 492.1587pt x 860.013pt>
File: figures/2 view data generation sample.png Graphic file (type png)
<use figures/2 view data generation sample.png>
Package pdftex.def Info: figures/2 view data generation sample.png  used on inp
ut line 1366.
(pdftex.def)             Requested size: 284.55107pt x 497.23315pt.
<figures/2 view end effector position.png, id=2049, 422.0568pt x 426.393pt>
File: figures/2 view end effector position.png Graphic file (type png)
<use figures/2 view end effector position.png>
Package pdftex.def Info: figures/2 view end effector position.png  used on inpu
t line 1373.
(pdftex.def)             Requested size: 445.99553pt x 450.60161pt.

[52 <./figures/2 view data generation sample.png>] [53 <./figures/2 view end ef
fector position.png>] [54] [55]
<figures/neurokin 2d loss training.png, id=2086, 1003.8303pt x 354.123pt>
File: figures/neurokin 2d loss training.png Graphic file (type png)
<use figures/neurokin 2d loss training.png>
Package pdftex.def Info: figures/neurokin 2d loss training.png  used on input l
ine 1494.
(pdftex.def)             Requested size: 445.99553pt x 157.33296pt.
 [56 <./figures/neurokin 2d loss training.png>]
[57] [58]
<figures/neurokin_results.png, id=2102, 1120.185pt x 569.4876pt>
File: figures/neurokin_results.png Graphic file (type png)
<use figures/neurokin_results.png>
Package pdftex.def Info: figures/neurokin_results.png  used on input line 1662.

(pdftex.def)             Requested size: 445.99553pt x 226.73955pt.
 [59 <./figures/neurokin_results.png>]
<figures/end-effector-position gt vs prediction.png, id=2108, 642.4803pt x 642.
4803pt>
File: figures/end-effector-position gt vs prediction.png Graphic file (type png
)
<use figures/end-effector-position gt vs prediction.png>
Package pdftex.def Info: figures/end-effector-position gt vs prediction.png  us
ed on input line 1673.
(pdftex.def)             Requested size: 445.99553pt x 445.99803pt.
<figures/end-effector-position-and-joint-angles-error.png, id=2109, 952.5186pt 
x 426.393pt>
File: figures/end-effector-position-and-joint-angles-error.png Graphic file (ty
pe png)
<use figures/end-effector-position-and-joint-angles-error.png>
Package pdftex.def Info: figures/end-effector-position-and-joint-angles-error.p
ng  used on input line 1680.
(pdftex.def)             Requested size: 445.99553pt x 199.65001pt.
 [60 <./figures/end-effector-position gt vs prediction.png>] [61 <./figures/end
-effector-position-and-joint-angles-error.png>] [62] [63]
Chapter 5.

Overfull \hbox (0.21962pt too wide) in paragraph at lines 1733--1733
[]\T1/lmr/bx/n/17.28 (-20) Controller In-te-gra-tion: Resolved-Rate In-verse Ki
ne-
 []

[64


] [65]
<figures/control loop flowchart.png, id=2152, 1684.2925pt x 2722.17pt>
File: figures/control loop flowchart.png Graphic file (type png)
<use figures/control loop flowchart.png>
Package pdftex.def Info: figures/control loop flowchart.png  used on input line
 1773.
(pdftex.def)             Requested size: 445.99553pt x 720.79012pt.
 [66]
Overfull \vbox (43.05426pt too high) has occurred while \output is active []


[67 <./figures/control loop flowchart.png>] [68]
<figures/closedloop-endeffector-error.png, id=2179, 570.933pt x 281.853pt>
File: figures/closedloop-endeffector-error.png Graphic file (type png)
<use figures/closedloop-endeffector-error.png>
Package pdftex.def Info: figures/closedloop-endeffector-error.png  used on inpu
t line 1820.
(pdftex.def)             Requested size: 445.99553pt x 220.1842pt.
<figures/closedloop-endeffector-position-plot.png, id=2180, 424.9476pt x 426.39
3pt>
File: figures/closedloop-endeffector-position-plot.png Graphic file (type png)
<use figures/closedloop-endeffector-position-plot.png>
Package pdftex.def Info: figures/closedloop-endeffector-position-plot.png  used
 on input line 1827.
(pdftex.def)             Requested size: 445.99553pt x 447.51765pt.
 [69 <./figures/closedloop-endeffector-error.png>]
<figures/closedloop-joint-error.png, id=2187, 859.2903pt x 570.933pt>
File: figures/closedloop-joint-error.png Graphic file (type png)
<use figures/closedloop-joint-error.png>
Package pdftex.def Info: figures/closedloop-joint-error.png  used on input line
 1834.
(pdftex.def)             Requested size: 445.99553pt x 296.32932pt.
 [70 <./figures/closedloop-endeffector-position-plot.png>]
[71 <./figures/closedloop-joint-error.png>] [72]
<figures/closedloop-endeffector-error-with-damage.png, id=2205, 642.4803pt x 35
4.123pt>
File: figures/closedloop-endeffector-error-with-damage.png Graphic file (type p
ng)
<use figures/closedloop-endeffector-error-with-damage.png>
Package pdftex.def Info: figures/closedloop-endeffector-error-with-damage.png  
used on input line 1915.
(pdftex.def)             Requested size: 445.99553pt x 245.82567pt.
 [73]
Overfull \hbox (29.63062pt too wide) in paragraph at lines 1932--1942
 [][] 
 []

[74 <./figures/closedloop-endeffector-error-with-damage.png>] [75] [76]
[77] [78] [79] [80]
Chapter 6.
[81


] [82]
Overfull \hbox (67.75478pt too wide) in paragraph at lines 2146--2146
[]        \T1/lmtt/m/n/12 mode = "recovery" if factory_state["consecutive_failu
res"] >= 2 else "standard"[] 
 []


Overfull \hbox (67.75478pt too wide) in paragraph at lines 2146--2146
[]        \T1/lmtt/m/n/12 target = np.array([0.15, 0.0, 0.15]) if mode == "reco
very" else sample_target()[] 
 []


Overfull \hbox (30.70476pt too wide) in paragraph at lines 2146--2146
[]        \T1/lmtt/m/n/12 success = run_visual_ik_loop(target, tol, fault_prob=
get_prob(stage_idx))[] 
 []


Overfull \hbox (237.47919pt too wide) in paragraph at lines 2127--2148
\T1/lmr/m/n/12 (-20) dling fol-lows the ex-e-cu-tion logic de-tailed be-low: $[
]$ 
 []

[83]

LaTeX Warning: File `figures/swarm control loop flowchart.png' not found on inp
ut line 2195.


! Package pdftex.def Error: File `figures/swarm control loop flowchart.png' not
 found: using draft setting.

See the pdftex.def package documentation for explanation.
Type  H <return>  for immediate help.
 ...                                              
                                                  
l.2195 ...igures/swarm control loop flowchart.png}
                                                  
Try typing  <return>  to proceed.
If that doesn't work, type  X <return>  to quit.

[84] [85]
Overfull \hbox (19.01778pt too wide) in paragraph at lines 2234--2235
[]\T1/lmr/m/n/12 (-20) The re-cov-ery mode is not a per-ma-nent state; a sin-gl
e suc-cess re-sets \T1/lmtt/m/n/12 consecutive_failures
 []

[86] [87]
<figures/Neurokin vs Basline with fault.png, id=2306, 859.2903pt x 281.853pt>
File: figures/Neurokin vs Basline with fault.png Graphic file (type png)
<use figures/Neurokin vs Basline with fault.png>
Package pdftex.def Info: figures/Neurokin vs Basline with fault.png  used on in
put line 2289.
(pdftex.def)             Requested size: 445.99553pt x 146.28915pt.
<figures/Algorithm Efficiency in Steps.png, id=2307, 614.295pt x 339.669pt>
File: figures/Algorithm Efficiency in Steps.png Graphic file (type png)
<use figures/Algorithm Efficiency in Steps.png>
Package pdftex.def Info: figures/Algorithm Efficiency in Steps.png  used on inp
ut line 2296.
(pdftex.def)             Requested size: 445.99553pt x 246.61392pt.
 [88 <./figures/Neurokin vs Basline with fault.png>] [89 <./figures/Algorithm E
fficiency in Steps.png>]
Underfull \hbox (badness 10000) in paragraph at lines 2330--2330
[]|\T1/lmr/bx/n/12 (+20) Temporal stig-
 []

[90] [91] [92] [93]
Chapter 7.
[94


]
<figures/pareto_frontier.png, id=2351, 567.8013pt x 422.2977pt>
File: figures/pareto_frontier.png Graphic file (type png)
<use figures/pareto_frontier.png>
Package pdftex.def Info: figures/pareto_frontier.png  used on input line 2411.
(pdftex.def)             Requested size: 445.99553pt x 331.71062pt.
 [95] [96 <./figures/pareto_frontier.png>] [97]
Overfull \hbox (10.60933pt too wide) in paragraph at lines 2446--2447
[]\T1/lmr/m/n/12 (-20) Temporal stig-mergy is po-si-tioned as a \T1/lmr/m/it/12
 (-20) com-pu-ta-tional pre-req-ui-site \T1/lmr/m/n/12 (-20) for swarm coordina
tion---
 []

[98] [99] [100] [101] [102]
Chapter 8.
[103


] [104] [105] [106] [107] [108


] [109] [110] [111] [112] [113] [114]
[115] [116] (d21.aux)
 ***********
LaTeX2e <2025-11-01>
L3 programming layer <2025-12-24>
 ***********
Package rerunfilecheck Info: File `d21.out' has not changed.
(rerunfilecheck)             Checksum: 9E0F0CD456AB4B6435ACF1A16783DBF8;58777.
 ) 
Here is how much of TeX's memory you used:
 20196 strings out of 467871
 348258 string characters out of 5416925
 806546 words of memory out of 5000000
 47644 multiletter control sequences out of 15000+600000
 741446 words of font info for 303 fonts, out of 8000000 for 9000
 1141 hyphenation exceptions out of 8191
 94i,13n,93p,1329b,692s stack positions out of 10000i,1000n,20000p,200000b,200000s
<C:/Users/Askeladd/AppData/Local/Programs/MiKTeX/fonts/type1/public/lm/lmbx12
.pfb><C:/Users/Askeladd/AppData/Local/Programs/MiKTeX/fonts/type1/public/lm/lmb
x8.pfb><C:/Users/Askeladd/AppData/Local/Programs/MiKTeX/fonts/type1/public/lm/l
mex10.pfb><C:/Users/Askeladd/AppData/Local/Programs/MiKTeX/fonts/type1/public/l
m/lmmi12.pfb><C:/Users/Askeladd/AppData/Local/Programs/MiKTeX/fonts/type1/publi
c/lm/lmmi6.pfb><C:/Users/Askeladd/AppData/Local/Programs/MiKTeX/fonts/type1/pub
lic/lm/lmmi8.pfb><C:/Users/Askeladd/AppData/Local/Programs/MiKTeX/fonts/type1/p
ublic/lm/lmmib10.pfb><C:/Users/Askeladd/AppData/Local/Programs/MiKTeX/fonts/typ
e1/public/lm/lmr12.pfb><C:/Users/Askeladd/AppData/Local/Programs/MiKTeX/fonts/t
ype1/public/lm/lmr6.pfb><C:/Users/Askeladd/AppData/Local/Programs/MiKTeX/fonts/
type1/public/lm/lmr8.pfb><C:/Users/Askeladd/AppData/Local/Programs/MiKTeX/fonts
/type1/public/lm/lmri12.pfb><C:/Users/Askeladd/AppData/Local/Programs/MiKTeX/fo
nts/type1/public/lm/lmss8.pfb><C:/Users/Askeladd/AppData/Local/Programs/MiKTeX/
fonts/type1/public/lm/lmsy10.pfb><C:/Users/Askeladd/AppData/Local/Programs/MiKT
eX/fonts/type1/public/lm/lmsy6.pfb><C:/Users/Askeladd/AppData/Local/Programs/Mi
KTeX/fonts/type1/public/lm/lmsy8.pfb><C:/Users/Askeladd/AppData/Local/Programs/
MiKTeX/fonts/type1/public/lm/lmtt12.pfb><C:/Users/Askeladd/AppData/Local/Progra
ms/MiKTeX/fonts/type1/public/amsfonts/symbols/msbm10.pfb>
Output written on d21.pdf (132 pages, 4063917 bytes).
PDF statistics:
 2734 PDF objects out of 2984 (max. 8388607)
 692 named destinations out of 1000 (max. 500000)
 61836 words of extra memory for PDF output out of 61914 (max. 10000000)

