This is pdfTeX, Version 3.141592653-2.6-1.40.28 (MiKTeX 25.12) (preloaded format=pdflatex 2026.3.5)  20 MAY 2026 15:00
entering extended mode
 restricted \write18 enabled.
 %&-line parsing enabled.
**./d7.tex
(d7.tex
LaTeX2e <2025-11-01>
L3 programming layer <2025-12-24>
(C:\Users\Askeladd\AppData\Local\Programs\MiKTeX\tex/latex/base\report.cls
Document Class: report 2025/01/22 v1.4n Standard LaTeX document class
(C:\Users\Askeladd\AppData\Local\Programs\MiKTeX\tex/latex/base\size12.clo
File: size12.clo 2025/01/22 v1.4n Standard LaTeX file (size option)
)
\c@part=\count275
\c@chapter=\count276
\c@section=\count277
\c@subsection=\count278
\c@subsubsection=\count279
\c@paragraph=\count280
\c@subparagraph=\count281
\c@figure=\count282
\c@table=\count283
\abovecaptionskip=\skip49
\belowcaptionskip=\skip50
\bibindent=\dimen148
)
(C:\Users\Askeladd\AppData\Local\Programs\MiKTeX\tex/latex/base\inputenc.sty
Package: inputenc 2024/02/08 v1.3d Input encoding file
\inpenc@prehook=\toks17
\inpenc@posthook=\toks18
)
(C:\Users\Askeladd\AppData\Local\Programs\MiKTeX\tex/latex/base\fontenc.sty
Package: fontenc 2025/07/18 v2.1d Standard LaTeX package
)
(C:\Users\Askeladd\AppData\Local\Programs\MiKTeX\tex/latex/amsmath\amsmath.sty
Package: amsmath 2025/07/09 v2.17z AMS math features
\@mathmargin=\skip51

For additional information on amsmath, use the `?' option.
(C:\Users\Askeladd\AppData\Local\Programs\MiKTeX\tex/latex/amsmath\amstext.sty
Package: amstext 2024/11/17 v2.01 AMS text

(C:\Users\Askeladd\AppData\Local\Programs\MiKTeX\tex/latex/amsmath\amsgen.sty
File: amsgen.sty 1999/11/30 v2.0 generic functions
\@emptytoks=\toks19
\ex@=\dimen149
)) (C:\Users\Askeladd\AppData\Local\Programs\MiKTeX\tex/latex/amsmath\amsbsy.st
y
Package: amsbsy 1999/11/29 v1.2d Bold Symbols
\pmbraise@=\dimen150
) (C:\Users\Askeladd\AppData\Local\Programs\MiKTeX\tex/latex/amsmath\amsopn.sty
Package: amsopn 2022/04/08 v2.04 operator names
)
\inf@bad=\count284
LaTeX Info: Redefining \frac on input line 233.
\uproot@=\count285
\leftroot@=\count286
LaTeX Info: Redefining \overline on input line 398.
LaTeX Info: Redefining \colon on input line 409.
\classnum@=\count287
\DOTSCASE@=\count288
LaTeX Info: Redefining \ldots on input line 495.
LaTeX Info: Redefining \dots on input line 498.
LaTeX Info: Redefining \cdots on input line 619.
\Mathstrutbox@=\box53
\strutbox@=\box54
LaTeX Info: Redefining \big on input line 721.
LaTeX Info: Redefining \Big on input line 722.
LaTeX Info: Redefining \bigg on input line 723.
LaTeX Info: Redefining \Bigg on input line 724.
\big@size=\dimen151
LaTeX Font Info:    Redeclaring font encoding OML on input line 742.
LaTeX Font Info:    Redeclaring font encoding OMS on input line 743.
\macc@depth=\count289
LaTeX Info: Redefining \bmod on input line 904.
LaTeX Info: Redefining \pmod on input line 909.
LaTeX Info: Redefining \smash on input line 939.
LaTeX Info: Redefining \relbar on input line 969.
LaTeX Info: Redefining \Relbar on input line 970.
\c@MaxMatrixCols=\count290
\dotsspace@=\muskip17
\c@parentequation=\count291
\dspbrk@lvl=\count292
\tag@help=\toks20
\row@=\count293
\column@=\count294
\maxfields@=\count295
\andhelp@=\toks21
\eqnshift@=\dimen152
\alignsep@=\dimen153
\tagshift@=\dimen154
\tagwidth@=\dimen155
\totwidth@=\dimen156
\lineht@=\dimen157
\@envbody=\toks22
\multlinegap=\skip52
\multlinetaggap=\skip53
\mathdisplay@stack=\toks23
LaTeX Info: Redefining \[ on input line 2950.
LaTeX Info: Redefining \] on input line 2951.
)
(C:\Users\Askeladd\AppData\Local\Programs\MiKTeX\tex/latex/amsfonts\amssymb.sty
Package: amssymb 2013/01/14 v3.01 AMS font symbols

(C:\Users\Askeladd\AppData\Local\Programs\MiKTeX\tex/latex/amsfonts\amsfonts.st
y
Package: amsfonts 2013/01/14 v3.01 Basic AMSFonts support
\symAMSa=\mathgroup4
\symAMSb=\mathgroup5
LaTeX Font Info:    Redeclaring math symbol \hbar on input line 98.
LaTeX Font Info:    Overwriting math alphabet `\mathfrak' in version `bold'
(Font)                  U/euf/m/n --> U/euf/b/n on input line 106.
))
(C:\Users\Askeladd\AppData\Local\Programs\MiKTeX\tex/latex/graphics\graphicx.st
y
Package: graphicx 2024/12/31 v1.2e Enhanced LaTeX Graphics (DPC,SPQR)

(C:\Users\Askeladd\AppData\Local\Programs\MiKTeX\tex/latex/graphics\keyval.sty
Package: keyval 2022/05/29 v1.15 key=value parser (DPC)
\KV@toks@=\toks24
)
(C:\Users\Askeladd\AppData\Local\Programs\MiKTeX\tex/latex/graphics\graphics.st
y
Package: graphics 2024/08/06 v1.4g Standard LaTeX Graphics (DPC,SPQR)
 (C:\Users\Askeladd\AppData\Local\Programs\MiKTeX\tex/latex/graphics\trig.sty
Package: trig 2023/12/02 v1.11 sin cos tan (DPC)
)
(C:\Users\Askeladd\AppData\Local\Programs\MiKTeX\tex/latex/graphics-cfg\graphic
s.cfg
File: graphics.cfg 2016/06/04 v1.11 sample graphics configuration
)
Package graphics Info: Driver file: pdftex.def on input line 106.

(C:\Users\Askeladd\AppData\Local\Programs\MiKTeX\tex/latex/graphics-def\pdftex.
def
File: pdftex.def 2025/09/29 v1.2d Graphics/color driver for pdftex
))
\Gin@req@height=\dimen158
\Gin@req@width=\dimen159
)
(C:\Users\Askeladd\AppData\Roaming\MiKTeX\tex/latex/geometry\geometry.sty
Package: geometry 2020/01/02 v5.9 Page Geometry

(C:\Users\Askeladd\AppData\Local\Programs\MiKTeX\tex/generic/iftex\ifvtex.sty
Package: ifvtex 2019/10/25 v1.7 ifvtex legacy package. Use iftex instead.

(C:\Users\Askeladd\AppData\Local\Programs\MiKTeX\tex/generic/iftex\iftex.sty
Package: iftex 2024/12/12 v1.0g TeX engine tests
))
\Gm@cnth=\count296
\Gm@cntv=\count297
\c@Gm@tempcnt=\count298
\Gm@bindingoffset=\dimen160
\Gm@wd@mp=\dimen161
\Gm@odd@mp=\dimen162
\Gm@even@mp=\dimen163
\Gm@layoutwidth=\dimen164
\Gm@layoutheight=\dimen165
\Gm@layouthoffset=\dimen166
\Gm@layoutvoffset=\dimen167
\Gm@dimlist=\toks25

(C:\Users\Askeladd\AppData\Roaming\MiKTeX\tex/latex/geometry\geometry.cfg))
(C:\Users\Askeladd\AppData\Roaming\MiKTeX\tex/latex/setspace\setspace.sty
Package: setspace 2022/12/04 v6.7b set line spacing
)
(C:\Users\Askeladd\AppData\Roaming\MiKTeX\tex/latex/booktabs\booktabs.sty
Package: booktabs 2020/01/12 v1.61803398 Publication quality tables
\heavyrulewidth=\dimen168
\lightrulewidth=\dimen169
\cmidrulewidth=\dimen170
\belowrulesep=\dimen171
\belowbottomsep=\dimen172
\aboverulesep=\dimen173
\abovetopsep=\dimen174
\cmidrulesep=\dimen175
\cmidrulekern=\dimen176
\defaultaddspace=\dimen177
\@cmidla=\count299
\@cmidlb=\count300
\@aboverulesep=\dimen178
\@belowrulesep=\dimen179
\@thisruleclass=\count301
\@lastruleclass=\count302
\@thisrulewidth=\dimen180
)
(C:\Users\Askeladd\AppData\Local\Programs\MiKTeX\tex/latex/tools\array.sty
Package: array 2025/09/25 v2.6n Tabular extension package (FMi)
\col@sep=\dimen181
\ar@mcellbox=\box55
\extrarowheight=\dimen182
\NC@list=\toks26
\extratabsurround=\skip54
\backup@length=\skip55
\ar@cellbox=\box56
)
(C:\Users\Askeladd\AppData\Local\Programs\MiKTeX\tex/latex/float\float.sty
Package: float 2001/11/08 v1.3d Float enhancements (AL)
\c@float@type=\count303
\float@exts=\toks27
\float@box=\box57
\@float@everytoks=\toks28
\@floatcapt=\box58
)
(C:\Users\Askeladd\AppData\Roaming\MiKTeX\tex/latex/caption\caption.sty
Package: caption 2023/08/05 v3.6o Customizing captions (AR)

(C:\Users\Askeladd\AppData\Roaming\MiKTeX\tex/latex/caption\caption3.sty
Package: caption3 2023/07/31 v2.4d caption3 kernel (AR)
\caption@tempdima=\dimen183
\captionmargin=\dimen184
\caption@leftmargin=\dimen185
\caption@rightmargin=\dimen186
\caption@width=\dimen187
\caption@indent=\dimen188
\caption@parindent=\dimen189
\caption@hangindent=\dimen190
Package caption Info: Standard document class detected.
)
\c@caption@flags=\count304
\c@continuedfloat=\count305
Package caption Info: float package is loaded.
)
(C:\Users\Askeladd\AppData\Roaming\MiKTeX\tex/latex/caption\subcaption.sty
Package: subcaption 2023/07/28 v1.6b Sub-captions (AR)
Package caption Info: New subtype `subfigure' on input line 238.
\c@subfigure=\count306
Package caption Info: New subtype `subtable' on input line 238.
\c@subtable=\count307
)
(C:\Users\Askeladd\AppData\Local\Programs\MiKTeX\tex/latex/xcolor\xcolor.sty
Package: xcolor 2024/09/29 v3.02 LaTeX color extensions (UK)

(C:\Users\Askeladd\AppData\Local\Programs\MiKTeX\tex/latex/graphics-cfg\color.c
fg
File: color.cfg 2016/01/02 v1.6 sample color configuration
)
Package xcolor Info: Driver file: pdftex.def on input line 274.

(C:\Users\Askeladd\AppData\Local\Programs\MiKTeX\tex/latex/graphics\mathcolor.l
tx)
Package xcolor Info: Model `cmy' substituted by `cmy0' on input line 1349.
Package xcolor Info: Model `hsb' substituted by `rgb' on input line 1353.
Package xcolor Info: Model `RGB' extended on input line 1365.
Package xcolor Info: Model `HTML' substituted by `rgb' on input line 1367.
Package xcolor Info: Model `Hsb' substituted by `hsb' on input line 1368.
Package xcolor Info: Model `tHsb' substituted by `hsb' on input line 1369.
Package xcolor Info: Model `HSB' substituted by `hsb' on input line 1370.
Package xcolor Info: Model `Gray' substituted by `gray' on input line 1371.
Package xcolor Info: Model `wave' substituted by `hsb' on input line 1372.
) (C:\Users\Askeladd\AppData\Roaming\MiKTeX\tex/latex/enumitem\enumitem.sty
Package: enumitem 2025/02/06 v3.11 Customized lists
\labelindent=\skip56
\enit@outerparindent=\dimen191
\enit@toks=\toks29
\enit@inbox=\box59
\enit@count@id=\count308
\enitdp@description=\count309
)
(C:\Users\Askeladd\AppData\Local\Programs\MiKTeX\tex/latex/pdfpages\pdfpages.st
y
Package: pdfpages 2025/07/23 v0.6g Insert pages of external PDF documents (AM)
 (C:\Users\Askeladd\AppData\Local\Programs\MiKTeX\tex/latex/base\ifthen.sty
Package: ifthen 2024/03/16 v1.1e Standard LaTeX ifthen package (DPC)
)
(C:\Users\Askeladd\AppData\Local\Programs\MiKTeX\tex/latex/tools\calc.sty
Package: calc 2025/03/01 v4.3b Infix arithmetic (KKT,FJ)
\calc@Acount=\count310
\calc@Bcount=\count311
\calc@Adimen=\dimen192
\calc@Bdimen=\dimen193
\calc@Askip=\skip57
\calc@Bskip=\skip58
LaTeX Info: Redefining \setlength on input line 86.
LaTeX Info: Redefining \addtolength on input line 87.
\calc@Ccount=\count312
\calc@Cskip=\skip59
)
(C:\Users\Askeladd\AppData\Local\Programs\MiKTeX\tex/latex/eso-pic\eso-pic.sty
Package: eso-pic 2025/12/10 v3.0d eso-pic (RN)
\ESO@tempdima=\dimen194
\ESO@tempdimb=\dimen195
)
(C:\Users\Askeladd\AppData\Local\Programs\MiKTeX\tex/latex/etoolbox\etoolbox.st
y
Package: etoolbox 2025/10/02 v2.5m e-TeX tools for LaTeX (JAW)
\etb@tempcnta=\count313
)
\AM@pagewidth=\dimen196
\AM@pageheight=\dimen197
\AM@fboxrule=\dimen198

(C:\Users\Askeladd\AppData\Local\Programs\MiKTeX\tex/latex/pdfpages\pppdftex.de
f
File: pppdftex.def 2025/07/23 v0.6g Pdfpages driver for pdfTeX (AM)
)
\pdfpages@includegraphics@status=\count314
\AM@pagebox=\box60
\AM@global@opts=\toks30
\AM@pagecnt=\count315
\AM@toc@title=\toks31
\AM@lof@heading=\toks32
\c@AM@survey=\count316
\AM@templatesizebox=\box61
) (C:\Users\Askeladd\AppData\Roaming\MiKTeX\tex/latex/fancyhdr\fancyhdr.sty
Package: fancyhdr 2025/02/07 v5.2 Extensive control of page headers and footers

\f@nch@headwidth=\skip60
\f@nch@offset@elh=\skip61
\f@nch@offset@erh=\skip62
\f@nch@offset@olh=\skip63
\f@nch@offset@orh=\skip64
\f@nch@offset@elf=\skip65
\f@nch@offset@erf=\skip66
\f@nch@offset@olf=\skip67
\f@nch@offset@orf=\skip68
\f@nch@height=\skip69
\f@nch@footalignment=\skip70
\f@nch@widthL=\skip71
\f@nch@widthC=\skip72
\f@nch@widthR=\skip73
\@temptokenb=\toks33
)
(C:\Users\Askeladd\AppData\Local\Programs\MiKTeX\tex/latex/hyperref\hyperref.st
y
Package: hyperref 2025-07-12 v7.01o Hypertext links for LaTeX
 (C:\Users\Askeladd\AppData\Roaming\MiKTeX\tex/latex/kvsetkeys\kvsetkeys.sty
Package: kvsetkeys 2022-10-05 v1.19 Key value parser (HO)
)
(C:\Users\Askeladd\AppData\Roaming\MiKTeX\tex/generic/kvdefinekeys\kvdefinekeys
.sty
Package: kvdefinekeys 2019-12-19 v1.6 Define keys (HO)
)
(C:\Users\Askeladd\AppData\Roaming\MiKTeX\tex/generic/pdfescape\pdfescape.sty
Package: pdfescape 2019/12/09 v1.15 Implements pdfTeX's escape features (HO)

(C:\Users\Askeladd\AppData\Roaming\MiKTeX\tex/generic/ltxcmds\ltxcmds.sty
Package: ltxcmds 2023-12-04 v1.26 LaTeX kernel commands for general use (HO)
)
(C:\Users\Askeladd\AppData\Local\Programs\MiKTeX\tex/generic/pdftexcmds\pdftexc
mds.sty
Package: pdftexcmds 2020-06-27 v0.33 Utility functions of pdfTeX for LuaTeX (HO
)

(C:\Users\Askeladd\AppData\Roaming\MiKTeX\tex/generic/infwarerr\infwarerr.sty
Package: infwarerr 2019/12/03 v1.5 Providing info/warning/error messages (HO)
)
Package pdftexcmds Info: \pdf@primitive is available.
Package pdftexcmds Info: \pdf@ifprimitive is available.
Package pdftexcmds Info: \pdfdraftmode found.
)) (C:\Users\Askeladd\AppData\Roaming\MiKTeX\tex/latex/hycolor\hycolor.sty
Package: hycolor 2020-01-27 v1.10 Color options for hyperref/bookmark (HO)
)
(C:\Users\Askeladd\AppData\Local\Programs\MiKTeX\tex/latex/hyperref\nameref.sty
Package: nameref 2025-06-21 v2.57 Cross-referencing by name of section
(C:\Users\Askeladd\AppData\Roaming\MiKTeX\tex/latex/refcount\refcount.sty
Package: refcount 2019/12/15 v3.6 Data extraction from label references (HO)
)
(C:\Users\Askeladd\AppData\Roaming\MiKTeX\tex/generic/gettitlestring\gettitlest
ring.sty
Package: gettitlestring 2019/12/15 v1.6 Cleanup title references (HO)

(C:\Users\Askeladd\AppData\Roaming\MiKTeX\tex/latex/kvoptions\kvoptions.sty
Package: kvoptions 2022-06-15 v3.15 Key value format for package options (HO)
))
\c@section@level=\count317
)
(C:\Users\Askeladd\AppData\Roaming\MiKTeX\tex/generic/stringenc\stringenc.sty
Package: stringenc 2019/11/29 v1.12 Convert strings between diff. encodings (HO
)
)
\@linkdim=\dimen199
\Hy@linkcounter=\count318
\Hy@pagecounter=\count319

(C:\Users\Askeladd\AppData\Local\Programs\MiKTeX\tex/latex/hyperref\pd1enc.def
File: pd1enc.def 2025-07-12 v7.01o Hyperref: PDFDocEncoding definition (HO)
Now handling font encoding PD1 ...
... no UTF-8 mapping file for font encoding PD1
) (C:\Users\Askeladd\AppData\Roaming\MiKTeX\tex/generic/intcalc\intcalc.sty
Package: intcalc 2019/12/15 v1.3 Expandable calculations with integers (HO)
)
\Hy@SavedSpaceFactor=\count320

(C:\Users\Askeladd\AppData\Local\Programs\MiKTeX\tex/latex/hyperref\puenc.def
File: puenc.def 2025-07-12 v7.01o Hyperref: PDF Unicode definition (HO)
Now handling font encoding PU ...
... no UTF-8 mapping file for font encoding PU
)
Package hyperref Info: Option `colorlinks' set `true' on input line 4066.
Package hyperref Info: Hyper figures OFF on input line 4195.
Package hyperref Info: Link nesting OFF on input line 4200.
Package hyperref Info: Hyper index ON on input line 4203.
Package hyperref Info: Plain pages OFF on input line 4210.
Package hyperref Info: Backreferencing OFF on input line 4215.
Package hyperref Info: Implicit mode ON; LaTeX internals redefined.
Package hyperref Info: Bookmarks ON on input line 4462.
\c@Hy@tempcnt=\count321

(C:\Users\Askeladd\AppData\Local\Programs\MiKTeX\tex/latex/url\url.sty
\Urlmuskip=\muskip18
Package: url 2013/09/16  ver 3.4  Verb mode for urls, etc.
)
LaTeX Info: Redefining \url on input line 4801.
\XeTeXLinkMargin=\dimen256

(C:\Users\Askeladd\AppData\Roaming\MiKTeX\tex/generic/bitset\bitset.sty
Package: bitset 2019/12/09 v1.3 Handle bit-vector datatype (HO)

(C:\Users\Askeladd\AppData\Roaming\MiKTeX\tex/generic/bigintcalc\bigintcalc.sty
Package: bigintcalc 2019/12/15 v1.5 Expandable calculations on big integers (HO
)
))
\Fld@menulength=\count322
\Field@Width=\dimen257
\Fld@charsize=\dimen258
Package hyperref Info: Hyper figures OFF on input line 6078.
Package hyperref Info: Link nesting OFF on input line 6083.
Package hyperref Info: Hyper index ON on input line 6086.
Package hyperref Info: backreferencing OFF on input line 6093.
Package hyperref Info: Link coloring ON on input line 6096.
Package hyperref Info: Link coloring with OCG OFF on input line 6103.
Package hyperref Info: PDF/A mode OFF on input line 6108.
\Hy@abspage=\count323
\c@Item=\count324
\c@Hfootnote=\count325
)
Package hyperref Info: Driver (autodetected): hpdftex.

(C:\Users\Askeladd\AppData\Local\Programs\MiKTeX\tex/latex/hyperref\hpdftex.def
File: hpdftex.def 2025-07-12 v7.01o Hyperref driver for pdfTeX
\Fld@listcount=\count326
\c@bookmark@seq@number=\count327

(C:\Users\Askeladd\AppData\Roaming\MiKTeX\tex/latex/rerunfilecheck\rerunfileche
ck.sty
Package: rerunfilecheck 2025-06-21 v1.11 Rerun checks for auxiliary files (HO)

(C:\Users\Askeladd\AppData\Roaming\MiKTeX\tex/generic/uniquecounter\uniquecount
er.sty
Package: uniquecounter 2019/12/15 v1.4 Provide unlimited unique counter (HO)
)
Package uniquecounter Info: New unique counter `rerunfilecheck' on input line 2
84.
)
\Hy@SectionHShift=\skip74
)
(C:\Users\Askeladd\AppData\Local\Programs\MiKTeX\tex/latex/l3backend\l3backend-
pdftex.def
File: l3backend-pdftex.def 2025-10-09 L3 backend support: PDF output (pdfTeX)
\l__color_backend_stack_int=\count328
) (d7.aux)
\openout1 = `d7.aux'.

LaTeX Font Info:    Checking defaults for OML/cmm/m/it on input line 52.
LaTeX Font Info:    ... okay on input line 52.
LaTeX Font Info:    Checking defaults for OMS/cmsy/m/n on input line 52.
LaTeX Font Info:    ... okay on input line 52.
LaTeX Font Info:    Checking defaults for OT1/cmr/m/n on input line 52.
LaTeX Font Info:    ... okay on input line 52.
LaTeX Font Info:    Checking defaults for T1/cmr/m/n on input line 52.
LaTeX Font Info:    ... okay on input line 52.
LaTeX Font Info:    Checking defaults for TS1/cmr/m/n on input line 52.
LaTeX Font Info:    ... okay on input line 52.
LaTeX Font Info:    Checking defaults for OMX/cmex/m/n on input line 52.
LaTeX Font Info:    ... okay on input line 52.
LaTeX Font Info:    Checking defaults for U/cmr/m/n on input line 52.
LaTeX Font Info:    ... okay on input line 52.
LaTeX Font Info:    Checking defaults for PD1/pdf/m/n on input line 52.
LaTeX Font Info:    ... okay on input line 52.
LaTeX Font Info:    Checking defaults for PU/pdf/m/n on input line 52.
LaTeX Font Info:    ... okay on input line 52.

(C:\Users\Askeladd\AppData\Local\Programs\MiKTeX\tex/context/base/mkii\supp-pdf
.mkii
[Loading MPS to PDF converter (version 2006.09.02).]
\scratchcounter=\count329
\scratchdimen=\dimen259
\scratchbox=\box62
\nofMPsegments=\count330
\nofMParguments=\count331
\everyMPshowfont=\toks34
\MPscratchCnt=\count332
\MPscratchDim=\dimen260
\MPnumerator=\count333
\makeMPintoPDFobject=\count334
\everyMPtoPDFconversion=\toks35
)
(C:\Users\Askeladd\AppData\Local\Programs\MiKTeX\tex/latex/epstopdf-pkg\epstopd
f-base.sty
Package: epstopdf-base 2020-01-24 v2.11 Base part for package epstopdf
Package epstopdf-base Info: Redefining graphics rule for `.eps' on input line 4
85.

(C:\Users\Askeladd\AppData\Local\Programs\MiKTeX\tex/latex/00miktex\epstopdf-sy
s.cfg
File: epstopdf-sys.cfg 2021/03/18 v2.0 Configuration of epstopdf for MiKTeX
))
*geometry* driver: auto-detecting
*geometry* detected driver: pdftex
*geometry* verbose mode - [ preamble ] result:
* driver: pdftex
* paper: a4paper
* layout: <same size as paper>
* layoutoffset:(h,v)=(0.0pt,0.0pt)
* modes: 
* h-part:(L,W,R)=(85.35826pt, 469.47049pt, 42.67912pt)
* v-part:(T,H,B)=(56.9055pt, 731.23584pt, 56.9055pt)
* \paperwidth=597.50787pt
* \paperheight=845.04684pt
* \textwidth=469.47049pt
* \textheight=731.23584pt
* \oddsidemargin=13.08827pt
* \evensidemargin=13.08827pt
* \topmargin=-52.36449pt
* \headheight=12.0pt
* \headsep=25.0pt
* \topskip=12.0pt
* \footskip=30.0pt
* \marginparwidth=35.0pt
* \marginparsep=10.0pt
* \columnsep=10.0pt
* \skip\footins=10.8pt plus 4.0pt minus 2.0pt
* \hoffset=0.0pt
* \voffset=0.0pt
* \mag=1000
* \@twocolumnfalse
* \@twosidefalse
* \@mparswitchfalse
* \@reversemarginfalse
* (1in=72.27pt=25.4mm, 1cm=28.453pt)

Package caption Info: Begin \AtBeginDocument code.
Package caption Info: hyperref package is loaded.
Package caption Info: End \AtBeginDocument code.

(C:\Users\Askeladd\AppData\Local\Programs\MiKTeX\tex/latex/pdflscape\pdflscape.
sty
Package: pdflscape 2022-10-27 v0.13 Display of landscape pages in PDF

(C:\Users\Askeladd\AppData\Local\Programs\MiKTeX\tex/latex/pdflscape\pdflscape-
nometadata.sty
Package: pdflscape-nometadata 2022-10-28 v0.13 Display of landscape pages in PD
F (HO)

(C:\Users\Askeladd\AppData\Local\Programs\MiKTeX\tex/latex/graphics\lscape.sty
Package: lscape 2020/05/28 v3.02 Landscape Pages (DPC)
)
Package pdflscape Info: Auto-detected driver: pdftex on input line 81.
))
Package hyperref Info: Link coloring ON on input line 52.
 (d7.out) (d7.out)
\@outlinefile=\write3
\openout3 = `d7.out'.

<title page.pdf, id=807, 598.235pt x 845.1575pt>
File: title page.pdf Graphic file (type pdf)
<use title page.pdf>
Package pdftex.def Info: title page.pdf  used on input line 56.
(pdftex.def)             Requested size: 598.23354pt x 845.15544pt.
<title page.pdf, id=809, page=1, 598.235pt x 845.1575pt>
File: title page.pdf Graphic file (type pdf)
<use title page.pdf, page 1>
Package pdftex.def Info: title page.pdf , page1 used on input line 56.
(pdftex.def)             Requested size: 598.23354pt x 845.15544pt.
File: title page.pdf Graphic file (type pdf)
<use title page.pdf, page 1>
Package pdftex.def Info: title page.pdf , page1 used on input line 56.
(pdftex.def)             Requested size: 597.7406pt x 844.45905pt.
File: title page.pdf Graphic file (type pdf)
<use title page.pdf, page 1>
Package pdftex.def Info: title page.pdf , page1 used on input line 56.
(pdftex.def)             Requested size: 597.7406pt x 844.45905pt.
File: title page.pdf Graphic file (type pdf)
<use title page.pdf, page 1>
Package pdftex.def Info: title page.pdf , page1 used on input line 56.
(pdftex.def)             Requested size: 597.7406pt x 844.45905pt.
File: title page.pdf Graphic file (type pdf)
<use title page.pdf, page 1>
Package pdftex.def Info: title page.pdf , page1 used on input line 56.
(pdftex.def)             Requested size: 597.7406pt x 844.45905pt.
 [1


 <./title page.pdf>]
pdfTeX warning (ext4): destination with the same identifier (name{page.}) has b
een already used, duplicate ignored
<to be read again> 
                   \relax 
l.72 
      [2


{C:/Users/Askeladd/AppData/Local/MiKTeX/fonts/map/pdftex/pdftex.map}]
pdfTeX warning (ext4): destination with the same identifier (name{page.}) has b
een already used, duplicate ignored
<to be read again> 
                   \relax 
l.73 \clearpage
                [3]
LaTeX Font Info:    Trying to load font information for U+msa on input line 79.


(C:\Users\Askeladd\AppData\Local\Programs\MiKTeX\tex/latex/amsfonts\umsa.fd
File: umsa.fd 2013/01/14 v3.01 AMS symbols A
)
LaTeX Font Info:    Trying to load font information for U+msb on input line 79.


(C:\Users\Askeladd\AppData\Local\Programs\MiKTeX\tex/latex/amsfonts\umsb.fd
File: umsb.fd 2013/01/14 v3.01 AMS symbols B
)
pdfTeX warning (ext4): destination with the same identifier (name{page.}) has b
een already used, duplicate ignored
<to be read again> 
                   \relax 
l.83 \clearpage
                [4


] (d7.toc
pdfTeX warning (ext4): destination with the same identifier (name{page.}) has b
een already used, duplicate ignored
<to be read again> 
                   \relax 
l.31 ...ensorimotor Decoder}{13}{subsection.1.7.2}
                                                  % [5


]
pdfTeX warning (ext4): destination with the same identifier (name{page.}) has b
een already used, duplicate ignored
<to be read again> 
                   \relax 
l.69 ...and the Latency Bottleneck}{32}{chapter.3}
                                                  % [6]
pdfTeX warning (ext4): destination with the same identifier (name{page.}) has b
een already used, duplicate ignored
<to be read again> 
                   \relax 
l.127 ...houette Prediction}{64}{subsection.4.5.1}
                                                  % [7]
pdfTeX warning (ext4): destination with the same identifier (name{page.}) has b
een already used, duplicate ignored
<to be read again> 
                   \relax 
l.169 ...n: Experimental Results}{85}{section.6.3}
                                                  % [8]
pdfTeX warning (ext4): destination with the same identifier (name{page.}) has b
een already used, duplicate ignored
<to be read again> 
                   \relax 
l.207 ...d-Body Assumptions}{99}{subsection.7.3.2}
                                                  % [9])
\tf@toc=\write4
\openout4 = `d7.toc'.


pdfTeX warning (ext4): destination with the same identifier (name{page.}) has b
een already used, duplicate ignored
<to be read again> 
                   \relax 
l.86 \clearpage
                [10] (d7.lof
pdfTeX warning (ext4): destination with the same identifier (name{page.}) has b
een already used, duplicate ignored
<to be read again> 
                   \relax 
l.19 ... vs. prediction).}}{65}{figure.caption.52}
                                                  % [11


]
pdfTeX warning (ext4): destination with the same identifier (name{page.}) has b
een already used, duplicate ignored
<to be read again> 
                   \relax 
l.38 ...tching pathways.}}{104}{figure.caption.76}
                                                  % [12])
\tf@lof=\write5
\openout5 = `d7.lof'.


pdfTeX warning (ext4): destination with the same identifier (name{page.}) has b
een already used, duplicate ignored
<to be read again> 
                   \relax 
l.89 \clearpage
                [13] (d7.lot)
\tf@lot=\write6
\openout6 = `d7.lot'.


pdfTeX warning (ext4): destination with the same identifier (name{page.}) has b
een already used, duplicate ignored
<to be read again> 
                   \relax 
l.92 \clearpage
                [14


]
Chapter 1.

Overfull \hbox (13.78925pt too wide) in paragraph at lines 106--107
\T1/cmr/m/n/12 Autonomous robots de-ployed in re-mote, un-struc-tured en-vi-ron
-ments^^Vplanetary rovers, disaster-
 []

[1


]
Overfull \hbox (9.17221pt too wide) in paragraph at lines 124--125
\T1/cmr/m/n/12 drift, a robotic sys-tem must pos-sess the ca-pac-ity for \T1/cm
r/m/it/12 self-modeling\T1/cmr/m/n/12 ^^Vthe abil-ity to au-tonomously
 []

<figures/self_modeling_pipeline.pdf, id=1268, 452.96225pt x 171.20964pt>
File: figures/self_modeling_pipeline.pdf Graphic file (type pdf)
<use figures/self_modeling_pipeline.pdf>
Package pdftex.def Info: figures/self_modeling_pipeline.pdf  used on input line
 130.
(pdftex.def)             Requested size: 445.99553pt x 168.5837pt.
[2]
<figures/timeline_self_modeling.pdf, id=1275, 374.9508pt x 76.22478pt>
File: figures/timeline_self_modeling.pdf Graphic file (type pdf)
<use figures/timeline_self_modeling.pdf>
Package pdftex.def Info: figures/timeline_self_modeling.pdf  used on input line
 137.
(pdftex.def)             Requested size: 445.99553pt x 90.6702pt.
 [3 <./figures/self_modeling_pipeline.pdf> <./figures/timeline_self_modeling.pd
f>] [4] [5] [6] [7] [8]
<figures/sim2real_digital_twin.pdf, id=1420, 379.43756pt x 175.09415pt>
File: figures/sim2real_digital_twin.pdf Graphic file (type pdf)
<use figures/sim2real_digital_twin.pdf>
Package pdftex.def Info: figures/sim2real_digital_twin.pdf  used on input line 
245.
(pdftex.def)             Requested size: 445.99553pt x 205.82379pt.

Overfull \hbox (3.28014pt too wide) in paragraph at lines 250--251
[]\T1/cmr/m/n/12 However, con-struct-ing vi-sual dig-i-tal twins specif-i-cally
 in-tended for au-tonomous, closed-
 []

[9 <./figures/sim2real_digital_twin.pdf>]
Overfull \hbox (4.53549pt too wide) in paragraph at lines 266--267
\T1/cmr/m/it/12 pre-req-ui-site for control-oriented self-modeling\T1/cmr/m/n/1
2 . If the down-stream task re-quires only silhouette-
 []

[10] [11] [12] [13] [14]
Chapter 2.
<figures/survey_taxonomy.pdf, id=1505, 435.8985pt x 95.3462pt>
File: figures/survey_taxonomy.pdf Graphic file (type pdf)
<use figures/survey_taxonomy.pdf>
Package pdftex.def Info: figures/survey_taxonomy.pdf  used on input line 371.
(pdftex.def)             Requested size: 445.99553pt x 97.5588pt.
[15


 <./figures/survey_taxonomy.pdf>] [16]

LaTeX Warning: Citation `chen22full' on page 17 undefined on input line 409.

[17] [18] [19]
Overfull \hbox (72.56744pt too wide) in paragraph at lines 463--464
[]\T1/cmr/m/n/12 The 2D Gaus-sian func-tion for pixel co-or-di-nates $\OT1/cmr/
bx/n/12 u \OMS/cmsy/m/n/12 2 \U/msb/m/n/12 R[]$ \T1/cmr/m/n/12 is $\OML/cmm/m/i
t/12 G[]\OT1/cmr/m/n/12 (\OT1/cmr/bx/n/12 u\OT1/cmr/m/n/12 ) = [] []$\T1/cmr/m/
n/12 ,
 []

[20]
Overfull \hbox (18.33531pt too wide) in paragraph at lines 489--490
\T1/cmr/m/n/12 URDF-Anything+ au-tore-gres-sively gen-er-ates URDF files from p
oint clouds, en-abling simulation-
 []

[21]

LaTeX Warning: Citation `xu25motionanymesh' on page 22 undefined on input line 
491.

[22] [23]
Underfull \hbox (badness 2205) in paragraph at lines 533--533
[]|\T1/cmr/m/n/12 Perception / ren-
 []


Underfull \hbox (badness 10000) in paragraph at lines 534--534
[]|\T1/cmr/m/n/12 Demonstration
 []


Underfull \hbox (badness 10000) in paragraph at lines 534--534
\T1/cmr/m/n/12 syn-the-sis / aug-
 []


Underfull \hbox (badness 10000) in paragraph at lines 535--535
[]|\T1/cmr/m/n/12 Deployment-time
 []


Underfull \hbox (badness 10000) in paragraph at lines 536--536
[]|\T1/cmr/m/n/12 Evaluation /
 []

[24] [25]

LaTeX Warning: Citation `li2026agile' on page 26 undefined on input line 558.

[26]
Overfull \hbox (0.23984pt too wide) in paragraph at lines 581--582
\T1/cmr/m/n/12 The Lot-tery Ticket Hy-poth-e-sis for-mal-izes the value of spar
-sity in deep learn-ing: ``A randomly-
 []

[27]
Overfull \hbox (12.47159pt too wide) in paragraph at lines 606--607
\T1/cmr/m/n/12 shared ``en-vi-ron-ment'' is ab-stracted into a per-sis-tent dig
-i-tal mem-ory ledger^^Vthe \T1/cmtt/m/n/12 factory_state
 []

[28]
Overfull \hbox (49.61078pt too wide) in paragraph at lines 610--611
[]\T1/cmr/m/n/12 When an agent ex-pe-ri-ences re-peated me-chan-i-cal fail-ures
, it up-dates the \T1/cmtt/m/n/12 consecutive_failures
 []

[29]
Overfull \hbox (23.69887pt too wide) in paragraph at lines 625--626
[]\T1/cmr/bx/n/12 Second\T1/cmr/m/n/12 , di-rect sen-so-ri-mo-tor de-cod-ing^^V
bypassing ex-plicit 3D re-con-struc-tion en-tirely^^Vhas
 []

[30] [31]
Chapter 3.
[32


]
<figures/pybullet_setup.png, id=1814, 500.36937pt x 343.2825pt>
File: figures/pybullet_setup.png Graphic file (type png)
<use figures/pybullet_setup.png>
Package pdftex.def Info: figures/pybullet_setup.png  used on input line 693.
(pdftex.def)             Requested size: 445.99553pt x 305.99187pt.
 [33 <./figures/pybullet_setup.png>] [34]
<figures/lorenz_trajectories.png, id=1833, 714.7503pt x 426.393pt>
File: figures/lorenz_trajectories.png Graphic file (type png)
<use figures/lorenz_trajectories.png>
Package pdftex.def Info: figures/lorenz_trajectories.png  used on input line 78
4.
(pdftex.def)             Requested size: 445.99553pt x 266.07205pt.
 [35]
<figures/data_pipeline.png, id=1845, 1068.8733pt x 369.2997pt>
File: figures/data_pipeline.png Graphic file (type png)
<use figures/data_pipeline.png>
Package pdftex.def Info: figures/data_pipeline.png  used on input line 814.
(pdftex.def)             Requested size: 445.99553pt x 154.09613pt.
 [36 <./figures/lorenz_trajectories.png>]
<figures/sample_poses.png, id=1861, 1107.8991pt x 569.4876pt>
File: figures/sample_poses.png Graphic file (type png)
<use figures/sample_poses.png>
Package pdftex.def Info: figures/sample_poses.png  used on input line 835.
(pdftex.def)             Requested size: 445.99553pt x 229.25087pt.
 [37 <./figures/data_pipeline.png>] [38 <./figures/sample_poses.png>]
Overfull \hbox (18.00479pt too wide) in paragraph at lines 870--871
[]\T1/cmr/m/n/12 where $\OML/cmm/m/it/12 ^^N[] \OT1/cmr/m/n/12 = \OML/cmm/m/it/
12 t[] \OMS/cmsy/m/n/12 ^^@ \OML/cmm/m/it/12 t[]$ \T1/cmr/m/n/12 is the dis-tan
ce be-tween ad-ja-cent sam-ples, and $\OML/cmm/m/it/12 T[] \OT1/cmr/m/n/12 = []
 []$\T1/cmr/m/n/12 . 
 []

[39] [40] [41] [42] [43] [44]
<figures/ffksm_results.png, id=1928, 1123.0758pt x 569.4876pt>
File: figures/ffksm_results.png Graphic file (type png)
<use figures/ffksm_results.png>
Package pdftex.def Info: figures/ffksm_results.png  used on input line 1126.
(pdftex.def)             Requested size: 445.99553pt x 226.14865pt.

Overfull \hbox (2.53258pt too wide) in paragraph at lines 1131--1131
[]\T1/cmr/bx/n/17.28 Kinematic 3D Gaus-sian Splat-ting (K-3DGS): Ex-plicit
 []

[45 <./figures/ffksm_results.png>] [46] [47] [48]
Overfull \hbox (7.19783pt too wide) in paragraph at lines 1301--1302
\T1/cmr/m/n/12 We at-tempted ex-ten-sive re-me-di-a-tion strate-gies, all of wh
ich failed to pro-duce sta-ble anisotropic
 []

[49]
<figures/k3dgs_results.png, id=1969, 1264.725pt x 640.3122pt>
File: figures/k3dgs_results.png Graphic file (type png)
<use figures/k3dgs_results.png>
Package pdftex.def Info: figures/k3dgs_results.png  used on input line 1343.
(pdftex.def)             Requested size: 445.99553pt x 225.79312pt.
 [50]
<figures/3dgs loss speed fps.png, id=1978, 1290.7422pt x 354.123pt>
File: figures/3dgs loss speed fps.png Graphic file (type png)
<use figures/3dgs loss speed fps.png>
Package pdftex.def Info: figures/3dgs loss speed fps.png  used on input line 13
50.
(pdftex.def)             Requested size: 445.99553pt x 122.36168pt.
 [51 <./figures/k3dgs_results.png> <./figures/3dgs loss speed fps.png>]
Overfull \hbox (2.63359pt too wide) in paragraph at lines 1381--1382
\T1/cmr/m/n/12 The su-per-vi-sion ef-fi-ciency^^Vnumber of out-put pix-els lear
ned per net-work eval-u-a-tion^^Vexplains
 []


Overfull \hbox (17.39833pt too wide) in paragraph at lines 1397--1398
\OT1/cmr/m/n/12 10\OML/cmm/m/it/12 ; \OT1/cmr/m/n/12 000$ \T1/cmr/m/n/12 pixel 
im-age. Each eval-u-a-tion con-tributes gra-di-ent in-for-ma-tion for only $\OT
1/cmr/m/n/12 10\OML/cmm/m/it/12 ; \OT1/cmr/m/n/12 000\OML/cmm/m/it/12 =\OT1/cmr
/m/n/12 640\OML/cmm/m/it/12 ; \OT1/cmr/m/n/12 000 =
 []

[52]
Chapter 4.
[53


] [54]
<figures/CNN architecture.png, id=2013, 782.17218pt x 1108.14pt>
File: figures/CNN architecture.png Graphic file (type png)
<use figures/CNN architecture.png>
Package pdftex.def Info: figures/CNN architecture.png  used on input line 1491.

(pdftex.def)             Requested size: 445.99553pt x 631.86618pt.
 [55] [56 <./figures/CNN architecture.png>]
Overfull \hbox (7.1349pt too wide) in paragraph at lines 1525--1526
[]\T1/cmr/m/n/12 This spa-tial ex-pan-sion serves as a ``broad-cast'' op-er-a-t
ion that con-verts the configuration-
 []

[57] [58]
<figures/2 view data generation sample.png, id=2049, 492.1587pt x 860.013pt>
File: figures/2 view data generation sample.png Graphic file (type png)
<use figures/2 view data generation sample.png>
Package pdftex.def Info: figures/2 view data generation sample.png  used on inp
ut line 1586.
(pdftex.def)             Requested size: 445.99553pt x 779.3455pt.
 [59]
Overfull \vbox (87.10965pt too high) has occurred while \output is active []


[60 <./figures/2 view data generation sample.png>] [61] [62]
<figures/neurokin 2d loss training.png, id=2081, 1003.8303pt x 354.123pt>
File: figures/neurokin 2d loss training.png Graphic file (type png)
<use figures/neurokin 2d loss training.png>
Package pdftex.def Info: figures/neurokin 2d loss training.png  used on input l
ine 1702.
(pdftex.def)             Requested size: 445.99553pt x 157.33296pt.
 [63 <./figures/neurokin 2d loss training.png>] [64]
<figures/neurokin_results.png, id=2093, 1120.185pt x 569.4876pt>
File: figures/neurokin_results.png Graphic file (type png)
<use figures/neurokin_results.png>
Package pdftex.def Info: figures/neurokin_results.png  used on input line 1782.

(pdftex.def)             Requested size: 445.99553pt x 226.73955pt.
 [65 <./figures/neurokin_results.png>]
<figures/end-effector-position gt vs prediction.png, id=2101, 642.4803pt x 642.
4803pt>
File: figures/end-effector-position gt vs prediction.png Graphic file (type png
)
<use figures/end-effector-position gt vs prediction.png>
Package pdftex.def Info: figures/end-effector-position gt vs prediction.png  us
ed on input line 1794.
(pdftex.def)             Requested size: 445.99553pt x 445.99803pt.

[66 <./figures/end-effector-position gt vs prediction.png>] [67] [68]
Chapter 5.

Overfull \hbox (0.15672pt too wide) in paragraph at lines 1848--1849
\T1/cmr/m/n/12 The pre-vi-ous chap-ter es-tab-lished that Neu-roKin achieves 21
.88 dB PSNR and that NeuroKin-
 []

[69

] [70]

! LaTeX Error: Unknown graphics extension: .svg.

See the LaTeX manual or LaTeX Companion for explanation.
Type  H <return>  for immediate help.
 ...                                              
                                                  
l.1931 ...5\textwidth]{control loop flowchart.svg}
                                                  
Try typing  <return>  to proceed.
If that doesn't work, type  X <return>  to quit.

[71] [72] [73]
Overfull \hbox (7.59177pt too wide) in paragraph at lines 2011--2012
[]\T1/cmr/m/n/12 The qual-i-ta-tive pro-gres-sion of this base-line nom-i-nal c
on-ver-gence per-for-mance is mapped
 []

<figures/closedloop-endeffector-error.png, id=2155, 570.933pt x 281.853pt>
File: figures/closedloop-endeffector-error.png Graphic file (type png)
<use figures/closedloop-endeffector-error.png>
Package pdftex.def Info: figures/closedloop-endeffector-error.png  used on inpu
t line 2015.
(pdftex.def)             Requested size: 445.99553pt x 220.1842pt.
<figures/closedloop-endeffector-position-plot.png, id=2156, 424.9476pt x 426.39
3pt>
File: figures/closedloop-endeffector-position-plot.png Graphic file (type png)
<use figures/closedloop-endeffector-position-plot.png>
Package pdftex.def Info: figures/closedloop-endeffector-position-plot.png  used
 on input line 2022.
(pdftex.def)             Requested size: 445.99553pt x 447.51765pt.
[74 <./figures/closedloop-endeffector-error.png>]
<figures/closedloop-joint-error.png, id=2162, 859.2903pt x 570.933pt>
File: figures/closedloop-joint-error.png Graphic file (type png)
<use figures/closedloop-joint-error.png>
Package pdftex.def Info: figures/closedloop-joint-error.png  used on input line
 2029.
(pdftex.def)             Requested size: 445.99553pt x 296.32932pt.
 [75 <./figures/closedloop-endeffector-position-plot.png>]
<figures/closedloop-endeffector-error-with-damage.png, id=2169, 642.4803pt x 35
4.123pt>
File: figures/closedloop-endeffector-error-with-damage.png Graphic file (type p
ng)
<use figures/closedloop-endeffector-error-with-damage.png>
Package pdftex.def Info: figures/closedloop-endeffector-error-with-damage.png  
used on input line 2043.
(pdftex.def)             Requested size: 445.99553pt x 245.82567pt.
 [76 <./figures/closedloop-joint-error.png>]
<figures/2 view end effector position.png, id=2175, 422.0568pt x 426.393pt>
File: figures/2 view end effector position.png Graphic file (type png)
<use figures/2 view end effector position.png>
Package pdftex.def Info: figures/2 view end effector position.png  used on inpu
t line 2050.
(pdftex.def)             Requested size: 445.99553pt x 450.60161pt.

[77 <./figures/closedloop-endeffector-error-with-damage.png>] [78 <./figures/2 
view end effector position.png>] [79]
Chapter 6.

Overfull \hbox (0.48468pt too wide) in paragraph at lines 2073--2073
[]\T1/cmr/bx/n/17.28 The Se-quen-tial Swarm Pipeline: Tem-po-ral Stig-mergy
 []

[80


] [81] [82]

! LaTeX Error: Unknown graphics extension: .svg.

See the LaTeX manual or LaTeX Companion for explanation.
Type  H <return>  for immediate help.
 ...                                              
                                                  
l.2146 ...width]{swarm control loop flowchart.svg}
                                                  
Try typing  <return>  to proceed.
If that doesn't work, type  X <return>  to quit.

[83] [84] [85] [86]
<figures/Neurokin vs Basline with fault.png, id=2233, 859.2903pt x 281.853pt>
File: figures/Neurokin vs Basline with fault.png Graphic file (type png)
<use figures/Neurokin vs Basline with fault.png>
Package pdftex.def Info: figures/Neurokin vs Basline with fault.png  used on in
put line 2316.
(pdftex.def)             Requested size: 445.99553pt x 146.28915pt.
 [87]
<figures/Algorithm Efficiency in Steps.png, id=2238, 614.295pt x 339.669pt>
File: figures/Algorithm Efficiency in Steps.png Graphic file (type png)
<use figures/Algorithm Efficiency in Steps.png>
Package pdftex.def Info: figures/Algorithm Efficiency in Steps.png  used on inp
ut line 2325.
(pdftex.def)             Requested size: 445.99553pt x 246.61392pt.
 [88 <./figures/Neurokin vs Basline with fault.png> <./figures/Algorithm Effici
ency in Steps.png>]
Overfull \hbox (4.26036pt too wide) in paragraph at lines 2372--2373
\T1/cmr/m/n/12 mergy ($\OML/cmm/m/it/12 O\OT1/cmr/m/n/12 (\OML/cmm/m/it/12 N\OT
1/cmr/m/n/12 )$ \T1/cmr/m/n/12 writes, $\OML/cmm/m/it/12 O\OT1/cmr/m/n/12 (1)$ 
\T1/cmr/m/n/12 per write) while op-er-at-ing at dig-i-tal time scales. Un-like 
pheromone-
 []

[89] [90]
Overfull \hbox (30.91898pt too wide) in paragraph at lines 2420--2421
\T1/cmr/m/n/12 state at control-loop rates); agents can write di-ag-nos-tic sta
te to a shared ledger (the \T1/cmtt/m/n/12 factory_state
 []

[91] [92]
Chapter 7.

Overfull \hbox (2.77757pt too wide) in paragraph at lines 2446--2446
[]\T1/cmr/bx/n/17.28 Trade-offs of Di-rect De-cod-ing: Sac-ri-fic-ing Novel-Vie
w
 []

[93


]
<figures/pareto_frontier.png, id=2285, 567.8013pt x 422.2977pt>
File: figures/pareto_frontier.png Graphic file (type png)
<use figures/pareto_frontier.png>
Package pdftex.def Info: figures/pareto_frontier.png  used on input line 2473.
(pdftex.def)             Requested size: 445.99553pt x 331.71062pt.
 [94] [95 <./figures/pareto_frontier.png>] [96]
Overfull \hbox (4.26036pt too wide) in paragraph at lines 2526--2527
\T1/cmr/m/n/12 mergy ($\OML/cmm/m/it/12 O\OT1/cmr/m/n/12 (\OML/cmm/m/it/12 N\OT
1/cmr/m/n/12 )$ \T1/cmr/m/n/12 writes, $\OML/cmm/m/it/12 O\OT1/cmr/m/n/12 (1)$ 
\T1/cmr/m/n/12 per write) while op-er-at-ing at dig-i-tal time scales. Un-like 
pheromone-
 []

[97]
Overfull \hbox (29.58656pt too wide) in paragraph at lines 2540--2541
\T1/cmr/m/n/12 com-plex co-or-di-na-tion sce-nar-ios^^Vtask al-lo-ca-tion, re-s
ource track-ing, for-ma-tion main-te-nance^^Vricher
 []

[98] [99] [100]
Chapter 8.
[101


]
<figures/end-effector-position-and-joint-angles-error.png, id=2349, 952.5186pt 
x 426.393pt>
File: figures/end-effector-position-and-joint-angles-error.png Graphic file (ty
pe png)
<use figures/end-effector-position-and-joint-angles-error.png>
Package pdftex.def Info: figures/end-effector-position-and-joint-angles-error.p
ng  used on input line 2628.
(pdftex.def)             Requested size: 445.99553pt x 199.65001pt.
<figures/nerf loss and validation.png, id=2350, 1003.8303pt x 354.123pt>
File: figures/nerf loss and validation.png Graphic file (type png)
<use figures/nerf loss and validation.png>
Package pdftex.def Info: figures/nerf loss and validation.png  used on input li
ne 2635.
(pdftex.def)             Requested size: 445.99553pt x 157.33296pt.
 [102 <./figures/end-effector-position-and-joint-angles-error.png>]
File: figures/self_modeling_pipeline.pdf Graphic file (type pdf)
<use figures/self_modeling_pipeline.pdf>
Package pdftex.def Info: figures/self_modeling_pipeline.pdf  used on input line
 2642.
(pdftex.def)             Requested size: 445.99553pt x 168.5837pt.
File: figures/sim2real_digital_twin.pdf Graphic file (type pdf)
<use figures/sim2real_digital_twin.pdf>
Package pdftex.def Info: figures/sim2real_digital_twin.pdf  used on input line 
2649.
(pdftex.def)             Requested size: 445.99553pt x 205.82379pt.

[103 <./figures/nerf loss and validation.png>]
File: figures/survey_taxonomy.pdf Graphic file (type pdf)
<use figures/survey_taxonomy.pdf>
Package pdftex.def Info: figures/survey_taxonomy.pdf  used on input line 2656.
(pdftex.def)             Requested size: 445.99553pt x 97.5588pt.
File: figures/timeline_self_modeling.pdf Graphic file (type pdf)
<use figures/timeline_self_modeling.pdf>
Package pdftex.def Info: figures/timeline_self_modeling.pdf  used on input line
 2663.
(pdftex.def)             Requested size: 445.99553pt x 90.6702pt.

Overfull \hbox (1.8395pt too wide) in paragraph at lines 2668--2668
[]\T1/cmr/bx/n/17.28 Future Roadmap: From Se-quen-tial Val-i-da-tion to Spa-
 []

[104] [105] [106


] [107] [108] [109] [110] [111] [112] [113] [114] (d7.aux)
 ***********
LaTeX2e <2025-11-01>
L3 programming layer <2025-12-24>
 ***********


LaTeX Warning: There were undefined references.

Package rerunfilecheck Info: File `d7.out' has not changed.
(rerunfilecheck)             Checksum: E7145615A478A475FB086965D6E789A0;51739.
 ) 
Here is how much of TeX's memory you used:
 15621 strings out of 467871
 259261 string characters out of 5416925
 681762 words of memory out of 5000000
 43668 multiletter control sequences out of 15000+600000
 652063 words of font info for 103 fonts, out of 8000000 for 9000
 1141 hyphenation exceptions out of 8191
 75i,17n,79p,1574b,649s stack positions out of 10000i,1000n,20000p,200000b,200000s
 <C:\Users\Askeladd\AppData\Local\MiKTeX\fonts/pk/ljfour/jknappen/ec/dpi600\e
ctt1095.pk> <C:\Users\Askeladd\AppData\Local\MiKTeX\fonts/pk/ljfour/jknappen/ec
/dpi600\ectt1000.pk> <C:\Users\Askeladd\AppData\Local\MiKTeX\fonts/pk/ljfour/jk
nappen/ec/dpi600\ecrm1095.pk> <C:\Users\Askeladd\AppData\Local\MiKTeX\fonts/pk/
ljfour/jknappen/ec/dpi600\ecbx1095.pk> <C:\Users\Askeladd\AppData\Local\MiKTeX\
fonts/pk/ljfour/jknappen/ec/dpi600\ecrm0800.pk> <C:\Users\Askeladd\AppData\Loca
l\MiKTeX\fonts/pk/ljfour/jknappen/ec/dpi600\tcrm1200.pk> <C:\Users\Askeladd\App
Data\Local\MiKTeX\fonts/pk/ljfour/jknappen/ec/dpi600\ecbx1440.pk> <C:\Users\Ask
eladd\AppData\Local\MiKTeX\fonts/pk/ljfour/jknappen/ec/dpi600\ecti1200.pk> <C:\
Users\Askeladd\AppData\Local\MiKTeX\fonts/pk/ljfour/jknappen/ec/dpi600\ecbx1728
.pk> <C:\Users\Askeladd\AppData\Local\MiKTeX\fonts/pk/ljfour/jknappen/ec/dpi600
\ecbx1200.pk> <C:\Users\Askeladd\AppData\Local\MiKTeX\fonts/pk/ljfour/jknappen/
ec/dpi600\ectt1200.pk> <C:\Users\Askeladd\AppData\Local\MiKTeX\fonts/pk/ljfour/
jknappen/ec/dpi600\ecrm1200.pk> <C:\Users\Askeladd\AppData\Local\MiKTeX\fonts/p
k/ljfour/jknappen/ec/dpi600\ecbx2488.pk><C:/Users/Askeladd/AppData/Local/Progra
ms/MiKTeX/fonts/type1/public/amsfonts/cm/cmbx12.pfb><C:/Users/Askeladd/AppData/
Local/Programs/MiKTeX/fonts/type1/public/amsfonts/cm/cmbx8.pfb><C:/Users/Askela
dd/AppData/Local/Programs/MiKTeX/fonts/type1/public/amsfonts/cm/cmex10.pfb><C:/
Users/Askeladd/AppData/Local/Programs/MiKTeX/fonts/type1/public/amsfonts/cm/cmm
i10.pfb><C:/Users/Askeladd/AppData/Local/Programs/MiKTeX/fonts/type1/public/ams
fonts/cm/cmmi12.pfb><C:/Users/Askeladd/AppData/Local/Programs/MiKTeX/fonts/type
1/public/amsfonts/cm/cmmi6.pfb><C:/Users/Askeladd/AppData/Local/Programs/MiKTeX
/fonts/type1/public/amsfonts/cm/cmmi8.pfb><C:/Users/Askeladd/AppData/Local/Prog
rams/MiKTeX/fonts/type1/public/amsfonts/cm/cmmib10.pfb><C:/Users/Askeladd/AppDa
ta/Local/Programs/MiKTeX/fonts/type1/public/amsfonts/cm/cmr10.pfb><C:/Users/Ask
eladd/AppData/Local/Programs/MiKTeX/fonts/type1/public/amsfonts/cm/cmr12.pfb><C
:/Users/Askeladd/AppData/Local/Programs/MiKTeX/fonts/type1/public/amsfonts/cm/c
mr6.pfb><C:/Users/Askeladd/AppData/Local/Programs/MiKTeX/fonts/type1/public/ams
fonts/cm/cmr8.pfb><C:/Users/Askeladd/AppData/Local/Programs/MiKTeX/fonts/type1/
public/amsfonts/cm/cmss8.pfb><C:/Users/Askeladd/AppData/Local/Programs/MiKTeX/f
onts/type1/public/amsfonts/cm/cmsy10.pfb><C:/Users/Askeladd/AppData/Local/Progr
ams/MiKTeX/fonts/type1/public/amsfonts/cm/cmsy8.pfb><C:/Users/Askeladd/AppData/
Local/Programs/MiKTeX/fonts/type1/public/amsfonts/symbols/msbm10.pfb>
Output written on d7.pdf (128 pages, 4166393 bytes).
PDF statistics:
 3322 PDF objects out of 3580 (max. 8388607)
 614 named destinations out of 1000 (max. 500000)
 1754 words of extra memory for PDF output out of 10000 (max. 10000000)

