\BOOKMARK [0][-]{chapter*.1}{\376\377\000A\000b\000s\000t\000r\000a\000c\000t}{}% 1
\BOOKMARK [0][-]{chapter*.2}{\376\377\000A\000c\000k\000n\000o\000w\000l\000e\000d\000g\000e\000m\000e\000n\000t\000s}{}% 2
\BOOKMARK [0][-]{chapter*.4}{\376\377\000L\000i\000s\000t\000\040\000o\000f\000\040\000F\000i\000g\000u\000r\000e\000s}{}% 3
\BOOKMARK [0][-]{chapter*.5}{\376\377\000L\000i\000s\000t\000\040\000o\000f\000\040\000T\000a\000b\000l\000e\000s}{}% 4
\BOOKMARK [0][-]{chapter.1}{\376\377\000I\000n\000t\000r\000o\000d\000u\000c\000t\000i\000o\000n}{}% 5
\BOOKMARK [1][-]{section.1.1}{\376\377\000T\000h\000e\000\040\000C\000h\000a\000l\000l\000e\000n\000g\000e\000\040\000o\000f\000\040\000E\000m\000b\000o\000d\000i\000m\000e\000n\000t\000\040\000D\000r\000i\000f\000t}{chapter.1}% 6
\BOOKMARK [2][-]{subsection.1.1.1}{\376\377\000M\000a\000n\000i\000f\000e\000s\000t\000a\000t\000i\000o\000n\000s\000\040\000o\000f\000\040\000E\000m\000b\000o\000d\000i\000m\000e\000n\000t\000\040\000D\000r\000i\000f\000t}{section.1.1}% 7
\BOOKMARK [2][-]{subsection.1.1.2}{\376\377\000C\000o\000n\000s\000e\000q\000u\000e\000n\000c\000e\000s\000\040\000f\000o\000r\000\040\000C\000o\000n\000t\000r\000o\000l}{section.1.1}% 8
\BOOKMARK [1][-]{section.1.2}{\376\377\000T\000h\000e\000\040\000E\000v\000o\000l\000u\000t\000i\000o\000n\000\040\000o\000f\000\040\000S\000e\000l\000f\000-\000M\000o\000d\000e\000l\000i\000n\000g\000\040\000P\000a\000r\000a\000d\000i\000g\000m\000s}{chapter.1}% 9
\BOOKMARK [1][-]{section.1.3}{\376\377\000T\000h\000e\000\040\000L\000a\000t\000e\000n\000c\000y\000\040\000P\000a\000r\000a\000d\000o\000x\000\040\000i\000n\000\040\000N\000e\000u\000r\000a\000l\000\040\000R\000e\000n\000d\000e\000r\000i\000n\000g}{chapter.1}% 10
\BOOKMARK [2][-]{subsection.1.3.1}{\376\377\000T\000e\000m\000p\000o\000r\000a\000l\000\040\000C\000o\000n\000s\000t\000r\000a\000i\000n\000t\000s\000\040\000o\000f\000\040\000R\000o\000b\000o\000t\000i\000c\000\040\000C\000o\000n\000t\000r\000o\000l}{section.1.3}% 11
\BOOKMARK [2][-]{subsection.1.3.2}{\376\377\000T\000h\000e\000\040\000C\000o\000m\000p\000u\000t\000a\000t\000i\000o\000n\000a\000l\000\040\000B\000o\000t\000t\000l\000e\000n\000e\000c\000k}{section.1.3}% 12
\BOOKMARK [1][-]{section.1.4}{\376\377\000P\000r\000o\000b\000l\000e\000m\000\040\000S\000t\000a\000t\000e\000m\000e\000n\000t\000\040\000a\000n\000d\000\040\000C\000o\000r\000e\000\040\000H\000y\000p\000o\000t\000h\000e\000s\000i\000s}{chapter.1}% 13
\BOOKMARK [2][-]{subsection.1.4.1}{\376\377\000F\000o\000r\000m\000a\000l\000\040\000M\000a\000t\000h\000e\000m\000a\000t\000i\000c\000a\000l\000\040\000P\000r\000o\000b\000l\000e\000m\000\040\000S\000t\000a\000t\000e\000m\000e\000n\000t}{section.1.4}% 14
\BOOKMARK [2][-]{subsection.1.4.2}{\376\377\000T\000h\000e\000\040\000C\000e\000n\000t\000r\000a\000l\000\040\000H\000y\000p\000o\000t\000h\000e\000s\000i\000s}{section.1.4}% 15
\BOOKMARK [2][-]{subsection.1.4.3}{\376\377\000E\000m\000p\000i\000r\000i\000c\000a\000l\000\040\000S\000c\000o\000p\000e\000,\000\040\000C\000o\000n\000s\000t\000r\000a\000i\000n\000t\000s\000,\000\040\000a\000n\000d\000\040\000H\000a\000r\000d\000w\000a\000r\000e\000\040\000R\000e\000a\000l\000i\000t\000i\000e\000s}{section.1.4}% 16
\BOOKMARK [2][-]{subsection.1.4.4}{\376\377\000T\000h\000e\000\040\000T\000e\000m\000p\000o\000r\000a\000l\000\040\000S\000t\000i\000g\000m\000e\000r\000g\000y\000\040\000F\000r\000a\000m\000e\000w\000o\000r\000k\000\040\000f\000o\000r\000\040\000S\000w\000a\000r\000m\000\040\000C\000o\000o\000r\000d\000i\000n\000a\000t\000i\000o\000n}{section.1.4}% 17
\BOOKMARK [1][-]{section.1.5}{\376\377\000R\000e\000s\000e\000a\000r\000c\000h\000\040\000Q\000u\000e\000s\000t\000i\000o\000n\000s}{chapter.1}% 18
\BOOKMARK [2][-]{subsection.1.5.1}{\376\377\000R\000Q\0001\000:\000\040\000A\000r\000c\000h\000i\000t\000e\000c\000t\000u\000r\000a\000l\000\040\000E\000f\000f\000i\000c\000i\000e\000n\000c\000y}{section.1.5}% 19
\BOOKMARK [2][-]{subsection.1.5.2}{\376\377\000R\000Q\0002\000:\000\040\000C\000o\000n\000t\000r\000o\000l\000\040\000I\000n\000t\000e\000g\000r\000a\000t\000i\000o\000n}{section.1.5}% 20
\BOOKMARK [2][-]{subsection.1.5.3}{\376\377\000R\000Q\0003\000:\000\040\000F\000a\000u\000l\000t\000\040\000T\000o\000l\000e\000r\000a\000n\000c\000e}{section.1.5}% 21
\BOOKMARK [2][-]{subsection.1.5.4}{\376\377\000R\000Q\0004\000:\000\040\000C\000o\000l\000l\000e\000c\000t\000i\000v\000e\000\040\000A\000d\000a\000p\000t\000a\000t\000i\000o\000n}{section.1.5}% 22
\BOOKMARK [1][-]{section.1.6}{\376\377\000M\000e\000t\000h\000o\000d\000o\000l\000o\000g\000i\000c\000a\000l\000\040\000C\000o\000n\000t\000r\000i\000b\000u\000t\000i\000o\000n\000s}{chapter.1}% 23
\BOOKMARK [2][-]{subsection.1.6.1}{\376\377\000C\000o\000n\000t\000r\000i\000b\000u\000t\000i\000o\000n\000\040\0001\000:\000\040\000F\000o\000r\000m\000a\000l\000\040\000B\000e\000n\000c\000h\000m\000a\000r\000k\000i\000n\000g\000\040\000o\000f\000\040\000t\000h\000e\000\040\000L\000a\000t\000e\000n\000c\000y\000\040\000P\000a\000r\000a\000d\000o\000x}{section.1.6}% 24
\BOOKMARK [2][-]{subsection.1.6.2}{\376\377\000C\000o\000n\000t\000r\000i\000b\000u\000t\000i\000o\000n\000\040\0002\000:\000\040\000T\000h\000e\000\040\000N\000e\000u\000r\000o\000K\000i\000n\000\040\000D\000i\000r\000e\000c\000t\000\040\000S\000e\000n\000s\000o\000r\000i\000m\000o\000t\000o\000r\000\040\000D\000e\000c\000o\000d\000e\000r}{section.1.6}% 25
\BOOKMARK [2][-]{subsection.1.6.3}{\376\377\000C\000o\000n\000t\000r\000i\000b\000u\000t\000i\000o\000n\000\040\0003\000:\000\040\000V\000i\000s\000u\000a\000l\000\040\000C\000l\000o\000s\000e\000d\000-\000L\000o\000o\000p\000\040\000D\000a\000m\000a\000g\000e\000\040\000A\000d\000a\000p\000t\000a\000t\000i\000o\000n}{section.1.6}% 26
\BOOKMARK [2][-]{subsection.1.6.4}{\376\377\000C\000o\000n\000t\000r\000i\000b\000u\000t\000i\000o\000n\000\040\0004\000:\000\040\000T\000e\000m\000p\000o\000r\000a\000l\000\040\000S\000t\000i\000g\000m\000e\000r\000g\000y\000\040\000f\000o\000r\000\040\000S\000e\000q\000u\000e\000n\000t\000i\000a\000l\000\040\000S\000w\000a\000r\000m\000\040\000C\000o\000o\000r\000d\000i\000n\000a\000t\000i\000o\000n}{section.1.6}% 27
\BOOKMARK [1][-]{section.1.7}{\376\377\000T\000h\000e\000s\000i\000s\000\040\000O\000r\000g\000a\000n\000i\000z\000a\000t\000i\000o\000n}{chapter.1}% 28
\BOOKMARK [0][-]{chapter.2}{\376\377\000L\000i\000t\000e\000r\000a\000t\000u\000r\000e\000\040\000S\000y\000n\000t\000h\000e\000s\000i\000s}{}% 29
\BOOKMARK [1][-]{section.2.1}{\376\377\000E\000v\000o\000l\000u\000t\000i\000o\000n\000\040\000o\000f\000\040\000S\000e\000l\000f\000-\000M\000o\000d\000e\000l\000i\000n\000g}{chapter.2}% 30
\BOOKMARK [2][-]{subsection.2.1.1}{\376\377\000T\000h\000e\000\040\000S\000y\000m\000b\000o\000l\000i\000c\000\040\000E\000r\000a\000:\000\040\000E\000s\000t\000i\000m\000a\000t\000i\000o\000n\000-\000E\000x\000p\000l\000o\000r\000a\000t\000i\000o\000n}{section.2.1}% 31
\BOOKMARK [2][-]{subsection.2.1.2}{\376\377\000T\000h\000e\000\040\000B\000e\000h\000a\000v\000i\000o\000r\000a\000l\000\040\000E\000r\000a\000:\000\040\000A\000v\000o\000i\000d\000a\000n\000c\000e\000\040\000O\000v\000e\000r\000\040\000A\000d\000a\000p\000t\000a\000t\000i\000o\000n}{section.2.1}% 32
\BOOKMARK [2][-]{subsection.2.1.3}{\376\377\000T\000a\000s\000k\000-\000A\000g\000n\000o\000s\000t\000i\000c\000\040\000L\000e\000a\000r\000n\000e\000d\000\040\000D\000y\000n\000a\000m\000i\000c\000s\000\040\000M\000o\000d\000e\000l\000s}{section.2.1}% 33
\BOOKMARK [2][-]{subsection.2.1.4}{\376\377\000P\000r\000o\000p\000r\000i\000o\000c\000e\000p\000t\000i\000v\000e\000\040\000M\000o\000r\000p\000h\000o\000l\000o\000g\000y\000\040\000I\000d\000e\000n\000t\000i\000f\000i\000c\000a\000t\000i\000o\000n}{section.2.1}% 34
\BOOKMARK [2][-]{subsection.2.1.5}{\376\377\000T\000h\000e\000\040\000V\000i\000s\000u\000a\000l\000\040\000E\000r\000a\000:\000\040\000D\000e\000e\000p\000\040\000S\000e\000l\000f\000-\000M\000o\000d\000e\000l\000s\000\040\000a\000n\000d\000\040\000N\000e\000u\000r\000a\000l\000\040\000R\000e\000n\000d\000e\000r\000i\000n\000g}{section.2.1}% 35
\BOOKMARK [1][-]{section.2.2}{\376\377\000N\000e\000u\000r\000a\000l\000\040\000R\000e\000n\000d\000e\000r\000i\000n\000g\000\040\000F\000o\000u\000n\000d\000a\000t\000i\000o\000n\000s\000:\000\040\000T\000h\000e\000\040\000S\000p\000e\000e\000d\000-\000Q\000u\000a\000l\000i\000t\000y\000\040\000T\000r\000a\000d\000e\000o\000f\000f}{chapter.2}% 36
\BOOKMARK [2][-]{subsection.2.2.1}{\376\377\000N\000e\000u\000r\000a\000l\000\040\000R\000a\000d\000i\000a\000n\000c\000e\000\040\000F\000i\000e\000l\000d\000s\000:\000\040\000I\000m\000p\000l\000i\000c\000i\000t\000\040\000S\000c\000e\000n\000e\000\040\000R\000e\000p\000r\000e\000s\000e\000n\000t\000a\000t\000i\000o\000n}{section.2.2}% 37
\BOOKMARK [2][-]{subsection.2.2.2}{\376\377\0003\000D\000\040\000G\000a\000u\000s\000s\000i\000a\000n\000\040\000S\000p\000l\000a\000t\000t\000i\000n\000g\000:\000\040\000E\000x\000p\000l\000i\000c\000i\000t\000\040\000G\000e\000o\000m\000e\000t\000r\000i\000c\000\040\000P\000r\000i\000m\000i\000t\000i\000v\000e\000s}{section.2.2}% 38
\BOOKMARK [2][-]{subsection.2.2.3}{\376\377\000T\000h\000e\000\040\000F\000a\000i\000l\000u\000r\000e\000\040\000o\000f\000\040\000A\000n\000i\000s\000o\000t\000r\000o\000p\000y\000\040\000o\000n\000\040\000R\000o\000b\000o\000t\000i\000c\000\040\000M\000o\000r\000p\000h\000o\000l\000o\000g\000i\000e\000s}{section.2.2}% 39
\BOOKMARK [2][-]{subsection.2.2.4}{\376\377\000A\000r\000t\000i\000c\000u\000l\000a\000t\000e\000d\000\040\000O\000b\000j\000e\000c\000t\000\040\000R\000e\000c\000o\000n\000s\000t\000r\000u\000c\000t\000i\000o\000n\000\040\000f\000o\000r\000\040\000D\000i\000g\000i\000t\000a\000l\000\040\000T\000w\000i\000n\000\040\000G\000e\000n\000e\000r\000a\000t\000i\000o\000n}{section.2.2}% 40
\BOOKMARK [2][-]{subsection.2.2.5}{\376\377\000P\000h\000y\000s\000i\000c\000s\000-\000C\000o\000n\000s\000i\000s\000t\000e\000n\000t\000\040\000R\000o\000b\000o\000t\000\040\000M\000o\000d\000e\000l\000s\000\040\000a\000n\000d\000\040\000M\000a\000n\000i\000p\000u\000l\000a\000t\000i\000o\000n\000\040\000P\000l\000a\000n\000n\000i\000n\000g}{section.2.2}% 41
\BOOKMARK [2][-]{subsection.2.2.6}{\376\377\000C\000r\000o\000s\000s\000-\000E\000m\000b\000o\000d\000i\000m\000e\000n\000t\000\040\000T\000r\000a\000n\000s\000f\000e\000r\000\040\000a\000n\000d\000\040\000M\000o\000r\000p\000h\000o\000l\000o\000g\000i\000c\000a\000l\000\040\000U\000n\000d\000e\000r\000s\000t\000a\000n\000d\000i\000n\000g}{section.2.2}% 42
\BOOKMARK [2][-]{subsection.2.2.7}{\376\377\000S\000i\000m\000-\000t\000o\000-\000R\000e\000a\000l\000\040\000T\000r\000a\000n\000s\000f\000e\000r\000\040\000v\000i\000a\000\040\000D\000i\000g\000i\000t\000a\000l\000\040\000T\000w\000i\000n\000s}{section.2.2}% 43
\BOOKMARK [1][-]{section.2.3}{\376\377\000D\000a\000m\000a\000g\000e\000\040\000R\000e\000c\000o\000v\000e\000r\000y\000\040\000a\000n\000d\000\040\000F\000a\000u\000l\000t\000\040\000T\000o\000l\000e\000r\000a\000n\000c\000e}{chapter.2}% 44
\BOOKMARK [2][-]{subsection.2.3.1}{\376\377\000D\000e\000t\000e\000c\000t\000i\000o\000n\000\040\000M\000e\000t\000h\000o\000d\000s\000\040\000a\000n\000d\000\040\000E\000a\000r\000l\000y\000\040\000I\000n\000t\000e\000r\000v\000e\000n\000t\000i\000o\000n}{section.2.3}% 45
\BOOKMARK [2][-]{subsection.2.3.2}{\376\377\000R\000e\000c\000o\000v\000e\000r\000y\000\040\000P\000o\000l\000i\000c\000y\000\040\000G\000e\000n\000e\000r\000a\000t\000i\000o\000n\000\040\000a\000n\000d\000\040\000A\000d\000a\000p\000t\000a\000t\000i\000o\000n}{section.2.3}% 46
\BOOKMARK [2][-]{subsection.2.3.3}{\376\377\000H\000u\000m\000a\000n\000o\000i\000d\000\040\000R\000e\000c\000o\000v\000e\000r\000y\000\040\000a\000n\000d\000\040\000S\000t\000a\000b\000i\000l\000i\000t\000y}{section.2.3}% 47
\BOOKMARK [2][-]{subsection.2.3.4}{\376\377\000P\000r\000a\000c\000t\000i\000c\000a\000l\000\040\000D\000e\000p\000l\000o\000y\000m\000e\000n\000t\000\040\000L\000e\000s\000s\000o\000n\000s}{section.2.3}% 48
\BOOKMARK [1][-]{section.2.4}{\376\377\000C\000o\000n\000t\000i\000n\000u\000a\000l\000\040\000L\000e\000a\000r\000n\000i\000n\000g\000\040\000f\000o\000r\000\040\000S\000e\000l\000f\000-\000M\000o\000d\000e\000l\000\040\000M\000a\000i\000n\000t\000e\000n\000a\000n\000c\000e}{chapter.2}% 49
\BOOKMARK [2][-]{subsection.2.4.1}{\376\377\000B\000a\000l\000a\000n\000c\000i\000n\000g\000\040\000P\000l\000a\000s\000t\000i\000c\000i\000t\000y\000\040\000a\000n\000d\000\040\000S\000t\000a\000b\000i\000l\000i\000t\000y}{section.2.4}% 50
\BOOKMARK [2][-]{subsection.2.4.2}{\376\377\000R\000e\000s\000o\000u\000r\000c\000e\000-\000E\000f\000f\000i\000c\000i\000e\000n\000t\000\040\000A\000d\000a\000p\000t\000a\000t\000i\000o\000n\000\040\000v\000i\000a\000\040\000S\000p\000a\000r\000s\000i\000t\000y}{section.2.4}% 51
\BOOKMARK [2][-]{subsection.2.4.3}{\376\377\000S\000a\000f\000e\000t\000y\000-\000C\000o\000n\000s\000t\000r\000a\000i\000n\000e\000d\000\040\000a\000n\000d\000\040\000B\000o\000u\000n\000d\000e\000d\000\040\000A\000d\000a\000p\000t\000a\000t\000i\000o\000n}{section.2.4}% 52
\BOOKMARK [1][-]{section.2.5}{\376\377\000T\000h\000e\000o\000r\000e\000t\000i\000c\000a\000l\000\040\000F\000o\000u\000n\000d\000a\000t\000i\000o\000n\000s\000\040\000o\000f\000\040\000S\000w\000a\000r\000m\000\040\000C\000o\000o\000r\000d\000i\000n\000a\000t\000i\000o\000n\000\040\000a\000n\000d\000\040\000T\000e\000m\000p\000o\000r\000a\000l\000\040\000S\000t\000i\000g\000m\000e\000r\000g\000y}{chapter.2}% 53
\BOOKMARK [2][-]{subsection.2.5.1}{\376\377\000S\000t\000i\000g\000m\000e\000r\000g\000y\000:\000\040\000B\000i\000o\000l\000o\000g\000i\000c\000a\000l\000\040\000a\000n\000d\000\040\000A\000l\000g\000o\000r\000i\000t\000h\000m\000i\000c\000\040\000F\000o\000u\000n\000d\000a\000t\000i\000o\000n\000s}{section.2.5}% 54
\BOOKMARK [2][-]{subsection.2.5.2}{\376\377\000T\000e\000m\000p\000o\000r\000a\000l\000\040\000S\000t\000i\000g\000m\000e\000r\000g\000y\000\040\000i\000n\000\040\000S\000e\000q\000u\000e\000n\000t\000i\000a\000l\000\040\000P\000i\000p\000e\000l\000i\000n\000e\000s}{section.2.5}% 55
\BOOKMARK [2][-]{subsection.2.5.3}{\376\377\000S\000u\000b\000-\000M\000i\000l\000l\000i\000s\000e\000c\000o\000n\000d\000\040\000I\000n\000f\000e\000r\000e\000n\000c\000e\000\040\000a\000s\000\040\000a\000\040\000S\000w\000a\000r\000m\000\040\000P\000r\000e\000r\000e\000q\000u\000i\000s\000i\000t\000e}{section.2.5}% 56
\BOOKMARK [1][-]{section.2.6}{\376\377\000S\000u\000m\000m\000a\000r\000y\000\040\000o\000f\000\040\000L\000i\000t\000e\000r\000a\000t\000u\000r\000e\000\040\000F\000i\000n\000d\000i\000n\000g\000s}{chapter.2}% 57
\BOOKMARK [1][-]{section.2.7}{\376\377\000R\000e\000s\000e\000a\000r\000c\000h\000\040\000Q\000u\000e\000s\000t\000i\000o\000n\000s\000\040\000G\000r\000o\000u\000n\000d\000e\000d\000\040\000i\000n\000\040\000L\000i\000t\000e\000r\000a\000t\000u\000r\000e}{chapter.2}% 58
\BOOKMARK [2][-]{subsection.2.7.1}{\376\377\000R\000Q\0001\000:\000\040\000A\000r\000c\000h\000i\000t\000e\000c\000t\000u\000r\000a\000l\000\040\000E\000f\000f\000i\000c\000i\000e\000n\000c\000y}{section.2.7}% 59
\BOOKMARK [2][-]{subsection.2.7.2}{\376\377\000R\000Q\0002\000:\000\040\000C\000o\000n\000t\000r\000o\000l\000\040\000I\000n\000t\000e\000g\000r\000a\000t\000i\000o\000n}{section.2.7}% 60
\BOOKMARK [2][-]{subsection.2.7.3}{\376\377\000R\000Q\0003\000:\000\040\000F\000a\000u\000l\000t\000\040\000T\000o\000l\000e\000r\000a\000n\000c\000e}{section.2.7}% 61
\BOOKMARK [2][-]{subsection.2.7.4}{\376\377\000R\000Q\0004\000:\000\040\000C\000o\000l\000l\000e\000c\000t\000i\000v\000e\000\040\000A\000d\000a\000p\000t\000a\000t\000i\000o\000n}{section.2.7}% 62
\BOOKMARK [0][-]{chapter.3}{\376\377\000B\000a\000s\000e\000l\000i\000n\000e\000\040\000I\000m\000p\000l\000e\000m\000e\000n\000t\000a\000t\000i\000o\000n\000s\000\040\000a\000n\000d\000\040\000t\000h\000e\000\040\000L\000a\000t\000e\000n\000c\000y\000\040\000B\000o\000t\000t\000l\000e\000n\000e\000c\000k}{}% 63
\BOOKMARK [1][-]{section.3.1}{\376\377\000S\000y\000n\000t\000h\000e\000t\000i\000c\000\040\000D\000a\000t\000a\000\040\000G\000e\000n\000e\000r\000a\000t\000i\000o\000n\000\040\000v\000i\000a\000\040\000L\000o\000r\000e\000n\000z\000\040\000A\000t\000t\000r\000a\000c\000t\000o\000r\000s}{chapter.3}% 64
\BOOKMARK [2][-]{subsection.3.1.1}{\376\377\000S\000i\000m\000u\000l\000a\000t\000i\000o\000n\000\040\000E\000n\000v\000i\000r\000o\000n\000m\000e\000n\000t\000\040\000C\000o\000n\000f\000i\000g\000u\000r\000a\000t\000i\000o\000n}{section.3.1}% 65
\BOOKMARK [2][-]{subsection.3.1.2}{\376\377\000L\000o\000r\000e\000n\000z\000\040\000A\000t\000t\000r\000a\000c\000t\000o\000r\000\040\000T\000r\000a\000j\000e\000c\000t\000o\000r\000y\000\040\000G\000e\000n\000e\000r\000a\000t\000i\000o\000n}{section.3.1}% 66
\BOOKMARK [2][-]{subsection.3.1.3}{\376\377\000D\000a\000t\000a\000\040\000C\000o\000l\000l\000e\000c\000t\000i\000o\000n\000\040\000a\000n\000d\000\040\000P\000r\000e\000p\000r\000o\000c\000e\000s\000s\000i\000n\000g}{section.3.1}% 67
\BOOKMARK [2][-]{subsection.3.1.4}{\376\377\000D\000a\000t\000a\000s\000e\000t\000\040\000S\000t\000a\000t\000i\000s\000t\000i\000c\000s\000\040\000a\000n\000d\000\040\000Q\000u\000a\000l\000i\000t\000y\000\040\000A\000n\000a\000l\000y\000s\000i\000s}{section.3.1}% 68
\BOOKMARK [1][-]{section.3.2}{\376\377\000F\000r\000e\000e\000-\000F\000o\000r\000m\000\040\000K\000i\000n\000e\000m\000a\000t\000i\000c\000\040\000S\000e\000l\000f\000-\000M\000o\000d\000e\000l\000\040\000\050\000F\000F\000K\000S\000M\000\051\000:\000\040\000I\000m\000p\000l\000i\000c\000i\000t\000\040\000N\000e\000u\000r\000a\000l\000\040\000R\000e\000n\000d\000e\000r\000i\000n\000g}{chapter.3}% 69
\BOOKMARK [2][-]{subsection.3.2.1}{\376\377\000C\000o\000r\000e\000\040\000M\000a\000t\000h\000e\000m\000a\000t\000i\000c\000a\000l\000\040\000F\000r\000a\000m\000e\000w\000o\000r\000k}{section.3.2}% 70
\BOOKMARK [2][-]{subsection.3.2.2}{\376\377\000I\000m\000p\000l\000e\000m\000e\000n\000t\000a\000t\000i\000o\000n\000\040\000D\000e\000t\000a\000i\000l\000s\000\040\000a\000n\000d\000\040\000R\000e\000p\000r\000o\000d\000u\000c\000t\000i\000o\000n\000\040\000C\000h\000a\000l\000l\000e\000n\000g\000e\000s}{section.3.2}% 71
\BOOKMARK [2][-]{subsection.3.2.3}{\376\377\000F\000F\000K\000S\000M\000\040\000T\000r\000a\000i\000n\000i\000n\000g\000\040\000P\000r\000o\000t\000o\000c\000o\000l}{section.3.2}% 72
\BOOKMARK [2][-]{subsection.3.2.4}{\376\377\000F\000F\000K\000S\000M\000\040\000P\000e\000r\000f\000o\000r\000m\000a\000n\000c\000e\000\040\000M\000e\000t\000r\000i\000c\000s}{section.3.2}% 73
\BOOKMARK [1][-]{section.3.3}{\376\377\000K\000i\000n\000e\000m\000a\000t\000i\000c\000\040\0003\000D\000\040\000G\000a\000u\000s\000s\000i\000a\000n\000\040\000S\000p\000l\000a\000t\000t\000i\000n\000g\000\040\000\050\000K\000-\0003\000D\000G\000S\000\051\000:\000\040\000E\000x\000p\000l\000i\000c\000i\000t\000\040\000G\000e\000o\000m\000e\000t\000r\000i\000c\000\040\000P\000r\000i\000m\000i\000t\000i\000v\000e\000s}{chapter.3}% 74
\BOOKMARK [2][-]{subsection.3.3.1}{\376\377\000M\000a\000t\000h\000e\000m\000a\000t\000i\000c\000a\000l\000\040\000F\000o\000u\000n\000d\000a\000t\000i\000o\000n\000s\000\040\000o\000f\000\040\0003\000D\000\040\000G\000a\000u\000s\000s\000i\000a\000n\000\040\000S\000p\000l\000a\000t\000t\000i\000n\000g}{section.3.3}% 75
\BOOKMARK [2][-]{subsection.3.3.2}{\376\377\000R\000e\000n\000d\000e\000r\000i\000n\000g\000\040\000w\000i\000t\000h\000\040\0003\000D\000\040\000G\000a\000u\000s\000s\000i\000a\000n\000\040\000S\000p\000l\000a\000t\000t\000i\000n\000g}{section.3.3}% 76
\BOOKMARK [2][-]{subsection.3.3.3}{\376\377\000K\000-\0003\000D\000G\000S\000\040\000A\000r\000c\000h\000i\000t\000e\000c\000t\000u\000r\000e}{section.3.3}% 77
\BOOKMARK [2][-]{subsection.3.3.4}{\376\377\000T\000h\000e\000\040\000A\000n\000i\000s\000o\000t\000r\000o\000p\000i\000c\000\040\000F\000a\000i\000l\000u\000r\000e\000:\000\040\000A\000\040\000C\000r\000i\000t\000i\000c\000a\000l\000\040\000A\000r\000c\000h\000i\000t\000e\000c\000t\000u\000r\000a\000l\000\040\000L\000e\000s\000s\000o\000n}{section.3.3}% 78
\BOOKMARK [2][-]{subsection.3.3.5}{\376\377\000K\000-\0003\000D\000G\000S\000\040\000P\000e\000r\000f\000o\000r\000m\000a\000n\000c\000e\000\040\000M\000e\000t\000r\000i\000c\000s}{section.3.3}% 79
\BOOKMARK [1][-]{section.3.4}{\376\377\000C\000o\000m\000p\000a\000r\000a\000t\000i\000v\000e\000\040\000A\000n\000a\000l\000y\000s\000i\000s\000\040\000o\000f\000\040\000B\000a\000s\000e\000l\000i\000n\000e\000\040\000L\000i\000m\000i\000t\000a\000t\000i\000o\000n\000s}{chapter.3}% 80
\BOOKMARK [2][-]{subsection.3.4.1}{\376\377\000T\000h\000e\000\040\000L\000a\000t\000e\000n\000c\000y\000-\000Q\000u\000a\000l\000i\000t\000y\000\040\000T\000r\000a\000d\000e\000o\000f\000f}{section.3.4}% 81
\BOOKMARK [2][-]{subsection.3.4.2}{\376\377\000S\000u\000p\000e\000r\000v\000i\000s\000i\000o\000n\000\040\000E\000f\000f\000i\000c\000i\000e\000n\000c\000y\000\040\000A\000n\000a\000l\000y\000s\000i\000s}{section.3.4}% 82
\BOOKMARK [2][-]{subsection.3.4.3}{\376\377\000A\000r\000c\000h\000i\000t\000e\000c\000t\000u\000r\000a\000l\000\040\000B\000o\000t\000t\000l\000e\000n\000e\000c\000k\000s\000\040\000S\000u\000m\000m\000a\000r\000y}{section.3.4}% 83
\BOOKMARK [0][-]{chapter.4}{\376\377\000T\000h\000e\000\040\000N\000e\000u\000r\000o\000K\000i\000n\000\040\000D\000i\000r\000e\000c\000t\000\040\000S\000e\000n\000s\000o\000r\000i\000m\000o\000t\000o\000r\000\040\000D\000e\000c\000o\000d\000e\000r}{}% 84
\BOOKMARK [1][-]{section.4.1}{\376\377\000C\000o\000r\000e\000\040\000H\000y\000p\000o\000t\000h\000e\000s\000i\000s\000:\000\040\000B\000y\000p\000a\000s\000s\000i\000n\000g\000\040\0003\000D\000\040\000R\000e\000c\000o\000n\000s\000t\000r\000u\000c\000t\000i\000o\000n}{chapter.4}% 85
\BOOKMARK [2][-]{subsection.4.1.1}{\376\377\000T\000h\000e\000\040\000T\000a\000s\000k\000-\000R\000e\000l\000e\000v\000a\000n\000t\000\040\000I\000n\000f\000o\000r\000m\000a\000t\000i\000o\000n\000\040\000H\000i\000e\000r\000a\000r\000c\000h\000y}{section.4.1}% 86
\BOOKMARK [2][-]{subsection.4.1.2}{\376\377\000T\000h\000e\000\040\000S\000u\000p\000e\000r\000v\000i\000s\000i\000o\000n\000\040\000E\000f\000f\000i\000c\000i\000e\000n\000c\000y\000\040\000A\000r\000g\000u\000m\000e\000n\000t}{section.4.1}% 87
\BOOKMARK [2][-]{subsection.4.1.3}{\376\377\000W\000h\000e\000n\000\040\000i\000s\000\040\0003\000D\000\040\000R\000e\000c\000o\000n\000s\000t\000r\000u\000c\000t\000i\000o\000n\000\040\000N\000e\000c\000e\000s\000s\000a\000r\000y\000?}{section.4.1}% 88
\BOOKMARK [1][-]{section.4.2}{\376\377\000A\000r\000c\000h\000i\000t\000e\000c\000t\000u\000r\000e\000\040\000D\000e\000s\000i\000g\000n}{chapter.4}% 89
\BOOKMARK [2][-]{subsection.4.2.1}{\376\377\000S\000t\000a\000g\000e\000\040\0001\000:\000\040\000J\000o\000i\000n\000t\000\040\000E\000n\000c\000o\000d\000e\000r}{section.4.2}% 90
\BOOKMARK [2][-]{subsection.4.2.2}{\376\377\000S\000t\000a\000g\000e\000\040\0002\000:\000\040\000S\000p\000a\000t\000i\000a\000l\000\040\000E\000x\000p\000a\000n\000s\000i\000o\000n}{section.4.2}% 91
\BOOKMARK [2][-]{subsection.4.2.3}{\376\377\000S\000t\000a\000g\000e\000\040\0003\000:\000\040\000T\000r\000a\000n\000s\000p\000o\000s\000e\000d\000\040\000C\000o\000n\000v\000o\000l\000u\000t\000i\000o\000n\000a\000l\000\040\000D\000e\000c\000o\000d\000e\000r}{section.4.2}% 92
\BOOKMARK [2][-]{subsection.4.2.4}{\376\377\000S\000t\000a\000g\000e\000\040\0004\000:\000\040\000O\000u\000t\000p\000u\000t\000\040\000H\000e\000a\000d\000\040\000a\000n\000d\000\040\000S\000p\000a\000t\000i\000a\000l\000\040\000U\000p\000s\000a\000m\000p\000l\000i\000n\000g}{section.4.2}% 93
\BOOKMARK [2][-]{subsection.4.2.5}{\376\377\000T\000o\000t\000a\000l\000\040\000P\000a\000r\000a\000m\000e\000t\000e\000r\000\040\000C\000o\000u\000n\000t}{section.4.2}% 94
\BOOKMARK [1][-]{section.4.3}{\376\377\000S\000t\000e\000r\000e\000o\000s\000c\000o\000p\000i\000c\000\040\0003\000D\000\040\000R\000e\000c\000o\000v\000e\000r\000y\000:\000\040\000N\000e\000u\000r\000o\000K\000i\000n\000-\0003\000D}{chapter.4}% 95
\BOOKMARK [2][-]{subsection.4.3.1}{\376\377\000D\000u\000a\000l\000-\000C\000a\000m\000e\000r\000a\000\040\000D\000a\000t\000a\000\040\000G\000e\000n\000e\000r\000a\000t\000i\000o\000n}{section.4.3}% 96
\BOOKMARK [2][-]{subsection.4.3.2}{\376\377\000T\000h\000e\000\040\000G\000e\000o\000m\000e\000t\000r\000y\000\040\000o\000f\000\040\000S\000t\000e\000r\000e\000o\000s\000c\000o\000p\000i\000c\000\040\000S\000i\000l\000h\000o\000u\000e\000t\000t\000e\000\040\000T\000r\000i\000a\000n\000g\000u\000l\000a\000t\000i\000o\000n}{section.4.3}% 97
\BOOKMARK [2][-]{subsection.4.3.3}{\376\377\000N\000e\000u\000r\000o\000K\000i\000n\000-\0003\000D\000\040\000A\000r\000c\000h\000i\000t\000e\000c\000t\000u\000r\000e}{section.4.3}% 98
\BOOKMARK [2][-]{subsection.4.3.4}{\376\377\000M\000u\000l\000t\000i\000-\000T\000a\000s\000k\000\040\000T\000r\000a\000i\000n\000i\000n\000g\000\040\000L\000o\000s\000s}{section.4.3}% 99
\BOOKMARK [2][-]{subsection.4.3.5}{\376\377\000L\000o\000c\000a\000l\000\040\000O\000v\000e\000r\000f\000i\000t\000\040\000T\000e\000s\000t}{section.4.3}% 100
\BOOKMARK [1][-]{section.4.4}{\376\377\000T\000r\000a\000i\000n\000i\000n\000g\000\040\000S\000t\000r\000a\000t\000e\000g\000y\000\040\000a\000n\000d\000\040\000R\000e\000g\000u\000l\000a\000r\000i\000z\000a\000t\000i\000o\000n}{chapter.4}% 101
\BOOKMARK [2][-]{subsection.4.4.1}{\376\377\000B\000a\000s\000e\000\040\000N\000e\000u\000r\000o\000K\000i\000n\000\040\000T\000r\000a\000i\000n\000i\000n\000g}{section.4.4}% 102
\BOOKMARK [2][-]{subsection.4.4.2}{\376\377\000N\000e\000u\000r\000o\000K\000i\000n\000-\0003\000D\000\040\000T\000r\000a\000i\000n\000i\000n\000g}{section.4.4}% 103
\BOOKMARK [1][-]{section.4.5}{\376\377\000P\000e\000r\000f\000o\000r\000m\000a\000n\000c\000e\000\040\000E\000v\000a\000l\000u\000a\000t\000i\000o\000n}{chapter.4}% 104
\BOOKMARK [2][-]{subsection.4.5.1}{\376\377\000B\000a\000s\000e\000\040\000N\000e\000u\000r\000o\000K\000i\000n\000:\000\040\0002\000D\000\040\000S\000i\000l\000h\000o\000u\000e\000t\000t\000e\000\040\000P\000r\000e\000d\000i\000c\000t\000i\000o\000n}{section.4.5}% 105
\BOOKMARK [2][-]{subsection.4.5.2}{\376\377\000N\000e\000u\000r\000o\000K\000i\000n\000-\0003\000D\000:\000\040\000S\000t\000e\000r\000e\000o\000s\000c\000o\000p\000i\000c\000\040\0003\000D\000\040\000R\000e\000c\000o\000v\000e\000r\000y}{section.4.5}% 106
\BOOKMARK [2][-]{subsection.4.5.3}{\376\377\000R\000e\000s\000N\000e\000u\000r\000o\000K\000i\000n\000-\000D\000:\000\040\000M\000u\000l\000t\000i\000-\000T\000a\000s\000k\000\040\000D\000e\000p\000t\000h\000\040\000P\000r\000e\000d\000i\000c\000t\000i\000o\000n}{section.4.5}% 107
\BOOKMARK [1][-]{section.4.6}{\376\377\000A\000b\000l\000a\000t\000i\000o\000n\000\040\000S\000t\000u\000d\000i\000e\000s}{chapter.4}% 108
\BOOKMARK [1][-]{section.4.7}{\376\377\000S\000u\000p\000e\000r\000v\000i\000s\000i\000o\000n\000\040\000E\000f\000f\000i\000c\000i\000e\000n\000c\000y\000\040\000A\000n\000a\000l\000y\000s\000i\000s\000\040\000R\000e\000v\000i\000s\000i\000t\000e\000d}{chapter.4}% 109
\BOOKMARK [1][-]{section.4.8}{\376\377\000Q\000u\000a\000l\000i\000t\000a\000t\000i\000v\000e\000\040\000R\000e\000s\000u\000l\000t\000s}{chapter.4}% 110
\BOOKMARK [2][-]{subsection.4.8.1}{\376\377\000B\000a\000s\000e\000\040\000N\000e\000u\000r\000o\000K\000i\000n\000\040\000S\000i\000l\000h\000o\000u\000e\000t\000t\000e\000\040\000P\000r\000e\000d\000i\000c\000t\000i\000o\000n}{section.4.8}% 111
\BOOKMARK [2][-]{subsection.4.8.2}{\376\377\000N\000e\000u\000r\000o\000K\000i\000n\000-\0003\000D\000\040\000E\000n\000d\000-\000E\000f\000f\000e\000c\000t\000o\000r\000\040\000P\000r\000e\000d\000i\000c\000t\000i\000o\000n}{section.4.8}% 112
\BOOKMARK [1][-]{section.4.9}{\376\377\000D\000i\000s\000c\000u\000s\000s\000i\000o\000n\000:\000\040\000T\000h\000e\000\040\0003\000D\000\040\000R\000e\000c\000o\000n\000s\000t\000r\000u\000c\000t\000i\000o\000n\000\040\000B\000o\000t\000t\000l\000e\000n\000e\000c\000k}{chapter.4}% 113
\BOOKMARK [1][-]{section.4.10}{\376\377\000L\000i\000m\000i\000t\000a\000t\000i\000o\000n\000s\000\040\000o\000f\000\040\000D\000i\000r\000e\000c\000t\000\040\000D\000e\000c\000o\000d\000i\000n\000g}{chapter.4}% 114
\BOOKMARK [1][-]{section.4.11}{\376\377\000S\000u\000m\000m\000a\000r\000y}{chapter.4}% 115
\BOOKMARK [0][-]{chapter.5}{\376\377\000V\000i\000s\000u\000a\000l\000\040\000C\000l\000o\000s\000e\000d\000-\000L\000o\000o\000p\000\040\000C\000o\000n\000t\000r\000o\000l\000\040\000a\000n\000d\000\040\000F\000a\000u\000l\000t\000\040\000A\000d\000a\000p\000t\000a\000t\000i\000o\000n}{}% 116
\BOOKMARK [1][-]{section.5.1}{\376\377\000C\000o\000n\000t\000r\000o\000l\000l\000e\000r\000\040\000I\000n\000t\000e\000g\000r\000a\000t\000i\000o\000n\000:\000\040\000R\000e\000s\000o\000l\000v\000e\000d\000-\000R\000a\000t\000e\000\040\000I\000n\000v\000e\000r\000s\000e\000\040\000K\000i\000n\000e\000m\000a\000t\000i\000c\000s\000\040\000w\000i\000t\000h\000\040\000V\000i\000s\000u\000a\000l\000\040\000F\000e\000e\000d\000b\000a\000c\000k}{chapter.5}% 117
\BOOKMARK [2][-]{subsection.5.1.1}{\376\377\000T\000a\000s\000k\000-\000S\000p\000a\000c\000e\000\040\000C\000o\000n\000t\000r\000o\000l\000\040\000F\000o\000r\000m\000u\000l\000a\000t\000i\000o\000n}{section.5.1}% 118
\BOOKMARK [2][-]{subsection.5.1.2}{\376\377\000D\000a\000m\000p\000e\000d\000\040\000L\000e\000a\000s\000t\000-\000S\000q\000u\000a\000r\000e\000s\000\040\000I\000n\000v\000e\000r\000s\000e\000\040\000K\000i\000n\000e\000m\000a\000t\000i\000c\000s}{section.5.1}% 119
\BOOKMARK [2][-]{subsection.5.1.3}{\376\377\000V\000i\000s\000u\000a\000l\000\040\000F\000e\000e\000d\000b\000a\000c\000k\000\040\000L\000o\000o\000p\000\040\000w\000i\000t\000h\000\040\000N\000e\000u\000r\000o\000K\000i\000n\000-\0003\000D}{section.5.1}% 120
\BOOKMARK [2][-]{subsection.5.1.4}{\376\377\000E\000x\000p\000o\000n\000e\000n\000t\000i\000a\000l\000\040\000S\000m\000o\000o\000t\000h\000i\000n\000g\000\040\000f\000o\000r\000\040\000N\000o\000i\000s\000e\000\040\000R\000e\000d\000u\000c\000t\000i\000o\000n}{section.5.1}% 121
\BOOKMARK [2][-]{subsection.5.1.5}{\376\377\000B\000a\000s\000e\000l\000i\000n\000e\000:\000\040\000P\000u\000r\000e\000\040\000P\000r\000o\000p\000r\000i\000o\000c\000e\000p\000t\000i\000v\000e\000\040\000C\000o\000n\000t\000r\000o\000l}{section.5.1}% 122
\BOOKMARK [1][-]{section.5.2}{\376\377\000E\000x\000p\000e\000r\000i\000m\000e\000n\000t\000a\000l\000\040\000P\000r\000o\000t\000o\000c\000o\000l}{chapter.5}% 123
\BOOKMARK [2][-]{subsection.5.2.1}{\376\377\000T\000a\000s\000k\000\040\000D\000e\000f\000i\000n\000i\000t\000i\000o\000n\000:\000\040\000P\000o\000i\000n\000t\000-\000t\000o\000-\000P\000o\000i\000n\000t\000\040\000R\000e\000a\000c\000h\000i\000n\000g}{section.5.2}% 124
\BOOKMARK [2][-]{subsection.5.2.2}{\376\377\000N\000o\000m\000i\000n\000a\000l\000\040\000P\000e\000r\000f\000o\000r\000m\000a\000n\000c\000e\000\040\000E\000v\000a\000l\000u\000a\000t\000i\000o\000n}{section.5.2}% 125
\BOOKMARK [2][-]{subsection.5.2.3}{\376\377\000F\000a\000u\000l\000t\000\040\000I\000n\000j\000e\000c\000t\000i\000o\000n\000:\000\040\000P\000r\000o\000p\000r\000i\000o\000c\000e\000p\000t\000i\000v\000e\000\040\000E\000n\000c\000o\000d\000e\000r\000\040\000S\000l\000i\000p}{section.5.2}% 126
\BOOKMARK [2][-]{subsection.5.2.4}{\376\377\000F\000a\000u\000l\000t\000\040\000M\000a\000g\000n\000i\000t\000u\000d\000e\000\040\000S\000w\000e\000e\000p}{section.5.2}% 127
\BOOKMARK [1][-]{section.5.3}{\376\377\000S\000t\000a\000b\000i\000l\000i\000t\000y\000\040\000A\000n\000a\000l\000y\000s\000i\000s\000\040\000o\000f\000\040\000t\000h\000e\000\040\000V\000i\000s\000u\000a\000l\000\040\000S\000e\000r\000v\000o\000\040\000C\000o\000n\000t\000r\000o\000l\000l\000e\000r}{chapter.5}% 128
\BOOKMARK [2][-]{subsection.5.3.1}{\376\377\000L\000y\000a\000p\000u\000n\000o\000v\000\040\000S\000t\000a\000b\000i\000l\000i\000t\000y\000\040\000f\000o\000r\000\040\000P\000r\000o\000p\000o\000r\000t\000i\000o\000n\000a\000l\000\040\000C\000o\000n\000t\000r\000o\000l}{section.5.3}% 129
\BOOKMARK [2][-]{subsection.5.3.2}{\376\377\000E\000f\000f\000e\000c\000t\000\040\000o\000f\000\040\000t\000h\000e\000\040\000I\000n\000t\000e\000g\000r\000a\000l\000\040\000T\000e\000r\000m}{section.5.3}% 130
\BOOKMARK [2][-]{subsection.5.3.3}{\376\377\000E\000f\000f\000e\000c\000t\000\040\000o\000f\000\040\000V\000i\000s\000u\000a\000l\000\040\000E\000s\000t\000i\000m\000a\000t\000i\000o\000n\000\040\000E\000r\000r\000o\000r}{section.5.3}% 131
\BOOKMARK [1][-]{section.5.4}{\376\377\000R\000e\000s\000u\000l\000t\000s\000:\000\040\000N\000o\000m\000i\000n\000a\000l\000\040\000P\000e\000r\000f\000o\000r\000m\000a\000n\000c\000e}{chapter.5}% 132
\BOOKMARK [1][-]{section.5.5}{\376\377\000R\000e\000s\000u\000l\000t\000s\000:\000\040\000F\000a\000u\000l\000t\000-\000T\000o\000l\000e\000r\000a\000n\000t\000\040\000P\000e\000r\000f\000o\000r\000m\000a\000n\000c\000e}{chapter.5}% 133
\BOOKMARK [2][-]{subsection.5.5.1}{\376\377\000E\000n\000c\000o\000d\000e\000r\000\040\000S\000l\000i\000p\000\040\000a\000t\000\040\000S\000t\000e\000p\000\040\0005\0000}{section.5.5}% 134
\BOOKMARK [2][-]{subsection.5.5.2}{\376\377\000Q\000u\000a\000n\000t\000i\000t\000a\000t\000i\000v\000e\000\040\000R\000e\000s\000u\000l\000t\000s\000\040\000A\000c\000r\000o\000s\000s\000\040\0001\0000\0000\000\040\000T\000r\000i\000a\000l\000s}{section.5.5}% 135
\BOOKMARK [2][-]{subsection.5.5.3}{\376\377\000F\000a\000u\000l\000t\000\040\000M\000a\000g\000n\000i\000t\000u\000d\000e\000\040\000S\000w\000e\000e\000p}{section.5.5}% 136
\BOOKMARK [2][-]{subsection.5.5.4}{\376\377\000J\000o\000i\000n\000t\000\040\000A\000n\000g\000l\000e\000\040\000T\000r\000a\000c\000k\000i\000n\000g\000\040\000U\000n\000d\000e\000r\000\040\000F\000a\000u\000l\000t}{section.5.5}% 137
\BOOKMARK [1][-]{section.5.6}{\376\377\000A\000n\000a\000l\000y\000s\000i\000s\000:\000\040\000W\000h\000y\000\040\000V\000i\000s\000u\000a\000l\000\040\000E\000s\000t\000i\000m\000a\000t\000e\000s\000\040\000E\000n\000a\000b\000l\000e\000\040\000R\000e\000c\000o\000v\000e\000r\000y}{chapter.5}% 138
\BOOKMARK [2][-]{subsection.5.6.1}{\376\377\000T\000h\000e\000\040\000C\000r\000i\000t\000i\000c\000a\000l\000\040\000R\000o\000l\000e\000\040\000o\000f\000\040\000S\000u\000b\000-\000M\000i\000l\000l\000i\000s\000e\000c\000o\000n\000d\000\040\000L\000a\000t\000e\000n\000c\000y}{section.5.6}% 139
\BOOKMARK [2][-]{subsection.5.6.2}{\376\377\000C\000o\000m\000p\000a\000r\000i\000s\000o\000n\000\040\000t\000o\000\040\000P\000r\000i\000o\000r\000\040\000W\000o\000r\000k\000\040\000o\000n\000\040\000F\000a\000u\000l\000t\000\040\000T\000o\000l\000e\000r\000a\000n\000c\000e}{section.5.6}% 140
\BOOKMARK [1][-]{section.5.7}{\376\377\000E\000x\000t\000e\000n\000s\000i\000o\000n\000\040\000t\000o\000\040\000S\000t\000r\000u\000c\000t\000u\000r\000a\000l\000\040\000D\000a\000m\000a\000g\000e}{chapter.5}% 141
\BOOKMARK [2][-]{subsection.5.7.1}{\376\377\000D\000a\000m\000a\000g\000e\000\040\000C\000o\000n\000f\000i\000g\000u\000r\000a\000t\000i\000o\000n}{section.5.7}% 142
\BOOKMARK [2][-]{subsection.5.7.2}{\376\377\000V\000i\000s\000u\000a\000l\000\040\000E\000s\000t\000i\000m\000a\000t\000i\000o\000n\000\040\000U\000n\000d\000e\000r\000\040\000S\000t\000r\000u\000c\000t\000u\000r\000a\000l\000\040\000D\000a\000m\000a\000g\000e}{section.5.7}% 143
\BOOKMARK [2][-]{subsection.5.7.3}{\376\377\000F\000i\000n\000e\000-\000T\000u\000n\000i\000n\000g\000\040\000f\000o\000r\000\040\000R\000a\000p\000i\000d\000\040\000A\000d\000a\000p\000t\000a\000t\000i\000o\000n}{section.5.7}% 144
\BOOKMARK [2][-]{subsection.5.7.4}{\376\377\000C\000l\000o\000s\000e\000d\000-\000L\000o\000o\000p\000\040\000P\000e\000r\000f\000o\000r\000m\000a\000n\000c\000e\000\040\000U\000n\000d\000e\000r\000\040\000S\000t\000r\000u\000c\000t\000u\000r\000a\000l\000\040\000D\000a\000m\000a\000g\000e}{section.5.7}% 145
\BOOKMARK [1][-]{section.5.8}{\376\377\000F\000a\000i\000l\000u\000r\000e\000\040\000C\000a\000s\000e\000\040\000A\000n\000a\000l\000y\000s\000i\000s}{chapter.5}% 146
\BOOKMARK [2][-]{subsection.5.8.1}{\376\377\000C\000a\000t\000e\000g\000o\000r\000y\000\040\0001\000:\000\040\000E\000x\000t\000r\000e\000m\000e\000\040\000F\000a\000u\000l\000t\000\040\000M\000a\000g\000n\000i\000t\000u\000d\000e\000\040\000\050\0003\0008\000\045\000\040\000o\000f\000\040\000f\000a\000i\000l\000u\000r\000e\000s\000\051}{section.5.8}% 147
\BOOKMARK [2][-]{subsection.5.8.2}{\376\377\000C\000a\000t\000e\000g\000o\000r\000y\000\040\0002\000:\000\040\000W\000o\000r\000k\000s\000p\000a\000c\000e\000\040\000E\000x\000i\000t\000\040\000\050\0004\0001\000\045\000\040\000o\000f\000\040\000f\000a\000i\000l\000u\000r\000e\000s\000\051}{section.5.8}% 148
\BOOKMARK [2][-]{subsection.5.8.3}{\376\377\000C\000a\000t\000e\000g\000o\000r\000y\000\040\0003\000:\000\040\000S\000i\000l\000h\000o\000u\000e\000t\000t\000e\000\040\000D\000e\000g\000r\000a\000d\000a\000t\000i\000o\000n\000\040\000\050\0002\0001\000\045\000\040\000o\000f\000\040\000f\000a\000i\000l\000u\000r\000e\000s\000\051}{section.5.8}% 149
\BOOKMARK [1][-]{section.5.9}{\376\377\000D\000i\000s\000c\000u\000s\000s\000i\000o\000n\000:\000\040\000I\000m\000p\000l\000i\000c\000a\000t\000i\000o\000n\000s\000\040\000f\000o\000r\000\040\000R\000e\000a\000l\000-\000W\000o\000r\000l\000d\000\040\000D\000e\000p\000l\000o\000y\000m\000e\000n\000t}{chapter.5}% 150
\BOOKMARK [2][-]{subsection.5.9.1}{\376\377\000S\000i\000m\000-\000t\000o\000-\000R\000e\000a\000l\000\040\000C\000o\000n\000s\000i\000d\000e\000r\000a\000t\000i\000o\000n\000s}{section.5.9}% 151
\BOOKMARK [2][-]{subsection.5.9.2}{\376\377\000C\000o\000m\000p\000a\000r\000i\000s\000o\000n\000\040\000t\000o\000\040\000T\000r\000a\000d\000i\000t\000i\000o\000n\000a\000l\000\040\000V\000i\000s\000u\000a\000l\000\040\000S\000e\000r\000v\000o\000i\000n\000g}{section.5.9}% 152
\BOOKMARK [1][-]{section.5.10}{\376\377\000S\000u\000m\000m\000a\000r\000y}{chapter.5}% 153
\BOOKMARK [0][-]{chapter.6}{\376\377\000S\000e\000q\000u\000e\000n\000t\000i\000a\000l\000\040\000S\000w\000a\000r\000m\000\040\000C\000o\000o\000r\000d\000i\000n\000a\000t\000i\000o\000n\000\040\000u\000n\000d\000e\000r\000\040\000C\000o\000m\000p\000o\000u\000n\000d\000i\000n\000g\000\040\000F\000a\000u\000l\000t\000s}{}% 154
\BOOKMARK [1][-]{section.6.1}{\376\377\000T\000h\000e\000\040\000S\000e\000q\000u\000e\000n\000t\000i\000a\000l\000\040\000S\000w\000a\000r\000m\000\040\000P\000i\000p\000e\000l\000i\000n\000e\000:\000\040\000T\000e\000m\000p\000o\000r\000a\000l\000\040\000S\000t\000i\000g\000m\000e\000r\000g\000y\000\040\000i\000n\000\040\000O\000p\000e\000r\000a\000t\000i\000o\000n}{chapter.6}% 155
\BOOKMARK [2][-]{subsection.6.1.1}{\376\377\000D\000e\000f\000i\000n\000i\000t\000i\000o\000n\000\040\000o\000f\000\040\000T\000e\000m\000p\000o\000r\000a\000l\000\040\000S\000t\000i\000g\000m\000e\000r\000g\000y}{section.6.1}% 156
\BOOKMARK [2][-]{subsection.6.1.2}{\376\377\000T\000h\000e\000\040\0001\0000\0000\000-\000S\000t\000a\000g\000e\000\040\000O\000p\000e\000r\000a\000t\000i\000o\000n\000a\000l\000\040\000C\000h\000a\000i\000n}{section.6.1}% 157
\BOOKMARK [2][-]{subsection.6.1.3}{\376\377\000P\000r\000o\000g\000r\000e\000s\000s\000i\000v\000e\000\040\000F\000a\000u\000l\000t\000\040\000I\000n\000j\000e\000c\000t\000i\000o\000n}{section.6.1}% 158
\BOOKMARK [1][-]{section.6.2}{\376\377\000T\000h\000e\000\040\000I\000n\000t\000e\000r\000-\000A\000g\000e\000n\000t\000\040\000C\000o\000m\000m\000u\000n\000i\000c\000a\000t\000i\000o\000n\000\040\000L\000e\000d\000g\000e\000r\000\040\000a\000s\000\040\000S\000t\000i\000g\000m\000e\000r\000g\000i\000c\000\040\000C\000h\000a\000n\000n\000e\000l}{chapter.6}% 159
\BOOKMARK [2][-]{subsection.6.2.1}{\376\377\000T\000h\000e\000\040\000F\000a\000c\000t\000o\000r\000y\000\040\000S\000t\000a\000t\000e\000\040\000D\000i\000c\000t\000i\000o\000n\000a\000r\000y}{section.6.2}% 160
\BOOKMARK [2][-]{subsection.6.2.2}{\376\377\000T\000h\000e\000\040\000R\000e\000c\000o\000v\000e\000r\000y\000\040\000T\000h\000r\000e\000s\000h\000o\000l\000d\000\040\000M\000e\000c\000h\000a\000n\000i\000s\000m}{section.6.2}% 161
\BOOKMARK [2][-]{subsection.6.2.3}{\376\377\000C\000o\000m\000p\000a\000r\000i\000s\000o\000n\000\040\000t\000o\000\040\000B\000i\000o\000l\000o\000g\000i\000c\000a\000l\000\040\000S\000t\000i\000g\000m\000e\000r\000g\000y}{section.6.2}% 162
\BOOKMARK [1][-]{section.6.3}{\376\377\000S\000t\000a\000t\000e\000-\000D\000e\000p\000e\000n\000d\000e\000n\000t\000\040\000C\000o\000l\000l\000e\000c\000t\000i\000v\000e\000\040\000A\000d\000a\000p\000t\000a\000t\000i\000o\000n\000:\000\040\000E\000x\000p\000e\000r\000i\000m\000e\000n\000t\000a\000l\000\040\000R\000e\000s\000u\000l\000t\000s}{chapter.6}% 163
\BOOKMARK [2][-]{subsection.6.3.1}{\376\377\000B\000a\000s\000e\000l\000i\000n\000e\000:\000\040\000S\000t\000a\000n\000d\000a\000r\000d\000\040\000I\000K\000\040\000C\000o\000n\000t\000r\000o\000l\000l\000e\000r\000\040\000\050\000N\000o\000\040\000S\000t\000i\000g\000m\000e\000r\000g\000y\000\051}{section.6.3}% 164
\BOOKMARK [2][-]{subsection.6.3.2}{\376\377\000N\000e\000u\000r\000o\000K\000i\000n\000\040\000w\000i\000t\000h\000\040\000T\000e\000m\000p\000o\000r\000a\000l\000\040\000S\000t\000i\000g\000m\000e\000r\000g\000y}{section.6.3}% 165
\BOOKMARK [2][-]{subsection.6.3.3}{\376\377\000Q\000u\000a\000n\000t\000i\000t\000a\000t\000i\000v\000e\000\040\000C\000o\000m\000p\000a\000r\000i\000s\000o\000n\000:\000\040\0001\0000\0000\000-\000S\000t\000a\000g\000e\000\040\000R\000e\000s\000u\000l\000t\000s}{section.6.3}% 166
\BOOKMARK [2][-]{subsection.6.3.4}{\376\377\000A\000n\000a\000l\000y\000s\000i\000s\000\040\000o\000f\000\040\000B\000a\000s\000e\000l\000i\000n\000e\000\040\000C\000a\000t\000a\000s\000t\000r\000o\000p\000h\000i\000c\000\040\000F\000a\000i\000l\000u\000r\000e}{section.6.3}% 167
\BOOKMARK [2][-]{subsection.6.3.5}{\376\377\000A\000n\000a\000l\000y\000s\000i\000s\000\040\000o\000f\000\040\000N\000e\000u\000r\000o\000K\000i\000n\000\040\000S\000t\000i\000g\000m\000e\000r\000g\000i\000c\000\040\000A\000d\000a\000p\000t\000a\000t\000i\000o\000n}{section.6.3}% 168
\BOOKMARK [2][-]{subsection.6.3.6}{\376\377\000S\000t\000e\000p\000\040\000E\000f\000f\000i\000c\000i\000e\000n\000c\000y\000\040\000A\000n\000a\000l\000y\000s\000i\000s}{section.6.3}% 169
\BOOKMARK [1][-]{section.6.4}{\376\377\000S\000t\000a\000t\000i\000s\000t\000i\000c\000a\000l\000\040\000A\000n\000a\000l\000y\000s\000i\000s\000\040\000a\000n\000d\000\040\000F\000a\000i\000l\000u\000r\000e\000\040\000M\000o\000d\000e\000\040\000C\000h\000a\000r\000a\000c\000t\000e\000r\000i\000z\000a\000t\000i\000o\000n}{chapter.6}% 170
\BOOKMARK [2][-]{subsection.6.4.1}{\376\377\000S\000u\000r\000v\000i\000v\000a\000l\000\040\000A\000n\000a\000l\000y\000s\000i\000s}{section.6.4}% 171
\BOOKMARK [2][-]{subsection.6.4.2}{\376\377\000F\000a\000i\000l\000u\000r\000e\000\040\000M\000o\000d\000e\000\040\000C\000a\000t\000e\000g\000o\000r\000i\000z\000a\000t\000i\000o\000n}{section.6.4}% 172
\BOOKMARK [2][-]{subsection.6.4.3}{\376\377\000S\000t\000i\000g\000m\000e\000r\000g\000i\000c\000\040\000E\000f\000f\000i\000c\000i\000e\000n\000c\000y\000:\000\040\000I\000n\000f\000o\000r\000m\000a\000t\000i\000o\000n\000-\000T\000h\000e\000o\000r\000e\000t\000i\000c\000\040\000A\000n\000a\000l\000y\000s\000i\000s}{section.6.4}% 173
\BOOKMARK [1][-]{section.6.5}{\376\377\000C\000o\000m\000p\000a\000r\000i\000s\000o\000n\000\040\000t\000o\000\040\000P\000r\000i\000o\000r\000\040\000W\000o\000r\000k\000\040\000o\000n\000\040\000S\000w\000a\000r\000m\000\040\000C\000o\000o\000r\000d\000i\000n\000a\000t\000i\000o\000n}{chapter.6}% 174
\BOOKMARK [2][-]{subsection.6.5.1}{\376\377\000E\000x\000p\000l\000i\000c\000i\000t\000\040\000C\000o\000m\000m\000u\000n\000i\000c\000a\000t\000i\000o\000n\000\040\000v\000s\000.\000\040\000S\000t\000i\000g\000m\000e\000r\000g\000y}{section.6.5}% 175
\BOOKMARK [2][-]{subsection.6.5.2}{\376\377\000C\000o\000m\000p\000a\000r\000i\000s\000o\000n\000\040\000t\000o\000\040\000M\000u\000l\000t\000i\000-\000A\000g\000e\000n\000t\000\040\000R\000e\000i\000n\000f\000o\000r\000c\000e\000m\000e\000n\000t\000\040\000L\000e\000a\000r\000n\000i\000n\000g}{section.6.5}% 176
\BOOKMARK [1][-]{section.6.6}{\376\377\000L\000i\000m\000i\000t\000a\000t\000i\000o\000n\000s\000\040\000a\000n\000d\000\040\000F\000a\000i\000l\000u\000r\000e\000\040\000C\000a\000s\000e\000\040\000A\000n\000a\000l\000y\000s\000i\000s}{chapter.6}% 177
\BOOKMARK [2][-]{subsection.6.6.1}{\376\377\000S\000e\000q\000u\000e\000n\000t\000i\000a\000l\000,\000\040\000N\000o\000t\000\040\000C\000o\000n\000c\000u\000r\000r\000e\000n\000t}{section.6.6}% 178
\BOOKMARK [2][-]{subsection.6.6.2}{\376\377\000I\000n\000f\000o\000r\000m\000a\000t\000i\000o\000n\000\040\000B\000o\000t\000t\000l\000e\000n\000e\000c\000k}{section.6.6}% 179
\BOOKMARK [2][-]{subsection.6.6.3}{\376\377\000F\000a\000u\000l\000t\000\040\000M\000o\000d\000e\000l\000\040\000L\000i\000m\000i\000t\000a\000t\000i\000o\000n\000s}{section.6.6}% 180
\BOOKMARK [2][-]{subsection.6.6.4}{\376\377\000R\000e\000c\000o\000v\000e\000r\000y\000\040\000M\000o\000d\000e\000\040\000C\000o\000n\000s\000e\000r\000v\000a\000t\000i\000s\000m}{section.6.6}% 181
\BOOKMARK [1][-]{section.6.7}{\376\377\000D\000i\000s\000c\000u\000s\000s\000i\000o\000n\000:\000\040\000V\000a\000l\000i\000d\000a\000t\000i\000n\000g\000\040\000t\000h\000e\000\040\000`\000`\000T\000o\000w\000a\000r\000d\000\040\000S\000w\000a\000r\000m\000\040\000C\000o\000o\000r\000d\000i\000n\000a\000t\000i\000o\000n\000'\000'\000\040\000H\000y\000p\000o\000t\000h\000e\000s\000i\000s}{chapter.6}% 182
\BOOKMARK [2][-]{subsection.6.7.1}{\376\377\000W\000h\000y\000\040\000T\000e\000m\000p\000o\000r\000a\000l\000\040\000S\000t\000i\000g\000m\000e\000r\000g\000y\000\040\000P\000r\000o\000v\000e\000s\000\040\000t\000h\000e\000\040\000P\000r\000e\000r\000e\000q\000u\000i\000s\000i\000t\000e}{section.6.7}% 183
\BOOKMARK [2][-]{subsection.6.7.2}{\376\377\000T\000h\000e\000\040\000R\000o\000l\000e\000\040\000o\000f\000\040\000F\000a\000s\000t\000\040\000I\000n\000f\000e\000r\000e\000n\000c\000e\000\040\000i\000n\000\040\000S\000w\000a\000r\000m\000\040\000C\000o\000o\000r\000d\000i\000n\000a\000t\000i\000o\000n}{section.6.7}% 184
\BOOKMARK [2][-]{subsection.6.7.3}{\376\377\000G\000e\000n\000e\000r\000a\000l\000i\000z\000a\000t\000i\000o\000n\000\040\000t\000o\000\040\000P\000h\000y\000s\000i\000c\000a\000l\000\040\000S\000w\000a\000r\000m\000s}{section.6.7}% 185
\BOOKMARK [1][-]{section.6.8}{\376\377\000S\000u\000m\000m\000a\000r\000y}{chapter.6}% 186
\BOOKMARK [0][-]{chapter.7}{\376\377\000D\000i\000s\000c\000u\000s\000s\000i\000o\000n}{}% 187
\BOOKMARK [1][-]{section.7.1}{\376\377\000T\000r\000a\000d\000e\000-\000o\000f\000f\000s\000\040\000o\000f\000\040\000D\000i\000r\000e\000c\000t\000\040\000D\000e\000c\000o\000d\000i\000n\000g\000:\000\040\000S\000a\000c\000r\000i\000f\000i\000c\000i\000n\000g\000\040\000N\000o\000v\000e\000l\000-\000V\000i\000e\000w\000\040\000S\000y\000n\000t\000h\000e\000s\000i\000s\000\040\000f\000o\000r\000\040\000E\000x\000t\000r\000e\000m\000e\000\040\000I\000n\000f\000e\000r\000e\000n\000c\000e\000\040\000S\000p\000e\000e\000d}{chapter.7}% 188
\BOOKMARK [2][-]{subsection.7.1.1}{\376\377\000T\000h\000e\000\040\000S\000i\000n\000g\000l\000e\000-\000V\000i\000e\000w\000p\000o\000i\000n\000t\000\040\000C\000o\000n\000s\000t\000r\000a\000i\000n\000t}{section.7.1}% 189
\BOOKMARK [2][-]{subsection.7.1.2}{\376\377\000B\000i\000n\000a\000r\000y\000\040\000S\000i\000l\000h\000o\000u\000e\000t\000t\000e\000s\000\040\000v\000s\000.\000\040\000R\000G\000B\000\040\000P\000r\000e\000d\000i\000c\000t\000i\000o\000n}{section.7.1}% 190
\BOOKMARK [2][-]{subsection.7.1.3}{\376\377\000T\000h\000e\000\040\000P\000a\000r\000e\000t\000o\000\040\000F\000r\000o\000n\000t\000i\000e\000r\000:\000\040\000N\000o\000v\000e\000l\000-\000V\000i\000e\000w\000\040\000S\000y\000n\000t\000h\000e\000s\000i\000s\000\040\000v\000s\000.\000\040\000C\000o\000n\000t\000r\000o\000l\000-\000L\000o\000o\000p\000\040\000L\000a\000t\000e\000n\000c\000y}{section.7.1}% 191
\BOOKMARK [2][-]{subsection.7.1.4}{\376\377\000S\000u\000p\000e\000r\000v\000i\000s\000i\000o\000n\000\040\000E\000f\000f\000i\000c\000i\000e\000n\000c\000y\000\040\000a\000s\000\040\000t\000h\000e\000\040\000K\000e\000y\000\040\000E\000x\000p\000l\000a\000n\000a\000t\000o\000r\000y\000\040\000V\000a\000r\000i\000a\000b\000l\000e}{section.7.1}% 192
\BOOKMARK [1][-]{section.7.2}{\376\377\000V\000a\000l\000i\000d\000a\000t\000i\000n\000g\000\040\000t\000h\000e\000\040\000`\000`\000T\000o\000w\000a\000r\000d\000\040\000S\000w\000a\000r\000m\000\040\000C\000o\000o\000r\000d\000i\000n\000a\000t\000i\000o\000n\000'\000'\000\040\000H\000y\000p\000o\000t\000h\000e\000s\000i\000s\000:\000\040\000T\000e\000m\000p\000o\000r\000a\000l\000\040\000S\000t\000i\000g\000m\000e\000r\000g\000y\000\040\000a\000s\000\040\000a\000\040\000P\000r\000e\000r\000e\000q\000u\000i\000s\000i\000t\000e}{chapter.7}% 193
\BOOKMARK [2][-]{subsection.7.2.1}{\376\377\000W\000h\000y\000\040\000T\000e\000m\000p\000o\000r\000a\000l\000\040\000S\000t\000i\000g\000m\000e\000r\000g\000y\000\040\000P\000r\000o\000v\000e\000s\000\040\000t\000h\000e\000\040\000P\000r\000e\000r\000e\000q\000u\000i\000s\000i\000t\000e}{section.7.2}% 194
\BOOKMARK [2][-]{subsection.7.2.2}{\376\377\000T\000h\000e\000\040\000R\000o\000l\000e\000\040\000o\000f\000\040\000S\000u\000b\000-\000M\000i\000l\000l\000i\000s\000e\000c\000o\000n\000d\000\040\000I\000n\000f\000e\000r\000e\000n\000c\000e\000\040\000i\000n\000\040\000S\000t\000i\000g\000m\000e\000r\000g\000i\000c\000\040\000C\000o\000o\000r\000d\000i\000n\000a\000t\000i\000o\000n}{section.7.2}% 195
\BOOKMARK [2][-]{subsection.7.2.3}{\376\377\000C\000o\000m\000p\000a\000r\000i\000s\000o\000n\000\040\000t\000o\000\040\000A\000l\000t\000e\000r\000n\000a\000t\000i\000v\000e\000\040\000C\000o\000o\000r\000d\000i\000n\000a\000t\000i\000o\000n\000\040\000M\000e\000c\000h\000a\000n\000i\000s\000m\000s}{section.7.2}% 196
\BOOKMARK [2][-]{subsection.7.2.4}{\376\377\000L\000i\000m\000i\000t\000a\000t\000i\000o\000n\000s\000\040\000o\000f\000\040\000t\000h\000e\000\040\000S\000e\000q\000u\000e\000n\000t\000i\000a\000l\000\040\000P\000a\000r\000a\000d\000i\000g\000m}{section.7.2}% 197
\BOOKMARK [2][-]{subsection.7.2.5}{\376\377\000I\000n\000f\000o\000r\000m\000a\000t\000i\000o\000n\000\040\000B\000o\000t\000t\000l\000e\000n\000e\000c\000k\000\040\000a\000n\000d\000\040\000R\000e\000c\000o\000v\000e\000r\000y\000\040\000M\000o\000d\000e\000\040\000D\000e\000s\000i\000g\000n}{section.7.2}% 198
\BOOKMARK [1][-]{section.7.3}{\376\377\000T\000h\000r\000e\000a\000t\000s\000\040\000t\000o\000\040\000V\000a\000l\000i\000d\000i\000t\000y\000\040\000a\000n\000d\000\040\000D\000i\000r\000e\000c\000t\000i\000o\000n\000s\000\040\000f\000o\000r\000\040\000M\000i\000t\000i\000g\000a\000t\000i\000o\000n}{chapter.7}% 199
\BOOKMARK [2][-]{subsection.7.3.1}{\376\377\000S\000i\000m\000u\000l\000a\000t\000i\000o\000n\000-\000t\000o\000-\000R\000e\000a\000l\000i\000t\000y\000\040\000G\000a\000p}{section.7.3}% 200
\BOOKMARK [2][-]{subsection.7.3.2}{\376\377\000A\000b\000s\000t\000r\000a\000c\000t\000i\000o\000n\000\040\000o\000f\000\040\000M\000e\000c\000h\000a\000n\000i\000c\000a\000l\000\040\000D\000e\000g\000r\000a\000d\000a\000t\000i\000o\000n\000\040\000a\000n\000d\000\040\000R\000i\000g\000i\000d\000-\000B\000o\000d\000y\000\040\000A\000s\000s\000u\000m\000p\000t\000i\000o\000n\000s}{section.7.3}% 201
\BOOKMARK [2][-]{subsection.7.3.3}{\376\377\000G\000e\000n\000e\000r\000a\000l\000i\000z\000a\000t\000i\000o\000n\000\040\000t\000o\000\040\000H\000i\000g\000h\000e\000r\000\040\000D\000e\000g\000r\000e\000e\000s\000\040\000o\000f\000\040\000F\000r\000e\000e\000d\000o\000m}{section.7.3}% 202
\BOOKMARK [2][-]{subsection.7.3.4}{\376\377\000C\000a\000t\000a\000s\000t\000r\000o\000p\000h\000i\000c\000\040\000F\000o\000r\000g\000e\000t\000t\000i\000n\000g\000\040\000U\000n\000d\000e\000r\000\040\000S\000t\000r\000u\000c\000t\000u\000r\000a\000l\000\040\000D\000a\000m\000a\000g\000e}{section.7.3}% 203
\BOOKMARK [2][-]{subsection.7.3.5}{\376\377\000D\000a\000t\000a\000\040\000E\000f\000f\000i\000c\000i\000e\000n\000c\000y\000\040\000a\000n\000d\000\040\000L\000i\000m\000i\000t\000e\000d\000\040\000T\000r\000a\000i\000n\000i\000n\000g\000\040\000S\000a\000m\000p\000l\000e\000s}{section.7.3}% 204
\BOOKMARK [1][-]{section.7.4}{\376\377\000S\000u\000m\000m\000a\000r\000y\000\040\000o\000f\000\040\000D\000i\000s\000c\000u\000s\000s\000i\000o\000n}{chapter.7}% 205
\BOOKMARK [0][-]{chapter.8}{\376\377\000C\000o\000n\000c\000l\000u\000s\000i\000o\000n\000\040\000a\000n\000d\000\040\000F\000u\000t\000u\000r\000e\000\040\000W\000o\000r\000k}{}% 206
\BOOKMARK [1][-]{section.8.1}{\376\377\000S\000u\000m\000m\000a\000r\000y\000\040\000o\000f\000\040\000C\000o\000n\000t\000r\000i\000b\000u\000t\000i\000o\000n\000s\000\040\000a\000n\000d\000\040\000R\000e\000s\000e\000a\000r\000c\000h\000\040\000F\000i\000n\000d\000i\000n\000g\000s}{chapter.8}% 207
\BOOKMARK [2][-]{subsection.8.1.1}{\376\377\000R\000Q\0001\000:\000\040\000A\000r\000c\000h\000i\000t\000e\000c\000t\000u\000r\000a\000l\000\040\000E\000f\000f\000i\000c\000i\000e\000n\000c\000y\000\040\040\024\000\040\000D\000i\000r\000e\000c\000t\000\040\000D\000e\000c\000o\000d\000i\000n\000g\000\040\000D\000e\000f\000e\000a\000t\000s\000\040\000t\000h\000e\000\040\000L\000a\000t\000e\000n\000c\000y\000\040\000P\000a\000r\000a\000d\000o\000x}{section.8.1}% 208
\BOOKMARK [2][-]{subsection.8.1.2}{\376\377\000R\000Q\0002\000:\000\040\000C\000o\000n\000t\000r\000o\000l\000\040\000I\000n\000t\000e\000g\000r\000a\000t\000i\000o\000n\000\040\040\024\000\040\000S\000u\000b\000-\000M\000i\000l\000l\000i\000s\000e\000c\000o\000n\000d\000\040\000V\000i\000s\000u\000a\000l\000\040\000S\000e\000r\000v\000o\000i\000n\000g\000\040\000E\000n\000a\000b\000l\000e\000s\000\040\000D\000y\000n\000a\000m\000i\000c\000\040\000S\000t\000a\000b\000i\000l\000i\000z\000a\000t\000i\000o\000n}{section.8.1}% 209
\BOOKMARK [2][-]{subsection.8.1.3}{\376\377\000R\000Q\0003\000:\000\040\000F\000a\000u\000l\000t\000\040\000T\000o\000l\000e\000r\000a\000n\000c\000e\000\040\040\024\000\040\000R\000a\000p\000i\000d\000\040\000F\000i\000n\000e\000-\000T\000u\000n\000i\000n\000g\000\040\000E\000n\000a\000b\000l\000e\000s\000\040\000A\000d\000a\000p\000t\000a\000t\000i\000o\000n\000\040\000t\000o\000\040\000S\000t\000r\000u\000c\000t\000u\000r\000a\000l\000\040\000D\000a\000m\000a\000g\000e}{section.8.1}% 210
\BOOKMARK [2][-]{subsection.8.1.4}{\376\377\000R\000Q\0004\000:\000\040\000C\000o\000l\000l\000e\000c\000t\000i\000v\000e\000\040\000A\000d\000a\000p\000t\000a\000t\000i\000o\000n\000\040\040\024\000\040\000T\000e\000m\000p\000o\000r\000a\000l\000\040\000S\000t\000i\000g\000m\000e\000r\000g\000y\000\040\000V\000a\000l\000i\000d\000a\000t\000e\000s\000\040\000t\000h\000e\000\040\000P\000r\000e\000r\000e\000q\000u\000i\000s\000i\000t\000e\000\040\000f\000o\000r\000\040\000S\000w\000a\000r\000m\000\040\000C\000o\000o\000r\000d\000i\000n\000a\000t\000i\000o\000n}{section.8.1}% 211
\BOOKMARK [1][-]{section.8.2}{\376\377\000T\000e\000c\000h\000n\000i\000c\000a\000l\000\040\000C\000o\000n\000t\000r\000i\000b\000u\000t\000i\000o\000n\000s\000\040\000S\000u\000m\000m\000a\000r\000y}{chapter.8}% 212
\BOOKMARK [2][-]{subsection.8.2.1}{\376\377\000C\000o\000n\000t\000r\000i\000b\000u\000t\000i\000o\000n\000\040\0001\000:\000\040\000F\000o\000r\000m\000a\000l\000\040\000B\000e\000n\000c\000h\000m\000a\000r\000k\000i\000n\000g\000\040\000o\000f\000\040\000t\000h\000e\000\040\000L\000a\000t\000e\000n\000c\000y\000\040\000P\000a\000r\000a\000d\000o\000x}{section.8.2}% 213
\BOOKMARK [2][-]{subsection.8.2.2}{\376\377\000C\000o\000n\000t\000r\000i\000b\000u\000t\000i\000o\000n\000\040\0002\000:\000\040\000T\000h\000e\000\040\000N\000e\000u\000r\000o\000K\000i\000n\000\040\000D\000i\000r\000e\000c\000t\000\040\000S\000e\000n\000s\000o\000r\000i\000m\000o\000t\000o\000r\000\040\000D\000e\000c\000o\000d\000e\000r}{section.8.2}% 214
\BOOKMARK [2][-]{subsection.8.2.3}{\376\377\000C\000o\000n\000t\000r\000i\000b\000u\000t\000i\000o\000n\000\040\0003\000:\000\040\000V\000i\000s\000u\000a\000l\000\040\000C\000l\000o\000s\000e\000d\000-\000L\000o\000o\000p\000\040\000D\000a\000m\000a\000g\000e\000\040\000A\000d\000a\000p\000t\000a\000t\000i\000o\000n}{section.8.2}% 215
\BOOKMARK [2][-]{subsection.8.2.4}{\376\377\000C\000o\000n\000t\000r\000i\000b\000u\000t\000i\000o\000n\000\040\0004\000:\000\040\000T\000e\000m\000p\000o\000r\000a\000l\000\040\000S\000t\000i\000g\000m\000e\000r\000g\000y\000\040\000f\000o\000r\000\040\000S\000e\000q\000u\000e\000n\000t\000i\000a\000l\000\040\000S\000w\000a\000r\000m\000\040\000C\000o\000o\000r\000d\000i\000n\000a\000t\000i\000o\000n}{section.8.2}% 216
\BOOKMARK [1][-]{section.8.3}{\376\377\000F\000u\000t\000u\000r\000e\000\040\000R\000o\000a\000d\000m\000a\000p\000:\000\040\000F\000r\000o\000m\000\040\000S\000e\000q\000u\000e\000n\000t\000i\000a\000l\000\040\000V\000a\000l\000i\000d\000a\000t\000i\000o\000n\000\040\000t\000o\000\040\000S\000p\000a\000t\000i\000a\000l\000\040\000S\000w\000a\000r\000m\000s}{chapter.8}% 217
\BOOKMARK [1][-]{section.8.4}{\376\377\000C\000o\000n\000c\000l\000u\000d\000i\000n\000g\000\040\000R\000e\000m\000a\000r\000k\000s}{chapter.8}% 218
