This is pdfTeX, Version 3.141592653-2.6-1.40.28 (MiKTeX 25.12) (preloaded format=pdflatex 2026.3.5)  20 MAY 2026 19:44
entering extended mode
 restricted \write18 enabled.
 file:line:error style messages enabled.
 %&-line parsing enabled.
**"./draft latest.tex"
(draft latest.tex
LaTeX2e <2025-11-01>
L3 programming layer <2025-12-24>
(C:\Users\Askeladd\AppData\Local\Programs\MiKTeX\tex/latex/base\report.cls
Document Class: report 2025/01/22 v1.4n Standard LaTeX document class
(C:\Users\Askeladd\AppData\Local\Programs\MiKTeX\tex/latex/base\size12.clo
File: size12.clo 2025/01/22 v1.4n Standard LaTeX file (size option)
)
\c@part=\count275
\c@chapter=\count276
\c@section=\count277
\c@subsection=\count278
\c@subsubsection=\count279
\c@paragraph=\count280
\c@subparagraph=\count281
\c@figure=\count282
\c@table=\count283
\abovecaptionskip=\skip49
\belowcaptionskip=\skip50
\bibindent=\dimen148
)
(C:\Users\Askeladd\AppData\Local\Programs\MiKTeX\tex/latex/base\inputenc.sty
Package: inputenc 2024/02/08 v1.3d Input encoding file
\inpenc@prehook=\toks17
\inpenc@posthook=\toks18
)
(C:\Users\Askeladd\AppData\Local\Programs\MiKTeX\tex/latex/base\fontenc.sty
Package: fontenc 2025/07/18 v2.1d Standard LaTeX package
)
(C:\Users\Askeladd\AppData\Local\Programs\MiKTeX\tex/latex/lm\lmodern.sty
Package: lmodern 2015/05/01 v1.6.1 Latin Modern Fonts
LaTeX Font Info:    Overwriting symbol font `operators' in version `normal'
(Font)                  OT1/cmr/m/n --> OT1/lmr/m/n on input line 22.
LaTeX Font Info:    Overwriting symbol font `letters' in version `normal'
(Font)                  OML/cmm/m/it --> OML/lmm/m/it on input line 23.
LaTeX Font Info:    Overwriting symbol font `symbols' in version `normal'
(Font)                  OMS/cmsy/m/n --> OMS/lmsy/m/n on input line 24.
LaTeX Font Info:    Overwriting symbol font `largesymbols' in version `normal'
(Font)                  OMX/cmex/m/n --> OMX/lmex/m/n on input line 25.
LaTeX Font Info:    Overwriting symbol font `operators' in version `bold'
(Font)                  OT1/cmr/bx/n --> OT1/lmr/bx/n on input line 26.
LaTeX Font Info:    Overwriting symbol font `letters' in version `bold'
(Font)                  OML/cmm/b/it --> OML/lmm/b/it on input line 27.
LaTeX Font Info:    Overwriting symbol font `symbols' in version `bold'
(Font)                  OMS/cmsy/b/n --> OMS/lmsy/b/n on input line 28.
LaTeX Font Info:    Overwriting symbol font `largesymbols' in version `bold'
(Font)                  OMX/cmex/m/n --> OMX/lmex/m/n on input line 29.
LaTeX Font Info:    Overwriting math alphabet `\mathbf' in version `normal'
(Font)                  OT1/cmr/bx/n --> OT1/lmr/bx/n on input line 31.
LaTeX Font Info:    Overwriting math alphabet `\mathsf' in version `normal'
(Font)                  OT1/cmss/m/n --> OT1/lmss/m/n on input line 32.
LaTeX Font Info:    Overwriting math alphabet `\mathit' in version `normal'
(Font)                  OT1/cmr/m/it --> OT1/lmr/m/it on input line 33.
LaTeX Font Info:    Overwriting math alphabet `\mathtt' in version `normal'
(Font)                  OT1/cmtt/m/n --> OT1/lmtt/m/n on input line 34.
LaTeX Font Info:    Overwriting math alphabet `\mathbf' in version `bold'
(Font)                  OT1/cmr/bx/n --> OT1/lmr/bx/n on input line 35.
LaTeX Font Info:    Overwriting math alphabet `\mathsf' in version `bold'
(Font)                  OT1/cmss/bx/n --> OT1/lmss/bx/n on input line 36.
LaTeX Font Info:    Overwriting math alphabet `\mathit' in version `bold'
(Font)                  OT1/cmr/bx/it --> OT1/lmr/bx/it on input line 37.
LaTeX Font Info:    Overwriting math alphabet `\mathtt' in version `bold'
(Font)                  OT1/cmtt/m/n --> OT1/lmtt/m/n on input line 38.
)
(C:\Users\Askeladd\AppData\Local\Programs\MiKTeX\tex/latex/amsmath\amsmath.sty
Package: amsmath 2025/07/09 v2.17z AMS math features
\@mathmargin=\skip51

For additional information on amsmath, use the `?' option.
(C:\Users\Askeladd\AppData\Local\Programs\MiKTeX\tex/latex/amsmath\amstext.sty
Package: amstext 2024/11/17 v2.01 AMS text

(C:\Users\Askeladd\AppData\Local\Programs\MiKTeX\tex/latex/amsmath\amsgen.sty
File: amsgen.sty 1999/11/30 v2.0 generic functions
\@emptytoks=\toks19
\ex@=\dimen149
)) (C:\Users\Askeladd\AppData\Local\Programs\MiKTeX\tex/latex/amsmath\amsbsy.st
y
Package: amsbsy 1999/11/29 v1.2d Bold Symbols
\pmbraise@=\dimen150
) (C:\Users\Askeladd\AppData\Local\Programs\MiKTeX\tex/latex/amsmath\amsopn.sty
Package: amsopn 2022/04/08 v2.04 operator names
)
\inf@bad=\count284
LaTeX Info: Redefining \frac on input line 233.
\uproot@=\count285
\leftroot@=\count286
LaTeX Info: Redefining \overline on input line 398.
LaTeX Info: Redefining \colon on input line 409.
\classnum@=\count287
\DOTSCASE@=\count288
LaTeX Info: Redefining \ldots on input line 495.
LaTeX Info: Redefining \dots on input line 498.
LaTeX Info: Redefining \cdots on input line 619.
\Mathstrutbox@=\box53
\strutbox@=\box54
LaTeX Info: Redefining \big on input line 721.
LaTeX Info: Redefining \Big on input line 722.
LaTeX Info: Redefining \bigg on input line 723.
LaTeX Info: Redefining \Bigg on input line 724.
\big@size=\dimen151
LaTeX Font Info:    Redeclaring font encoding OML on input line 742.
LaTeX Font Info:    Redeclaring font encoding OMS on input line 743.
\macc@depth=\count289
LaTeX Info: Redefining \bmod on input line 904.
LaTeX Info: Redefining \pmod on input line 909.
LaTeX Info: Redefining \smash on input line 939.
LaTeX Info: Redefining \relbar on input line 969.
LaTeX Info: Redefining \Relbar on input line 970.
\c@MaxMatrixCols=\count290
\dotsspace@=\muskip17
\c@parentequation=\count291
\dspbrk@lvl=\count292
\tag@help=\toks20
\row@=\count293
\column@=\count294
\maxfields@=\count295
\andhelp@=\toks21
\eqnshift@=\dimen152
\alignsep@=\dimen153
\tagshift@=\dimen154
\tagwidth@=\dimen155
\totwidth@=\dimen156
\lineht@=\dimen157
\@envbody=\toks22
\multlinegap=\skip52
\multlinetaggap=\skip53
\mathdisplay@stack=\toks23
LaTeX Info: Redefining \[ on input line 2950.
LaTeX Info: Redefining \] on input line 2951.
)
(C:\Users\Askeladd\AppData\Local\Programs\MiKTeX\tex/latex/amsfonts\amssymb.sty
Package: amssymb 2013/01/14 v3.01 AMS font symbols

(C:\Users\Askeladd\AppData\Local\Programs\MiKTeX\tex/latex/amsfonts\amsfonts.st
y
Package: amsfonts 2013/01/14 v3.01 Basic AMSFonts support
\symAMSa=\mathgroup4
\symAMSb=\mathgroup5
LaTeX Font Info:    Redeclaring math symbol \hbar on input line 98.
LaTeX Font Info:    Overwriting math alphabet `\mathfrak' in version `bold'
(Font)                  U/euf/m/n --> U/euf/b/n on input line 106.
))
(C:\Users\Askeladd\AppData\Local\Programs\MiKTeX\tex/latex/graphics\graphicx.st
y
Package: graphicx 2024/12/31 v1.2e Enhanced LaTeX Graphics (DPC,SPQR)

(C:\Users\Askeladd\AppData\Local\Programs\MiKTeX\tex/latex/graphics\keyval.sty
Package: keyval 2022/05/29 v1.15 key=value parser (DPC)
\KV@toks@=\toks24
)
(C:\Users\Askeladd\AppData\Local\Programs\MiKTeX\tex/latex/graphics\graphics.st
y
Package: graphics 2024/08/06 v1.4g Standard LaTeX Graphics (DPC,SPQR)
 (C:\Users\Askeladd\AppData\Local\Programs\MiKTeX\tex/latex/graphics\trig.sty
Package: trig 2023/12/02 v1.11 sin cos tan (DPC)
)
(C:\Users\Askeladd\AppData\Local\Programs\MiKTeX\tex/latex/graphics-cfg\graphic
s.cfg
File: graphics.cfg 2016/06/04 v1.11 sample graphics configuration
)
Package graphics Info: Driver file: pdftex.def on input line 106.

(C:\Users\Askeladd\AppData\Local\Programs\MiKTeX\tex/latex/graphics-def\pdftex.
def
File: pdftex.def 2025/09/29 v1.2d Graphics/color driver for pdftex
))
\Gin@req@height=\dimen158
\Gin@req@width=\dimen159
)
(C:\Users\Askeladd\AppData\Roaming\MiKTeX\tex/latex/geometry\geometry.sty
Package: geometry 2020/01/02 v5.9 Page Geometry

(C:\Users\Askeladd\AppData\Local\Programs\MiKTeX\tex/generic/iftex\ifvtex.sty
Package: ifvtex 2019/10/25 v1.7 ifvtex legacy package. Use iftex instead.

(C:\Users\Askeladd\AppData\Local\Programs\MiKTeX\tex/generic/iftex\iftex.sty
Package: iftex 2024/12/12 v1.0g TeX engine tests
))
\Gm@cnth=\count296
\Gm@cntv=\count297
\c@Gm@tempcnt=\count298
\Gm@bindingoffset=\dimen160
\Gm@wd@mp=\dimen161
\Gm@odd@mp=\dimen162
\Gm@even@mp=\dimen163
\Gm@layoutwidth=\dimen164
\Gm@layoutheight=\dimen165
\Gm@layouthoffset=\dimen166
\Gm@layoutvoffset=\dimen167
\Gm@dimlist=\toks25

(C:\Users\Askeladd\AppData\Roaming\MiKTeX\tex/latex/geometry\geometry.cfg))
(C:\Users\Askeladd\AppData\Roaming\MiKTeX\tex/latex/setspace\setspace.sty
Package: setspace 2022/12/04 v6.7b set line spacing
)
(C:\Users\Askeladd\AppData\Roaming\MiKTeX\tex/latex/booktabs\booktabs.sty
Package: booktabs 2020/01/12 v1.61803398 Publication quality tables
\heavyrulewidth=\dimen168
\lightrulewidth=\dimen169
\cmidrulewidth=\dimen170
\belowrulesep=\dimen171
\belowbottomsep=\dimen172
\aboverulesep=\dimen173
\abovetopsep=\dimen174
\cmidrulesep=\dimen175
\cmidrulekern=\dimen176
\defaultaddspace=\dimen177
\@cmidla=\count299
\@cmidlb=\count300
\@aboverulesep=\dimen178
\@belowrulesep=\dimen179
\@thisruleclass=\count301
\@lastruleclass=\count302
\@thisrulewidth=\dimen180
)
(C:\Users\Askeladd\AppData\Local\Programs\MiKTeX\tex/latex/tools\array.sty
Package: array 2025/09/25 v2.6n Tabular extension package (FMi)
\col@sep=\dimen181
\ar@mcellbox=\box55
\extrarowheight=\dimen182
\NC@list=\toks26
\extratabsurround=\skip54
\backup@length=\skip55
\ar@cellbox=\box56
)
(C:\Users\Askeladd\AppData\Local\Programs\MiKTeX\tex/latex/float\float.sty
Package: float 2001/11/08 v1.3d Float enhancements (AL)
\c@float@type=\count303
\float@exts=\toks27
\float@box=\box57
\@float@everytoks=\toks28
\@floatcapt=\box58
)
(C:\Users\Askeladd\AppData\Roaming\MiKTeX\tex/latex/caption\caption.sty
Package: caption 2023/08/05 v3.6o Customizing captions (AR)

(C:\Users\Askeladd\AppData\Roaming\MiKTeX\tex/latex/caption\caption3.sty
Package: caption3 2023/07/31 v2.4d caption3 kernel (AR)
\caption@tempdima=\dimen183
\captionmargin=\dimen184
\caption@leftmargin=\dimen185
\caption@rightmargin=\dimen186
\caption@width=\dimen187
\caption@indent=\dimen188
\caption@parindent=\dimen189
\caption@hangindent=\dimen190
Package caption Info: Standard document class detected.
)
\c@caption@flags=\count304
\c@continuedfloat=\count305
Package caption Info: float package is loaded.
)
(C:\Users\Askeladd\AppData\Roaming\MiKTeX\tex/latex/caption\subcaption.sty
Package: subcaption 2023/07/28 v1.6b Sub-captions (AR)
Package caption Info: New subtype `subfigure' on input line 238.
\c@subfigure=\count306
Package caption Info: New subtype `subtable' on input line 238.
\c@subtable=\count307
)
(C:\Users\Askeladd\AppData\Local\Programs\MiKTeX\tex/latex/xcolor\xcolor.sty
Package: xcolor 2024/09/29 v3.02 LaTeX color extensions (UK)

(C:\Users\Askeladd\AppData\Local\Programs\MiKTeX\tex/latex/graphics-cfg\color.c
fg
File: color.cfg 2016/01/02 v1.6 sample color configuration
)
Package xcolor Info: Driver file: pdftex.def on input line 274.

(C:\Users\Askeladd\AppData\Local\Programs\MiKTeX\tex/latex/graphics\mathcolor.l
tx)
Package xcolor Info: Model `cmy' substituted by `cmy0' on input line 1349.
Package xcolor Info: Model `hsb' substituted by `rgb' on input line 1353.
Package xcolor Info: Model `RGB' extended on input line 1365.
Package xcolor Info: Model `HTML' substituted by `rgb' on input line 1367.
Package xcolor Info: Model `Hsb' substituted by `hsb' on input line 1368.
Package xcolor Info: Model `tHsb' substituted by `hsb' on input line 1369.
Package xcolor Info: Model `HSB' substituted by `hsb' on input line 1370.
Package xcolor Info: Model `Gray' substituted by `gray' on input line 1371.
Package xcolor Info: Model `wave' substituted by `hsb' on input line 1372.
) (C:\Users\Askeladd\AppData\Roaming\MiKTeX\tex/latex/enumitem\enumitem.sty
Package: enumitem 2025/02/06 v3.11 Customized lists
\labelindent=\skip56
\enit@outerparindent=\dimen191
\enit@toks=\toks29
\enit@inbox=\box59
\enit@count@id=\count308
\enitdp@description=\count309
)
(C:\Users\Askeladd\AppData\Local\Programs\MiKTeX\tex/latex/hyperref\hyperref.st
y
Package: hyperref 2025-07-12 v7.01o Hypertext links for LaTeX
 (C:\Users\Askeladd\AppData\Roaming\MiKTeX\tex/latex/kvsetkeys\kvsetkeys.sty
Package: kvsetkeys 2022-10-05 v1.19 Key value parser (HO)
)
(C:\Users\Askeladd\AppData\Roaming\MiKTeX\tex/generic/kvdefinekeys\kvdefinekeys
.sty
Package: kvdefinekeys 2019-12-19 v1.6 Define keys (HO)
)
(C:\Users\Askeladd\AppData\Roaming\MiKTeX\tex/generic/pdfescape\pdfescape.sty
Package: pdfescape 2019/12/09 v1.15 Implements pdfTeX's escape features (HO)

(C:\Users\Askeladd\AppData\Roaming\MiKTeX\tex/generic/ltxcmds\ltxcmds.sty
Package: ltxcmds 2023-12-04 v1.26 LaTeX kernel commands for general use (HO)
)
(C:\Users\Askeladd\AppData\Local\Programs\MiKTeX\tex/generic/pdftexcmds\pdftexc
mds.sty
Package: pdftexcmds 2020-06-27 v0.33 Utility functions of pdfTeX for LuaTeX (HO
)

(C:\Users\Askeladd\AppData\Roaming\MiKTeX\tex/generic/infwarerr\infwarerr.sty
Package: infwarerr 2019/12/03 v1.5 Providing info/warning/error messages (HO)
)
Package pdftexcmds Info: \pdf@primitive is available.
Package pdftexcmds Info: \pdf@ifprimitive is available.
Package pdftexcmds Info: \pdfdraftmode found.
)) (C:\Users\Askeladd\AppData\Roaming\MiKTeX\tex/latex/hycolor\hycolor.sty
Package: hycolor 2020-01-27 v1.10 Color options for hyperref/bookmark (HO)
)
(C:\Users\Askeladd\AppData\Local\Programs\MiKTeX\tex/latex/hyperref\nameref.sty
Package: nameref 2025-06-21 v2.57 Cross-referencing by name of section
(C:\Users\Askeladd\AppData\Roaming\MiKTeX\tex/latex/refcount\refcount.sty
Package: refcount 2019/12/15 v3.6 Data extraction from label references (HO)
)
(C:\Users\Askeladd\AppData\Roaming\MiKTeX\tex/generic/gettitlestring\gettitlest
ring.sty
Package: gettitlestring 2019/12/15 v1.6 Cleanup title references (HO)

(C:\Users\Askeladd\AppData\Roaming\MiKTeX\tex/latex/kvoptions\kvoptions.sty
Package: kvoptions 2022-06-15 v3.15 Key value format for package options (HO)
))
\c@section@level=\count310
)
(C:\Users\Askeladd\AppData\Local\Programs\MiKTeX\tex/latex/etoolbox\etoolbox.st
y
Package: etoolbox 2025/10/02 v2.5m e-TeX tools for LaTeX (JAW)
\etb@tempcnta=\count311
)
(C:\Users\Askeladd\AppData\Roaming\MiKTeX\tex/generic/stringenc\stringenc.sty
Package: stringenc 2019/11/29 v1.12 Convert strings between diff. encodings (HO
)
)
\@linkdim=\dimen192
\Hy@linkcounter=\count312
\Hy@pagecounter=\count313

(C:\Users\Askeladd\AppData\Local\Programs\MiKTeX\tex/latex/hyperref\pd1enc.def
File: pd1enc.def 2025-07-12 v7.01o Hyperref: PDFDocEncoding definition (HO)
Now handling font encoding PD1 ...
... no UTF-8 mapping file for font encoding PD1
) (C:\Users\Askeladd\AppData\Roaming\MiKTeX\tex/generic/intcalc\intcalc.sty
Package: intcalc 2019/12/15 v1.3 Expandable calculations with integers (HO)
)
\Hy@SavedSpaceFactor=\count314

(C:\Users\Askeladd\AppData\Local\Programs\MiKTeX\tex/latex/hyperref\puenc.def
File: puenc.def 2025-07-12 v7.01o Hyperref: PDF Unicode definition (HO)
Now handling font encoding PU ...
... no UTF-8 mapping file for font encoding PU
)
Package hyperref Info: Option `colorlinks' set `true' on input line 4066.
Package hyperref Info: Hyper figures OFF on input line 4195.
Package hyperref Info: Link nesting OFF on input line 4200.
Package hyperref Info: Hyper index ON on input line 4203.
Package hyperref Info: Plain pages OFF on input line 4210.
Package hyperref Info: Backreferencing OFF on input line 4215.
Package hyperref Info: Implicit mode ON; LaTeX internals redefined.
Package hyperref Info: Bookmarks ON on input line 4462.
\c@Hy@tempcnt=\count315

(C:\Users\Askeladd\AppData\Local\Programs\MiKTeX\tex/latex/url\url.sty
\Urlmuskip=\muskip18
Package: url 2013/09/16  ver 3.4  Verb mode for urls, etc.
)
LaTeX Info: Redefining \url on input line 4801.
\XeTeXLinkMargin=\dimen193

(C:\Users\Askeladd\AppData\Roaming\MiKTeX\tex/generic/bitset\bitset.sty
Package: bitset 2019/12/09 v1.3 Handle bit-vector datatype (HO)

(C:\Users\Askeladd\AppData\Roaming\MiKTeX\tex/generic/bigintcalc\bigintcalc.sty
Package: bigintcalc 2019/12/15 v1.5 Expandable calculations on big integers (HO
)
))
\Fld@menulength=\count316
\Field@Width=\dimen194
\Fld@charsize=\dimen195
Package hyperref Info: Hyper figures OFF on input line 6078.
Package hyperref Info: Link nesting OFF on input line 6083.
Package hyperref Info: Hyper index ON on input line 6086.
Package hyperref Info: backreferencing OFF on input line 6093.
Package hyperref Info: Link coloring ON on input line 6096.
Package hyperref Info: Link coloring with OCG OFF on input line 6103.
Package hyperref Info: PDF/A mode OFF on input line 6108.
\Hy@abspage=\count317
\c@Item=\count318
\c@Hfootnote=\count319
)
Package hyperref Info: Driver (autodetected): hpdftex.

(C:\Users\Askeladd\AppData\Local\Programs\MiKTeX\tex/latex/hyperref\hpdftex.def
File: hpdftex.def 2025-07-12 v7.01o Hyperref driver for pdfTeX
\Fld@listcount=\count320
\c@bookmark@seq@number=\count321

(C:\Users\Askeladd\AppData\Roaming\MiKTeX\tex/latex/rerunfilecheck\rerunfileche
ck.sty
Package: rerunfilecheck 2025-06-21 v1.11 Rerun checks for auxiliary files (HO)

(C:\Users\Askeladd\AppData\Roaming\MiKTeX\tex/generic/uniquecounter\uniquecount
er.sty
Package: uniquecounter 2019/12/15 v1.4 Provide unlimited unique counter (HO)
)
Package uniquecounter Info: New unique counter `rerunfilecheck' on input line 2
84.
)
\Hy@SectionHShift=\skip57
)
(C:\Users\Askeladd\AppData\Local\Programs\MiKTeX\tex/latex/pdfpages\pdfpages.st
y
Package: pdfpages 2025/07/23 v0.6g Insert pages of external PDF documents (AM)
 (C:\Users\Askeladd\AppData\Local\Programs\MiKTeX\tex/latex/base\ifthen.sty
Package: ifthen 2024/03/16 v1.1e Standard LaTeX ifthen package (DPC)
)
(C:\Users\Askeladd\AppData\Local\Programs\MiKTeX\tex/latex/tools\calc.sty
Package: calc 2025/03/01 v4.3b Infix arithmetic (KKT,FJ)
\calc@Acount=\count322
\calc@Bcount=\count323
\calc@Adimen=\dimen196
\calc@Bdimen=\dimen197
\calc@Askip=\skip58
\calc@Bskip=\skip59
LaTeX Info: Redefining \setlength on input line 86.
LaTeX Info: Redefining \addtolength on input line 87.
\calc@Ccount=\count324
\calc@Cskip=\skip60
)
(C:\Users\Askeladd\AppData\Local\Programs\MiKTeX\tex/latex/eso-pic\eso-pic.sty
Package: eso-pic 2025/12/10 v3.0d eso-pic (RN)
\ESO@tempdima=\dimen198
\ESO@tempdimb=\dimen199
)
\AM@pagewidth=\dimen256
\AM@pageheight=\dimen257
\AM@fboxrule=\dimen258

(C:\Users\Askeladd\AppData\Local\Programs\MiKTeX\tex/latex/pdfpages\pppdftex.de
f
File: pppdftex.def 2025/07/23 v0.6g Pdfpages driver for pdfTeX (AM)
)
\pdfpages@includegraphics@status=\count325
\AM@pagebox=\box60
\AM@global@opts=\toks30
\AM@pagecnt=\count326
\AM@toc@title=\toks31
\AM@lof@heading=\toks32
\c@AM@survey=\count327
\AM@templatesizebox=\box61
) (C:\Users\Askeladd\AppData\Roaming\MiKTeX\tex/latex/fancyhdr\fancyhdr.sty
Package: fancyhdr 2025/02/07 v5.2 Extensive control of page headers and footers

\f@nch@headwidth=\skip61
\f@nch@offset@elh=\skip62
\f@nch@offset@erh=\skip63
\f@nch@offset@olh=\skip64
\f@nch@offset@orh=\skip65
\f@nch@offset@elf=\skip66
\f@nch@offset@erf=\skip67
\f@nch@offset@olf=\skip68
\f@nch@offset@orf=\skip69
\f@nch@height=\skip70
\f@nch@footalignment=\skip71
\f@nch@widthL=\skip72
\f@nch@widthC=\skip73
\f@nch@widthR=\skip74
\@temptokenb=\toks33
)
   defining Unicode char U+2013 (decimal 8211)
   defining Unicode char U+2014 (decimal 8212)
   defining Unicode char U+00D7 (decimal 215)
   defining Unicode char U+223C (decimal 8764)
   defining Unicode char U+2248 (decimal 8776)
   defining Unicode char U+2192 (decimal 8594)
   defining Unicode char U+00B0 (decimal 176)
LaTeX Font Info:    Trying to load font information for T1+lmr on input line 60
.

(C:\Users\Askeladd\AppData\Local\Programs\MiKTeX\tex/latex/lm\t1lmr.fd
File: t1lmr.fd 2015/05/01 v1.6.1 Font defs for Latin Modern
)
(C:\Users\Askeladd\AppData\Local\Programs\MiKTeX\tex/latex/l3backend\l3backend-
pdftex.def
File: l3backend-pdftex.def 2025-10-09 L3 backend support: PDF output (pdfTeX)
\l__color_backend_stack_int=\count328
) (draft latest.aux)
\openout1 = `"draft latest.aux"'.

LaTeX Font Info:    Checking defaults for OML/cmm/m/it on input line 60.
LaTeX Font Info:    ... okay on input line 60.
LaTeX Font Info:    Checking defaults for OMS/cmsy/m/n on input line 60.
LaTeX Font Info:    ... okay on input line 60.
LaTeX Font Info:    Checking defaults for OT1/cmr/m/n on input line 60.
LaTeX Font Info:    ... okay on input line 60.
LaTeX Font Info:    Checking defaults for T1/cmr/m/n on input line 60.
LaTeX Font Info:    ... okay on input line 60.
LaTeX Font Info:    Checking defaults for TS1/cmr/m/n on input line 60.
LaTeX Font Info:    ... okay on input line 60.
LaTeX Font Info:    Checking defaults for OMX/cmex/m/n on input line 60.
LaTeX Font Info:    ... okay on input line 60.
LaTeX Font Info:    Checking defaults for U/cmr/m/n on input line 60.
LaTeX Font Info:    ... okay on input line 60.
LaTeX Font Info:    Checking defaults for PD1/pdf/m/n on input line 60.
LaTeX Font Info:    ... okay on input line 60.
LaTeX Font Info:    Checking defaults for PU/pdf/m/n on input line 60.
LaTeX Font Info:    ... okay on input line 60.

(C:\Users\Askeladd\AppData\Local\Programs\MiKTeX\tex/context/base/mkii\supp-pdf
.mkii
[Loading MPS to PDF converter (version 2006.09.02).]
\scratchcounter=\count329
\scratchdimen=\dimen259
\scratchbox=\box62
\nofMPsegments=\count330
\nofMParguments=\count331
\everyMPshowfont=\toks34
\MPscratchCnt=\count332
\MPscratchDim=\dimen260
\MPnumerator=\count333
\makeMPintoPDFobject=\count334
\everyMPtoPDFconversion=\toks35
)
(C:\Users\Askeladd\AppData\Local\Programs\MiKTeX\tex/latex/epstopdf-pkg\epstopd
f-base.sty
Package: epstopdf-base 2020-01-24 v2.11 Base part for package epstopdf
Package epstopdf-base Info: Redefining graphics rule for `.eps' on input line 4
85.

(C:\Users\Askeladd\AppData\Local\Programs\MiKTeX\tex/latex/00miktex\epstopdf-sy
s.cfg
File: epstopdf-sys.cfg 2021/03/18 v2.0 Configuration of epstopdf for MiKTeX
))
*geometry* driver: auto-detecting
*geometry* detected driver: pdftex
*geometry* verbose mode - [ preamble ] result:
* driver: pdftex
* paper: a4paper
* layout: <same size as paper>
* layoutoffset:(h,v)=(0.0pt,0.0pt)
* modes: 
* h-part:(L,W,R)=(85.35826pt, 469.47049pt, 42.67912pt)
* v-part:(T,H,B)=(56.9055pt, 731.23584pt, 56.9055pt)
* \paperwidth=597.50787pt
* \paperheight=845.04684pt
* \textwidth=469.47049pt
* \textheight=731.23584pt
* \oddsidemargin=13.08827pt
* \evensidemargin=13.08827pt
* \topmargin=-52.36449pt
* \headheight=12.0pt
* \headsep=25.0pt
* \topskip=12.0pt
* \footskip=30.0pt
* \marginparwidth=35.0pt
* \marginparsep=10.0pt
* \columnsep=10.0pt
* \skip\footins=10.8pt plus 4.0pt minus 2.0pt
* \hoffset=0.0pt
* \voffset=0.0pt
* \mag=1000
* \@twocolumnfalse
* \@twosidefalse
* \@mparswitchfalse
* \@reversemarginfalse
* (1in=72.27pt=25.4mm, 1cm=28.453pt)

Package caption Info: Begin \AtBeginDocument code.
Package caption Info: hyperref package is loaded.
Package caption Info: End \AtBeginDocument code.
Package hyperref Info: Link coloring ON on input line 60.
(draft latest.out) (draft latest.out)
\@outlinefile=\write3
\openout3 = `"draft latest.out"'.


(C:\Users\Askeladd\AppData\Local\Programs\MiKTeX\tex/latex/pdflscape\pdflscape.
sty
Package: pdflscape 2022-10-27 v0.13 Display of landscape pages in PDF

(C:\Users\Askeladd\AppData\Local\Programs\MiKTeX\tex/latex/pdflscape\pdflscape-
nometadata.sty
Package: pdflscape-nometadata 2022-10-28 v0.13 Display of landscape pages in PD
F (HO)

(C:\Users\Askeladd\AppData\Local\Programs\MiKTeX\tex/latex/graphics\lscape.sty
Package: lscape 2020/05/28 v3.02 Landscape Pages (DPC)
)
Package pdflscape Info: Auto-detected driver: pdftex on input line 81.
))
LaTeX Font Info:    Trying to load font information for OT1+lmr on input line 6
5.
 (C:\Users\Askeladd\AppData\Local\Programs\MiKTeX\tex/latex/lm\ot1lmr.fd
File: ot1lmr.fd 2015/05/01 v1.6.1 Font defs for Latin Modern
)
LaTeX Font Info:    Trying to load font information for OML+lmm on input line 6
5.

(C:\Users\Askeladd\AppData\Local\Programs\MiKTeX\tex/latex/lm\omllmm.fd
File: omllmm.fd 2015/05/01 v1.6.1 Font defs for Latin Modern
)
LaTeX Font Info:    Trying to load font information for OMS+lmsy on input line 
65.

(C:\Users\Askeladd\AppData\Local\Programs\MiKTeX\tex/latex/lm\omslmsy.fd
File: omslmsy.fd 2015/05/01 v1.6.1 Font defs for Latin Modern
)
LaTeX Font Info:    Trying to load font information for OMX+lmex on input line 
65.

(C:\Users\Askeladd\AppData\Local\Programs\MiKTeX\tex/latex/lm\omxlmex.fd
File: omxlmex.fd 2015/05/01 v1.6.1 Font defs for Latin Modern
)
LaTeX Font Info:    External font `lmex10' loaded for size
(Font)              <14.4> on input line 65.
LaTeX Font Info:    External font `lmex10' loaded for size
(Font)              <10> on input line 65.
LaTeX Font Info:    External font `lmex10' loaded for size
(Font)              <7> on input line 65.
LaTeX Font Info:    Trying to load font information for U+msa on input line 65.


(C:\Users\Askeladd\AppData\Local\Programs\MiKTeX\tex/latex/amsfonts\umsa.fd
File: umsa.fd 2013/01/14 v3.01 AMS symbols A
)
LaTeX Font Info:    Trying to load font information for U+msb on input line 65.


(C:\Users\Askeladd\AppData\Local\Programs\MiKTeX\tex/latex/amsfonts\umsb.fd
File: umsb.fd 2013/01/14 v3.01 AMS symbols B
)
[1

{C:/Users/Askeladd/AppData/Local/MiKTeX/fonts/map/pdftex/pdftex.map}{C:/Users/A
skeladd/AppData/Local/Programs/MiKTeX/fonts/enc/dvips/lm/lm-ec.enc}]
LaTeX Font Info:    External font `lmex10' loaded for size
(Font)              <12> on input line 75.
LaTeX Font Info:    External font `lmex10' loaded for size
(Font)              <8> on input line 75.
LaTeX Font Info:    External font `lmex10' loaded for size
(Font)              <6> on input line 75.

pdfTeX warning (ext4): destination with the same identifier (name{page.}) has b
een already used, duplicate ignored
<to be read again> 
                   \relax 
l.79 T
      his thesis provides four primary contributions: (1) formal benchmarkin...
[1


{C:/Users/Askeladd/AppData/Local/Programs/MiKTeX/fonts/enc/dvips/lm/lm-mathsy.e
nc}]
pdfTeX warning (ext4): destination with the same identifier (name{page.}) has b
een already used, duplicate ignored
<to be read again> 
                   \relax 
l.81 \clearpage
                [2]
LaTeX Font Info:    Trying to load font information for T1+lmtt on input line 9
9.

(C:\Users\Askeladd\AppData\Local\Programs\MiKTeX\tex/latex/lm\t1lmtt.fd
File: t1lmtt.fd 2015/05/01 v1.6.1 Font defs for Latin Modern
)
pdfTeX warning (ext4): destination with the same identifier (name{page.}) has b
een already used, duplicate ignored
<to be read again> 
                   \relax 
l.100 
       [3


]
pdfTeX warning (ext4): destination with the same identifier (name{page.}) has b
een already used, duplicate ignored
<to be read again> 
                   \relax 
l.101 \clearpage
                 [4] (draft latest.toc
pdfTeX warning (ext4): destination with the same identifier (name{page.}) has b
een already used, duplicate ignored
<to be read again> 
                   \relax 
l.29 ...ine {2}Literature Synthesis}{8}{chapter.2}
                                                  % [5


]
pdfTeX warning (ext4): destination with the same identifier (name{page.}) has b
een already used, duplicate ignored
<to be read again> 
                   \relax 
l.70 ...hematical Framework}{29}{subsection.3.2.1}
                                                  % [6]
pdfTeX warning (ext4): destination with the same identifier (name{page.}) has b
een already used, duplicate ignored
<to be read again> 
                   \relax 
l.144 ...4.8}Qualitative Results}{54}{section.4.8}
                                                  % [7]
pdfTeX warning (ext4): destination with the same identifier (name{page.}) has b
een already used, duplicate ignored
<to be read again> 
                   \relax 
l.184 ...r Real-World Deployment}{72}{section.5.9}
                                                  % [8]
pdfTeX warning (ext4): destination with the same identifier (name{page.}) has b
een already used, duplicate ignored
<to be read again> 
                   \relax 
l.231 ...ewpoint Constraint}{85}{subsection.7.1.1}
                                                  % [9])
\tf@toc=\write4
\openout4 = `"draft latest.toc"'.


pdfTeX warning (ext4): destination with the same identifier (name{page.}) has b
een already used, duplicate ignored
<to be read again> 
                   \relax 
l.104 \clearpage
                 [10] (draft latest.lof
pdfTeX warning (ext4): destination with the same identifier (name{page.}) has b
een already used, duplicate ignored
<to be read again> 
                   \relax 
l.18 ...ng loop topology.}}{59}{figure.caption.57}
                                                  % [11


{C:/Users/Askeladd/AppData/Local/Programs/MiKTeX/fonts/enc/dvips/lm/lm-mathit.e
nc}])
\tf@lof=\write5
\openout5 = `"draft latest.lof"'.


pdfTeX warning (ext4): destination with the same identifier (name{page.}) has b
een already used, duplicate ignored
<to be read again> 
                   \relax 
l.107 \clearpage
                 [12{C:/Users/Askeladd/AppData/Local/Programs/MiKTeX/fonts/enc/
dvips/lm/lm-rm.enc}] (draft latest.lot)
\tf@lot=\write6
\openout6 = `"draft latest.lot"'.


pdfTeX warning (ext4): destination with the same identifier (name{page.}) has b
een already used, duplicate ignored
<to be read again> 
                   \relax 
l.110 \clearpage
                 [13


]
Chapter 1.

Overfull \hbox (13.58131pt too wide) in paragraph at lines 124--125
\T1/lmr/m/n/12 Autonomous robots de-ployed in re-mote, un-struc-tured environme
nts---planetary rovers, disaster-
 []

[1


]
Overfull \hbox (8.90602pt too wide) in paragraph at lines 144--145
\T1/lmr/m/n/12 drift, a robotic sys-tem must pos-sess the ca-pac-ity for \T1/lm
r/m/it/12 self-modeling\T1/lmr/m/n/12 ---the abil-ity to au-tonomously
 []

[2] [3] [4] [5] [6] [7]
Chapter 2.

LaTeX Warning: Citation `bongard2006resilient' on page 8 undefined on input lin
e 280.


LaTeX Warning: Citation `kwiatkowski2019task' on page 8 undefined on input line
 282.


LaTeX Warning: Citation `kwiatkowski2019task' on page 8 undefined on input line
 282.

[8


]

LaTeX Warning: Citation `cully2015robots' on page 9 undefined on input line 286
.


LaTeX Warning: Citation `mouret2015illuminating' on page 9 undefined on input l
ine 286.


LaTeX Warning: Citation `cully2015robots' on page 9 undefined on input line 288
.


LaTeX Warning: Citation `kwiatkowski2019task' on page 9 undefined on input line
 290.


LaTeX Warning: Citation `kwiatkowski2019task' on page 9 undefined on input line
 294.


LaTeX Warning: Citation `kwiatkowski2019zeroshot' on page 9 undefined on input 
line 294.

[9]

LaTeX Warning: Citation `kwiatkowski2019task' on page 10 undefined on input lin
e 296.


LaTeX Warning: Citation `hu2024reconfigurable' on page 10 undefined on input li
ne 300.


LaTeX Warning: Citation `farghdani2025robust' on page 10 undefined on input lin
e 300.


LaTeX Warning: Citation `hu2024reconfigurable' on page 10 undefined on input li
ne 302.


LaTeX Warning: Citation `farghdani2025robust' on page 10 undefined on input lin
e 302.


LaTeX Warning: Citation `dogra2022unified' on page 10 undefined on input line 3
02.


LaTeX Warning: Citation `xu2026antenna' on page 10 undefined on input line 302.



LaTeX Warning: Citation `yu2026kinematicself' on page 10 undefined on input lin
e 302.


LaTeX Warning: Citation `chen2022full' on page 10 undefined on input line 306.


LaTeX Warning: Citation `chen2022full' on page 10 undefined on input line 306.


LaTeX Warning: Citation `hu2024teaching' on page 10 undefined on input line 308
.

[10]

LaTeX Warning: Citation `hu2025learning' on page 11 undefined on input line 310
.


Overfull \hbox (2.68996pt too wide) in paragraph at lines 314--314
[]\T1/lmr/bx/n/17.28 Neural Ren-der-ing Foun-da-tions: The Speed-Quality
 []


LaTeX Warning: Citation `mildenhall2020nerf' on page 11 undefined on input line
 322.

[11{C:/Users/Askeladd/AppData/Local/Programs/MiKTeX/fonts/enc/dvips/lm/lm-mathe
x.enc}]

LaTeX Warning: Citation `pumarola2021d' on page 12 undefined on input line 340.



LaTeX Warning: Citation `park2021nerfies' on page 12 undefined on input line 34
0.


LaTeX Warning: Citation `hu2024teaching' on page 12 undefined on input line 340
.


LaTeX Warning: Citation `muller2022instant' on page 12 undefined on input line 
342.


LaTeX Warning: Citation `barron2021mip' on page 12 undefined on input line 342.



LaTeX Warning: Citation `barron2023zipnerf' on page 12 undefined on input line 
342.


LaTeX Warning: Citation `kerbl20233d' on page 12 undefined on input line 346.

LaTeX Font Info:    Trying to load font information for OT1+lmss on input line 
348.
(C:\Users\Askeladd\AppData\Local\Programs\MiKTeX\tex/latex/lm\ot1lmss.fd
File: ot1lmss.fd 2015/05/01 v1.6.1 Font defs for Latin Modern
)
[12]
Overfull \hbox (73.70738pt too wide) in paragraph at lines 360--361
[]\T1/lmr/m/n/12 The 2D Gaus-sian func-tion for pixel co-or-di-nates $\OT1/lmr/
bx/n/12 u \OMS/lmsy/m/n/12 2 \U/msb/m/n/12 R[]$ \T1/lmr/m/n/12 is $\OML/lmm/m/i
t/12 G[]\OT1/lmr/m/n/12 (\OT1/lmr/bx/n/12 u\OT1/lmr/m/n/12 ) = [] []$\T1/lmr/m/
n/12 ,
 []


LaTeX Warning: Citation `matsuki2024gaussian' on page 13 undefined on input lin
e 366.


LaTeX Warning: Citation `keetha2024splattam' on page 13 undefined on input line
 366.


LaTeX Warning: Citation `guedon2024sugar' on page 13 undefined on input line 36
6.


LaTeX Warning: Citation `lassanske2024gaurast' on page 13 undefined on input li
ne 366.

[13]
Overfull \hbox (3.96596pt too wide) in paragraph at lines 388--388
[]\T1/lmr/bx/n/14.4 Cross-Embodiment Trans-fer and Mor-pho-log-i-cal Un-der-sta
nd-
 []

[14] [15] [16]
Overfull \hbox (1.97588pt too wide) in paragraph at lines 436--437
\T1/lmr/m/n/12 The Lot-tery Ticket Hy-poth-e-sis for-mal-izes the value of spar
-sity in deep learn-ing: ``A randomly-
 []

[17]
Overfull \hbox (14.85452pt too wide) in paragraph at lines 458--459
\T1/lmr/m/n/12 shared ``en-vi-ron-ment'' is ab-stracted into a per-sis-tent dig
-i-tal mem-ory ledger---the \T1/lmtt/m/n/12 factory_state
 []

[18]
Overfull \hbox (14.16154pt too wide) in paragraph at lines 469--470
\T1/lmr/m/n/12 When an agent ex-pe-ri-ences re-peated me-chan-i-cal fail-ures, 
it up-dates the \T1/lmtt/m/n/12 consecutive_failures
 []

[19]
Overfull \hbox (6.77362pt too wide) in paragraph at lines 483--484
[]\T1/lmr/bx/n/12 Second\T1/lmr/m/n/12 , di-rect sen-so-ri-mo-tor decoding---by
passing ex-plicit 3D re-con-struc-tion entirely---
 []

[20] [21] [22]
Chapter 3.

LaTeX Warning: Citation `hu2024teaching' on page 23 undefined on input line 523
.


LaTeX Warning: Citation `hu2025learning' on page 23 undefined on input line 523
.

LaTeX Font Info:    Trying to load font information for TS1+lmr on input line 5
34.
(C:\Users\Askeladd\AppData\Local\Programs\MiKTeX\tex/latex/lm\ts1lmr.fd
File: ts1lmr.fd 2015/05/01 v1.6.1 Font defs for Latin Modern
)
[23


{C:/Users/Askeladd/AppData/Local/Programs/MiKTeX/fonts/enc/dvips/lm/lm-ts1.enc}
]
<figures/pybullet_setup.png, id=1369, 500.36937pt x 343.2825pt>
File: figures/pybullet_setup.png Graphic file (type png)
<use figures/pybullet_setup.png>
Package pdftex.def Info: figures/pybullet_setup.png  used on input line 562.
(pdftex.def)             Requested size: 422.52057pt x 289.88483pt.
 [24 <./figures/pybullet_setup.png>] [25]
<figures/lorenz_trajectories.png, id=1386, 714.7503pt x 426.393pt>
File: figures/lorenz_trajectories.png Graphic file (type png)
<use figures/lorenz_trajectories.png>
Package pdftex.def Info: figures/lorenz_trajectories.png  used on input line 63
2.
(pdftex.def)             Requested size: 445.99553pt x 266.07205pt.
 [26]
<figures/data_pipeline.png, id=1397, 1068.8733pt x 369.2997pt>
File: figures/data_pipeline.png Graphic file (type png)
<use figures/data_pipeline.png>
Package pdftex.def Info: figures/data_pipeline.png  used on input line 661.
(pdftex.def)             Requested size: 445.99553pt x 154.09613pt.
 [27 <./figures/lorenz_trajectories.png>]
<figures/sample_poses.png, id=1411, 1107.8991pt x 569.4876pt>
File: figures/sample_poses.png Graphic file (type png)
<use figures/sample_poses.png>
Package pdftex.def Info: figures/sample_poses.png  used on input line 681.
(pdftex.def)             Requested size: 445.99553pt x 229.25087pt.
 [28 <./figures/data_pipeline.png>]

LaTeX Warning: Citation `hu2024teaching' on page 29 undefined on input line 688
.


LaTeX Warning: Citation `mildenhall2020nerf' on page 29 undefined on input line
 688.

[29 <./figures/sample_poses.png>]
Overfull \hbox (13.56967pt too wide) in paragraph at lines 708--709
[]\T1/lmr/m/n/12 where $\OML/lmm/m/it/12 ^^N[] \OT1/lmr/m/n/12 = \OML/lmm/m/it/
12 t[] \OMS/lmsy/m/n/12 ^^@ \OML/lmm/m/it/12 t[]$ \T1/lmr/m/n/12 is the dis-tan
ce be-tween ad-ja-cent sam-ples, and $\OML/lmm/m/it/12 T[] \OT1/lmr/m/n/12 = []
 []$\T1/lmr/m/n/12 . 
 []


LaTeX Warning: Citation `rahaman2019spectral' on page 30 undefined on input lin
e 714.

[30] [31] [32] [33] [34]
<figures/ffksm_results.png, id=1471, 1123.0758pt x 569.4876pt>
File: figures/ffksm_results.png Graphic file (type png)
<use figures/ffksm_results.png>
Package pdftex.def Info: figures/ffksm_results.png  used on input line 921.
(pdftex.def)             Requested size: 445.99553pt x 226.14865pt.
 [35 <./figures/ffksm_results.png>]
Overfull \hbox (73.70738pt too wide) in paragraph at lines 945--946
[]\T1/lmr/m/n/12 The 2D Gaus-sian func-tion for pixel co-or-di-nates $\OT1/lmr/
bx/n/12 u \OMS/lmsy/m/n/12 2 \U/msb/m/n/12 R[]$ \T1/lmr/m/n/12 is $\OML/lmm/m/i
t/12 G[]\OT1/lmr/m/n/12 (\OT1/lmr/bx/n/12 u\OT1/lmr/m/n/12 ) = [] []$\T1/lmr/m/
n/12 ,
 []

[36] [37]
Overfull \hbox (7.31267pt too wide) in paragraph at lines 1016--1017
\T1/lmr/m/n/12 We at-tempted ex-ten-sive re-me-di-a-tion strate-gies, all of wh
ich failed to pro-duce sta-ble anisotropic
 []

[38]
<figures/k3dgs_results.png, id=1505, 1264.725pt x 640.3122pt>
File: figures/k3dgs_results.png Graphic file (type png)
<use figures/k3dgs_results.png>
Package pdftex.def Info: figures/k3dgs_results.png  used on input line 1028.
(pdftex.def)             Requested size: 445.99553pt x 225.79312pt.
<figures/3dgs loss speed fps.png, id=1506, 1290.7422pt x 354.123pt>
File: figures/3dgs loss speed fps.png Graphic file (type png)
<use figures/3dgs loss speed fps.png>
Package pdftex.def Info: figures/3dgs loss speed fps.png  used on input line 10
35.
(pdftex.def)             Requested size: 445.99553pt x 122.36168pt.
 [39 <./figures/k3dgs_results.png>] [40 <./figures/3dgs loss speed fps.png>] [4
1]
Chapter 4.
[42


] [43]
<figures/CNN architecture.png, id=1540, 782.17218pt x 1108.14pt>
File: figures/CNN architecture.png Graphic file (type png)
<use figures/CNN architecture.png>
Package pdftex.def Info: figures/CNN architecture.png  used on input line 1143.

(pdftex.def)             Requested size: 445.99553pt x 631.86618pt.
 [44] [45 <./figures/CNN architecture.png>] [46] [47] [48]
<figures/2 view data generation sample.png, id=1591, 492.1587pt x 860.013pt>
File: figures/2 view data generation sample.png Graphic file (type png)
<use figures/2 view data generation sample.png>
Package pdftex.def Info: figures/2 view data generation sample.png  used on inp
ut line 1309.
(pdftex.def)             Requested size: 284.55107pt x 497.23315pt.
 [49]
[50 <./figures/2 view data generation sample.png>] [51] [52] [53]
<figures/neurokin_results.png, id=1638, 1120.185pt x 569.4876pt>
File: figures/neurokin_results.png Graphic file (type png)
<use figures/neurokin_results.png>
Package pdftex.def Info: figures/neurokin_results.png  used on input line 1441.

(pdftex.def)             Requested size: 445.99553pt x 226.73955pt.
<figures/end-effector-position gt vs prediction.png, id=1640, 642.4803pt x 642.
4803pt>
File: figures/end-effector-position gt vs prediction.png Graphic file (type png
)
<use figures/end-effector-position gt vs prediction.png>
Package pdftex.def Info: figures/end-effector-position gt vs prediction.png  us
ed on input line 1454.
(pdftex.def)             Requested size: 445.99553pt x 445.99803pt.
 [54 <./figures/neurokin_results.png>]
<figures/end-effector-position-and-joint-angles-error.png, id=1646, 952.5186pt 
x 426.393pt>
File: figures/end-effector-position-and-joint-angles-error.png Graphic file (ty
pe png)
<use figures/end-effector-position-and-joint-angles-error.png>
Package pdftex.def Info: figures/end-effector-position-and-joint-angles-error.p
ng  used on input line 1463.
(pdftex.def)             Requested size: 445.99553pt x 199.65001pt.
 [55 <./figures/end-effector-position gt vs prediction.png>] [56 <./figures/end
-effector-position-and-joint-angles-error.png>]
Chapter 5.

Overfull \hbox (11.85052pt too wide) in paragraph at lines 1492--1492
[]\T1/lmr/bx/n/17.28 Controller In-te-gra-tion: Resolved-Rate In-verse Kine-
 []

[57


] [58]
LaTeX Font Info:    External font `lmex10' loaded for size
(Font)              <10.95> on input line 1555.
 [59]
<figures/2 view end effector position.png, id=1691, 422.0568pt x 426.393pt>
File: figures/2 view end effector position.png Graphic file (type png)
<use figures/2 view end effector position.png>
Package pdftex.def Info: figures/2 view end effector position.png  used on inpu
t line 1592.
(pdftex.def)             Requested size: 366.1864pt x 369.96996pt.
 [60] [61 <./figures/2 view end effector position.png>] [62]
<figures/closedloop-endeffector-error.png, id=1708, 570.933pt x 281.853pt>
File: figures/closedloop-endeffector-error.png Graphic file (type png)
<use figures/closedloop-endeffector-error.png>
Package pdftex.def Info: figures/closedloop-endeffector-error.png  used on inpu
t line 1657.
(pdftex.def)             Requested size: 445.99553pt x 220.1842pt.

[63]
<figures/closedloop-endeffector-position-plot.png, id=1714, 424.9476pt x 426.39
3pt>
File: figures/closedloop-endeffector-position-plot.png Graphic file (type png)
<use figures/closedloop-endeffector-position-plot.png>
Package pdftex.def Info: figures/closedloop-endeffector-position-plot.png  used
 on input line 1666.
(pdftex.def)             Requested size: 384.96924pt x 386.28107pt.
 [64 <./figures/closedloop-endeffector-error.png>]
<figures/closedloop-endeffector-error-with-damage.png, id=1721, 642.4803pt x 35
4.123pt>
File: figures/closedloop-endeffector-error-with-damage.png Graphic file (type p
ng)
<use figures/closedloop-endeffector-error-with-damage.png>
Package pdftex.def Info: figures/closedloop-endeffector-error-with-damage.png  
used on input line 1679.
(pdftex.def)             Requested size: 445.99553pt x 245.82567pt.
 [65 <./figures/closedloop-endeffector-position-plot.png>]
Overfull \hbox (29.63062pt too wide) in paragraph at lines 1696--1706
 [][] 
 []

[66 <./figures/closedloop-endeffector-error-with-damage.png>] [67]
<figures/closedloop-joint-error.png, id=1737, 859.2903pt x 570.933pt>
File: figures/closedloop-joint-error.png Graphic file (type png)
<use figures/closedloop-joint-error.png>
Package pdftex.def Info: figures/closedloop-joint-error.png  used on input line
 1729.
(pdftex.def)             Requested size: 422.52057pt x 280.72661pt.
 [68 <./figures/closedloop-joint-error.png>] [69] [70] [71] [72] [73]
Chapter 6.

LaTeX Warning: Citation `bongard2006resilient' on page 74 undefined on input li
ne 1853.

[74


] [75]
Overfull \hbox (67.75478pt too wide) in paragraph at lines 1907--1907
[]        \T1/lmtt/m/n/12 mode = "recovery" if factory_state["consecutive_failu
res"] >= 2 else "standard"[] 
 []


Overfull \hbox (67.75478pt too wide) in paragraph at lines 1907--1907
[]        \T1/lmtt/m/n/12 target = np.array([0.15, 0.0, 0.15]) if mode == "reco
very" else sample_target()[] 
 []


Overfull \hbox (30.70476pt too wide) in paragraph at lines 1907--1907
[]        \T1/lmtt/m/n/12 success = run_visual_ik_loop(target, tol, fault_prob=
get_prob(stage_idx))[] 
 []


Overfull \hbox (260.85027pt too wide) in paragraph at lines 1888--1909
\T1/lmr/m/n/12 han-dling fol-lows the ex-e-cu-tion logic de-tailed be-low: $[]$
 
 []

[76] [77]
Overfull \hbox (25.09901pt too wide) in paragraph at lines 1995--1996
[]\T1/lmr/m/n/12 The re-cov-ery mode is not a per-ma-nent state; a sin-gle suc-
cess re-sets \T1/lmtt/m/n/12 consecutive_failures
 []

[78] [79]
<figures/Neurokin vs Basline with fault.png, id=1818, 859.2903pt x 281.853pt>
File: figures/Neurokin vs Basline with fault.png Graphic file (type png)
<use figures/Neurokin vs Basline with fault.png>
Package pdftex.def Info: figures/Neurokin vs Basline with fault.png  used on in
put line 2061.
(pdftex.def)             Requested size: 445.99553pt x 146.28915pt.
 [80 <./figures/Neurokin vs Basline with fault.png>]

LaTeX Warning: Citation `bongard2006resilient' on page 81 undefined on input li
ne 2086.


Overfull \hbox (4.36137pt too wide) in paragraph at lines 2086--2087
\T1/lmr/m/n/12 mergy ($\OML/lmm/m/it/12 O\OT1/lmr/m/n/12 (\OML/lmm/m/it/12 N\OT
1/lmr/m/n/12 )$ \T1/lmr/m/n/12 writes, $\OML/lmm/m/it/12 O\OT1/lmr/m/n/12 (1)$ 
\T1/lmr/m/n/12 per write) while op-er-at-ing at dig-i-tal time scales. Un-like 
pheromone-
 []

[81]

LaTeX Warning: Citation `matsuki2024gaussian' on page 82 undefined on input lin
e 2096.


LaTeX Warning: Citation `keetha2024splattam' on page 82 undefined on input line
 2096.

[82]
Overfull \hbox (31.03769pt too wide) in paragraph at lines 2114--2115
\T1/lmr/m/n/12 state at control-loop rates); agents can write di-ag-nos-tic sta
te to a shared ledger (the \T1/lmtt/m/n/12 factory_state
 []

[83] [84]
Chapter 7.

LaTeX Warning: Citation `hu2024teaching' on page 85 undefined on input line 214
6.


LaTeX Warning: Citation `chen2022full' on page 85 undefined on input line 2146.


[85


]

LaTeX Warning: Citation `hu2025learning' on page 86 undefined on input line 215
8.

<figures/pareto_frontier.png, id=1846, 567.8013pt x 422.2977pt>
File: figures/pareto_frontier.png Graphic file (type png)
<use figures/pareto_frontier.png>
Package pdftex.def Info: figures/pareto_frontier.png  used on input line 2162.
(pdftex.def)             Requested size: 445.99553pt x 331.71062pt.
[86]

LaTeX Warning: Citation `hu2024teaching' on page 87 undefined on input line 217
1.

[87 <./figures/pareto_frontier.png>]

LaTeX Warning: Citation `bongard2006resilient' on page 88 undefined on input li
ne 2189.

[88]

LaTeX Warning: Citation `domberg2026selfadapting' on page 89 undefined on input
 line 2191.


LaTeX Warning: Citation `daneshmand2026slowrl' on page 89 undefined on input li
ne 2191.


LaTeX Warning: Citation `matsuki2024gaussian' on page 89 undefined on input lin
e 2195.


LaTeX Warning: Citation `keetha2024splattam' on page 89 undefined on input line
 2195.


Overfull \hbox (21.58519pt too wide) in paragraph at lines 2197--2198
[]\T1/lmr/m/n/12 Temporal stig-mergy is po-si-tioned as a \T1/lmr/m/it/12 com-p
u-ta-tional pre-req-ui-site \T1/lmr/m/n/12 for swarm coordination---
 []


LaTeX Warning: Citation `thirgood2025featureslam' on page 89 undefined on input
 line 2199.


LaTeX Warning: Citation `tran2025varsplat' on page 89 undefined on input line 2
199.


LaTeX Warning: Citation `lu2025gsmem' on page 89 undefined on input line 2199.


Overfull \hbox (0.65991pt too wide) in paragraph at lines 2203--2204
\T1/lmr/m/n/12 com-plex co-or-di-na-tion scenarios---task al-lo-ca-tion, re-sou
rce track-ing, for-ma-tion maintenance---
 []

[89]

LaTeX Warning: Citation `tan2018simtoreal' on page 90 undefined on input line 2
211.


LaTeX Warning: Citation `aljalbout2026realitygap' on page 90 undefined on input
 line 2211.


LaTeX Warning: Citation `rezvani2024robust' on page 90 undefined on input line 
2213.


LaTeX Warning: Citation `qiu2024swim2real' on page 90 undefined on input line 2
213.


LaTeX Warning: Citation `qureshi2025splatsim' on page 90 undefined on input lin
e 2215.


LaTeX Warning: Citation `tang2025semantic' on page 90 undefined on input line 2
215.

[90]

LaTeX Warning: Citation `schulze2024high' on page 91 undefined on input line 22
29.

[91]

LaTeX Warning: Citation `kirkpatrick2017overcoming' on page 92 undefined on inp
ut line 2235.

[92]

LaTeX Warning: Citation `schulze2024high' on page 93 undefined on input line 22
50.

[93]
Chapter 8.

LaTeX Warning: Citation `hu2024teaching' on page 94 undefined on input line 227
4.

[94


] [95]

LaTeX Warning: Citation `li2025dream2fix' on page 96 undefined on input line 22
96.


Overfull \hbox (2.90173pt too wide) in paragraph at lines 2302--2303
\T1/lmr/m/n/12 88% post-fault suc-cess com-pared to the base-line's 13%. The te
m-po-ral stig-mergy mechanism---
 []

[96]

LaTeX Warning: Citation `hu2024teaching' on page 97 undefined on input line 231
6.


Overfull \hbox (53.77768pt too wide) in paragraph at lines 2316--2317
\T1/lmr/m/n/12 Through rig-or-ous ground-up re-pro-duc-tion and quan-ti-ta-tive
 eval-u-a-tion of both im-plicit (FFKSM/NeRF)
 []


Overfull \hbox (11.83626pt too wide) in paragraph at lines 2320--2321
\T1/lmr/m/n/12 by-passes vol-u-met-ric re-con-struc-tion. Through ex-ten-sive e
m-pir-i-cal val-i-da-tion, Neu-roKin achieves
 []

[97] [98] [99] (draft latest.aux)
 ***********
LaTeX2e <2025-11-01>
L3 programming layer <2025-12-24>
 ***********


LaTeX Warning: There were undefined references.

Package rerunfilecheck Info: File `"draft latest".out' has not changed.
(rerunfilecheck)             Checksum: 8C0DAAF8B1CD92D9EAA86070347C8020;57726.
 ) 
Here is how much of TeX's memory you used:
 15342 strings out of 467871
 248036 string characters out of 5416925
 661886 words of memory out of 5000000
 43441 multiletter control sequences out of 15000+600000
 735674 words of font info for 116 fonts, out of 8000000 for 9000
 1141 hyphenation exceptions out of 8191
 75i,12n,79p,1278b,649s stack positions out of 10000i,1000n,20000p,200000b,200000s
<C:/Users/Askeladd/AppData/Local/Programs/MiKTeX/fonts/type1/public/amsfonts/
latxfont/line10.pfb><C:/Users/Askeladd/AppData/Local/Programs/MiKTeX/fonts/type
1/public/lm/lmbx10.pfb><C:/Users/Askeladd/AppData/Local/Programs/MiKTeX/fonts/t
ype1/public/lm/lmbx12.pfb><C:/Users/Askeladd/AppData/Local/Programs/MiKTeX/font
s/type1/public/lm/lmbx8.pfb><C:/Users/Askeladd/AppData/Local/Programs/MiKTeX/fo
nts/type1/public/lm/lmex10.pfb><C:/Users/Askeladd/AppData/Local/Programs/MiKTeX
/fonts/type1/public/lm/lmmi10.pfb><C:/Users/Askeladd/AppData/Local/Programs/MiK
TeX/fonts/type1/public/lm/lmmi12.pfb><C:/Users/Askeladd/AppData/Local/Programs/
MiKTeX/fonts/type1/public/lm/lmmi6.pfb><C:/Users/Askeladd/AppData/Local/Program
s/MiKTeX/fonts/type1/public/lm/lmmi8.pfb><C:/Users/Askeladd/AppData/Local/Progr
ams/MiKTeX/fonts/type1/public/lm/lmmib10.pfb><C:/Users/Askeladd/AppData/Local/P
rograms/MiKTeX/fonts/type1/public/lm/lmr10.pfb><C:/Users/Askeladd/AppData/Local
/Programs/MiKTeX/fonts/type1/public/lm/lmr12.pfb><C:/Users/Askeladd/AppData/Loc
al/Programs/MiKTeX/fonts/type1/public/lm/lmr6.pfb><C:/Users/Askeladd/AppData/Lo
cal/Programs/MiKTeX/fonts/type1/public/lm/lmr8.pfb><C:/Users/Askeladd/AppData/L
ocal/Programs/MiKTeX/fonts/type1/public/lm/lmri12.pfb><C:/Users/Askeladd/AppDat
a/Local/Programs/MiKTeX/fonts/type1/public/lm/lmss8.pfb><C:/Users/Askeladd/AppD
ata/Local/Programs/MiKTeX/fonts/type1/public/lm/lmsy10.pfb><C:/Users/Askeladd/A
ppData/Local/Programs/MiKTeX/fonts/type1/public/lm/lmsy6.pfb><C:/Users/Askeladd
/AppData/Local/Programs/MiKTeX/fonts/type1/public/lm/lmsy8.pfb><C:/Users/Askela
dd/AppData/Local/Programs/MiKTeX/fonts/type1/public/lm/lmtt10.pfb><C:/Users/Ask
eladd/AppData/Local/Programs/MiKTeX/fonts/type1/public/lm/lmtt12.pfb><C:/Users/
Askeladd/AppData/Local/Programs/MiKTeX/fonts/type1/public/amsfonts/symbols/msbm
10.pfb>
Output written on "draft latest.pdf" (113 pages, 3723558 bytes).
PDF statistics:
 2132 PDF objects out of 2487 (max. 8388607)
 529 named destinations out of 1000 (max. 500000)
 1840 words of extra memory for PDF output out of 10000 (max. 10000000)

