This is pdfTeX, Version 3.141592653-2.6-1.40.28 (MiKTeX 25.12) (preloaded format=pdflatex 2026.3.5)  20 MAY 2026 00:19
entering extended mode
 restricted \write18 enabled.
 %&-line parsing enabled.
**"./latest draft.tex"
(latest draft.tex
LaTeX2e <2025-11-01>
L3 programming layer <2025-12-24>
(C:\Users\Askeladd\AppData\Local\Programs\MiKTeX\tex/latex/base\report.cls
Document Class: report 2025/01/22 v1.4n Standard LaTeX document class
(C:\Users\Askeladd\AppData\Local\Programs\MiKTeX\tex/latex/base\size12.clo
File: size12.clo 2025/01/22 v1.4n Standard LaTeX file (size option)
)
\c@part=\count275
\c@chapter=\count276
\c@section=\count277
\c@subsection=\count278
\c@subsubsection=\count279
\c@paragraph=\count280
\c@subparagraph=\count281
\c@figure=\count282
\c@table=\count283
\abovecaptionskip=\skip49
\belowcaptionskip=\skip50
\bibindent=\dimen148
)
(C:\Users\Askeladd\AppData\Local\Programs\MiKTeX\tex/latex/base\inputenc.sty
Package: inputenc 2024/02/08 v1.3d Input encoding file
\inpenc@prehook=\toks17
\inpenc@posthook=\toks18
)
(C:\Users\Askeladd\AppData\Local\Programs\MiKTeX\tex/latex/base\fontenc.sty
Package: fontenc 2025/07/18 v2.1d Standard LaTeX package
)
(C:\Users\Askeladd\AppData\Local\Programs\MiKTeX\tex/latex/amsmath\amsmath.sty
Package: amsmath 2025/07/09 v2.17z AMS math features
\@mathmargin=\skip51

For additional information on amsmath, use the `?' option.
(C:\Users\Askeladd\AppData\Local\Programs\MiKTeX\tex/latex/amsmath\amstext.sty
Package: amstext 2024/11/17 v2.01 AMS text

(C:\Users\Askeladd\AppData\Local\Programs\MiKTeX\tex/latex/amsmath\amsgen.sty
File: amsgen.sty 1999/11/30 v2.0 generic functions
\@emptytoks=\toks19
\ex@=\dimen149
)) (C:\Users\Askeladd\AppData\Local\Programs\MiKTeX\tex/latex/amsmath\amsbsy.st
y
Package: amsbsy 1999/11/29 v1.2d Bold Symbols
\pmbraise@=\dimen150
) (C:\Users\Askeladd\AppData\Local\Programs\MiKTeX\tex/latex/amsmath\amsopn.sty
Package: amsopn 2022/04/08 v2.04 operator names
)
\inf@bad=\count284
LaTeX Info: Redefining \frac on input line 233.
\uproot@=\count285
\leftroot@=\count286
LaTeX Info: Redefining \overline on input line 398.
LaTeX Info: Redefining \colon on input line 409.
\classnum@=\count287
\DOTSCASE@=\count288
LaTeX Info: Redefining \ldots on input line 495.
LaTeX Info: Redefining \dots on input line 498.
LaTeX Info: Redefining \cdots on input line 619.
\Mathstrutbox@=\box53
\strutbox@=\box54
LaTeX Info: Redefining \big on input line 721.
LaTeX Info: Redefining \Big on input line 722.
LaTeX Info: Redefining \bigg on input line 723.
LaTeX Info: Redefining \Bigg on input line 724.
\big@size=\dimen151
LaTeX Font Info:    Redeclaring font encoding OML on input line 742.
LaTeX Font Info:    Redeclaring font encoding OMS on input line 743.
\macc@depth=\count289
LaTeX Info: Redefining \bmod on input line 904.
LaTeX Info: Redefining \pmod on input line 909.
LaTeX Info: Redefining \smash on input line 939.
LaTeX Info: Redefining \relbar on input line 969.
LaTeX Info: Redefining \Relbar on input line 970.
\c@MaxMatrixCols=\count290
\dotsspace@=\muskip17
\c@parentequation=\count291
\dspbrk@lvl=\count292
\tag@help=\toks20
\row@=\count293
\column@=\count294
\maxfields@=\count295
\andhelp@=\toks21
\eqnshift@=\dimen152
\alignsep@=\dimen153
\tagshift@=\dimen154
\tagwidth@=\dimen155
\totwidth@=\dimen156
\lineht@=\dimen157
\@envbody=\toks22
\multlinegap=\skip52
\multlinetaggap=\skip53
\mathdisplay@stack=\toks23
LaTeX Info: Redefining \[ on input line 2950.
LaTeX Info: Redefining \] on input line 2951.
)
(C:\Users\Askeladd\AppData\Local\Programs\MiKTeX\tex/latex/amsfonts\amssymb.sty
Package: amssymb 2013/01/14 v3.01 AMS font symbols

(C:\Users\Askeladd\AppData\Local\Programs\MiKTeX\tex/latex/amsfonts\amsfonts.st
y
Package: amsfonts 2013/01/14 v3.01 Basic AMSFonts support
\symAMSa=\mathgroup4
\symAMSb=\mathgroup5
LaTeX Font Info:    Redeclaring math symbol \hbar on input line 98.
LaTeX Font Info:    Overwriting math alphabet `\mathfrak' in version `bold'
(Font)                  U/euf/m/n --> U/euf/b/n on input line 106.
))
(C:\Users\Askeladd\AppData\Local\Programs\MiKTeX\tex/latex/graphics\graphicx.st
y
Package: graphicx 2024/12/31 v1.2e Enhanced LaTeX Graphics (DPC,SPQR)

(C:\Users\Askeladd\AppData\Local\Programs\MiKTeX\tex/latex/graphics\keyval.sty
Package: keyval 2022/05/29 v1.15 key=value parser (DPC)
\KV@toks@=\toks24
)
(C:\Users\Askeladd\AppData\Local\Programs\MiKTeX\tex/latex/graphics\graphics.st
y
Package: graphics 2024/08/06 v1.4g Standard LaTeX Graphics (DPC,SPQR)
 (C:\Users\Askeladd\AppData\Local\Programs\MiKTeX\tex/latex/graphics\trig.sty
Package: trig 2023/12/02 v1.11 sin cos tan (DPC)
)
(C:\Users\Askeladd\AppData\Local\Programs\MiKTeX\tex/latex/graphics-cfg\graphic
s.cfg
File: graphics.cfg 2016/06/04 v1.11 sample graphics configuration
)
Package graphics Info: Driver file: pdftex.def on input line 106.

(C:\Users\Askeladd\AppData\Local\Programs\MiKTeX\tex/latex/graphics-def\pdftex.
def
File: pdftex.def 2025/09/29 v1.2d Graphics/color driver for pdftex
))
\Gin@req@height=\dimen158
\Gin@req@width=\dimen159
)
(C:\Users\Askeladd\AppData\Roaming\MiKTeX\tex/latex/geometry\geometry.sty
Package: geometry 2020/01/02 v5.9 Page Geometry

(C:\Users\Askeladd\AppData\Local\Programs\MiKTeX\tex/generic/iftex\ifvtex.sty
Package: ifvtex 2019/10/25 v1.7 ifvtex legacy package. Use iftex instead.

(C:\Users\Askeladd\AppData\Local\Programs\MiKTeX\tex/generic/iftex\iftex.sty
Package: iftex 2024/12/12 v1.0g TeX engine tests
))
\Gm@cnth=\count296
\Gm@cntv=\count297
\c@Gm@tempcnt=\count298
\Gm@bindingoffset=\dimen160
\Gm@wd@mp=\dimen161
\Gm@odd@mp=\dimen162
\Gm@even@mp=\dimen163
\Gm@layoutwidth=\dimen164
\Gm@layoutheight=\dimen165
\Gm@layouthoffset=\dimen166
\Gm@layoutvoffset=\dimen167
\Gm@dimlist=\toks25

(C:\Users\Askeladd\AppData\Roaming\MiKTeX\tex/latex/geometry\geometry.cfg))
(C:\Users\Askeladd\AppData\Roaming\MiKTeX\tex/latex/setspace\setspace.sty
Package: setspace 2022/12/04 v6.7b set line spacing
)
(C:\Users\Askeladd\AppData\Roaming\MiKTeX\tex/latex/booktabs\booktabs.sty
Package: booktabs 2020/01/12 v1.61803398 Publication quality tables
\heavyrulewidth=\dimen168
\lightrulewidth=\dimen169
\cmidrulewidth=\dimen170
\belowrulesep=\dimen171
\belowbottomsep=\dimen172
\aboverulesep=\dimen173
\abovetopsep=\dimen174
\cmidrulesep=\dimen175
\cmidrulekern=\dimen176
\defaultaddspace=\dimen177
\@cmidla=\count299
\@cmidlb=\count300
\@aboverulesep=\dimen178
\@belowrulesep=\dimen179
\@thisruleclass=\count301
\@lastruleclass=\count302
\@thisrulewidth=\dimen180
)
(C:\Users\Askeladd\AppData\Local\Programs\MiKTeX\tex/latex/tools\array.sty
Package: array 2025/09/25 v2.6n Tabular extension package (FMi)
\col@sep=\dimen181
\ar@mcellbox=\box55
\extrarowheight=\dimen182
\NC@list=\toks26
\extratabsurround=\skip54
\backup@length=\skip55
\ar@cellbox=\box56
)
(C:\Users\Askeladd\AppData\Local\Programs\MiKTeX\tex/latex/float\float.sty
Package: float 2001/11/08 v1.3d Float enhancements (AL)
\c@float@type=\count303
\float@exts=\toks27
\float@box=\box57
\@float@everytoks=\toks28
\@floatcapt=\box58
)
(C:\Users\Askeladd\AppData\Roaming\MiKTeX\tex/latex/caption\caption.sty
Package: caption 2023/08/05 v3.6o Customizing captions (AR)

(C:\Users\Askeladd\AppData\Roaming\MiKTeX\tex/latex/caption\caption3.sty
Package: caption3 2023/07/31 v2.4d caption3 kernel (AR)
\caption@tempdima=\dimen183
\captionmargin=\dimen184
\caption@leftmargin=\dimen185
\caption@rightmargin=\dimen186
\caption@width=\dimen187
\caption@indent=\dimen188
\caption@parindent=\dimen189
\caption@hangindent=\dimen190
Package caption Info: Standard document class detected.
)
\c@caption@flags=\count304
\c@continuedfloat=\count305
Package caption Info: float package is loaded.
)
(C:\Users\Askeladd\AppData\Roaming\MiKTeX\tex/latex/caption\subcaption.sty
Package: subcaption 2023/07/28 v1.6b Sub-captions (AR)
Package caption Info: New subtype `subfigure' on input line 238.
\c@subfigure=\count306
Package caption Info: New subtype `subtable' on input line 238.
\c@subtable=\count307
)
(C:\Users\Askeladd\AppData\Local\Programs\MiKTeX\tex/latex/xcolor\xcolor.sty
Package: xcolor 2024/09/29 v3.02 LaTeX color extensions (UK)

(C:\Users\Askeladd\AppData\Local\Programs\MiKTeX\tex/latex/graphics-cfg\color.c
fg
File: color.cfg 2016/01/02 v1.6 sample color configuration
)
Package xcolor Info: Driver file: pdftex.def on input line 274.

(C:\Users\Askeladd\AppData\Local\Programs\MiKTeX\tex/latex/graphics\mathcolor.l
tx)
Package xcolor Info: Model `cmy' substituted by `cmy0' on input line 1349.
Package xcolor Info: Model `hsb' substituted by `rgb' on input line 1353.
Package xcolor Info: Model `RGB' extended on input line 1365.
Package xcolor Info: Model `HTML' substituted by `rgb' on input line 1367.
Package xcolor Info: Model `Hsb' substituted by `hsb' on input line 1368.
Package xcolor Info: Model `tHsb' substituted by `hsb' on input line 1369.
Package xcolor Info: Model `HSB' substituted by `hsb' on input line 1370.
Package xcolor Info: Model `Gray' substituted by `gray' on input line 1371.
Package xcolor Info: Model `wave' substituted by `hsb' on input line 1372.
) (C:\Users\Askeladd\AppData\Roaming\MiKTeX\tex/latex/enumitem\enumitem.sty
Package: enumitem 2025/02/06 v3.11 Customized lists
\labelindent=\skip56
\enit@outerparindent=\dimen191
\enit@toks=\toks29
\enit@inbox=\box59
\enit@count@id=\count308
\enitdp@description=\count309
)
(C:\Users\Askeladd\AppData\Local\Programs\MiKTeX\tex/latex/hyperref\hyperref.st
y
Package: hyperref 2025-07-12 v7.01o Hypertext links for LaTeX
 (C:\Users\Askeladd\AppData\Roaming\MiKTeX\tex/latex/kvsetkeys\kvsetkeys.sty
Package: kvsetkeys 2022-10-05 v1.19 Key value parser (HO)
)
(C:\Users\Askeladd\AppData\Roaming\MiKTeX\tex/generic/kvdefinekeys\kvdefinekeys
.sty
Package: kvdefinekeys 2019-12-19 v1.6 Define keys (HO)
)
(C:\Users\Askeladd\AppData\Roaming\MiKTeX\tex/generic/pdfescape\pdfescape.sty
Package: pdfescape 2019/12/09 v1.15 Implements pdfTeX's escape features (HO)

(C:\Users\Askeladd\AppData\Roaming\MiKTeX\tex/generic/ltxcmds\ltxcmds.sty
Package: ltxcmds 2023-12-04 v1.26 LaTeX kernel commands for general use (HO)
)
(C:\Users\Askeladd\AppData\Local\Programs\MiKTeX\tex/generic/pdftexcmds\pdftexc
mds.sty
Package: pdftexcmds 2020-06-27 v0.33 Utility functions of pdfTeX for LuaTeX (HO
)

(C:\Users\Askeladd\AppData\Roaming\MiKTeX\tex/generic/infwarerr\infwarerr.sty
Package: infwarerr 2019/12/03 v1.5 Providing info/warning/error messages (HO)
)
Package pdftexcmds Info: \pdf@primitive is available.
Package pdftexcmds Info: \pdf@ifprimitive is available.
Package pdftexcmds Info: \pdfdraftmode found.
)) (C:\Users\Askeladd\AppData\Roaming\MiKTeX\tex/latex/hycolor\hycolor.sty
Package: hycolor 2020-01-27 v1.10 Color options for hyperref/bookmark (HO)
)
(C:\Users\Askeladd\AppData\Local\Programs\MiKTeX\tex/latex/hyperref\nameref.sty
Package: nameref 2025-06-21 v2.57 Cross-referencing by name of section
(C:\Users\Askeladd\AppData\Roaming\MiKTeX\tex/latex/refcount\refcount.sty
Package: refcount 2019/12/15 v3.6 Data extraction from label references (HO)
)
(C:\Users\Askeladd\AppData\Roaming\MiKTeX\tex/generic/gettitlestring\gettitlest
ring.sty
Package: gettitlestring 2019/12/15 v1.6 Cleanup title references (HO)

(C:\Users\Askeladd\AppData\Roaming\MiKTeX\tex/latex/kvoptions\kvoptions.sty
Package: kvoptions 2022-06-15 v3.15 Key value format for package options (HO)
))
\c@section@level=\count310
)
(C:\Users\Askeladd\AppData\Local\Programs\MiKTeX\tex/latex/etoolbox\etoolbox.st
y
Package: etoolbox 2025/10/02 v2.5m e-TeX tools for LaTeX (JAW)
\etb@tempcnta=\count311
)
(C:\Users\Askeladd\AppData\Roaming\MiKTeX\tex/generic/stringenc\stringenc.sty
Package: stringenc 2019/11/29 v1.12 Convert strings between diff. encodings (HO
)
)
\@linkdim=\dimen192
\Hy@linkcounter=\count312
\Hy@pagecounter=\count313

(C:\Users\Askeladd\AppData\Local\Programs\MiKTeX\tex/latex/hyperref\pd1enc.def
File: pd1enc.def 2025-07-12 v7.01o Hyperref: PDFDocEncoding definition (HO)
Now handling font encoding PD1 ...
... no UTF-8 mapping file for font encoding PD1
) (C:\Users\Askeladd\AppData\Roaming\MiKTeX\tex/generic/intcalc\intcalc.sty
Package: intcalc 2019/12/15 v1.3 Expandable calculations with integers (HO)
)
\Hy@SavedSpaceFactor=\count314

(C:\Users\Askeladd\AppData\Local\Programs\MiKTeX\tex/latex/hyperref\puenc.def
File: puenc.def 2025-07-12 v7.01o Hyperref: PDF Unicode definition (HO)
Now handling font encoding PU ...
... no UTF-8 mapping file for font encoding PU
)
Package hyperref Info: Option `colorlinks' set `true' on input line 4066.
Package hyperref Info: Hyper figures OFF on input line 4195.
Package hyperref Info: Link nesting OFF on input line 4200.
Package hyperref Info: Hyper index ON on input line 4203.
Package hyperref Info: Plain pages OFF on input line 4210.
Package hyperref Info: Backreferencing OFF on input line 4215.
Package hyperref Info: Implicit mode ON; LaTeX internals redefined.
Package hyperref Info: Bookmarks ON on input line 4462.
\c@Hy@tempcnt=\count315

(C:\Users\Askeladd\AppData\Local\Programs\MiKTeX\tex/latex/url\url.sty
\Urlmuskip=\muskip18
Package: url 2013/09/16  ver 3.4  Verb mode for urls, etc.
)
LaTeX Info: Redefining \url on input line 4801.
\XeTeXLinkMargin=\dimen193

(C:\Users\Askeladd\AppData\Roaming\MiKTeX\tex/generic/bitset\bitset.sty
Package: bitset 2019/12/09 v1.3 Handle bit-vector datatype (HO)

(C:\Users\Askeladd\AppData\Roaming\MiKTeX\tex/generic/bigintcalc\bigintcalc.sty
Package: bigintcalc 2019/12/15 v1.5 Expandable calculations on big integers (HO
)
))
\Fld@menulength=\count316
\Field@Width=\dimen194
\Fld@charsize=\dimen195
Package hyperref Info: Hyper figures OFF on input line 6078.
Package hyperref Info: Link nesting OFF on input line 6083.
Package hyperref Info: Hyper index ON on input line 6086.
Package hyperref Info: backreferencing OFF on input line 6093.
Package hyperref Info: Link coloring ON on input line 6096.
Package hyperref Info: Link coloring with OCG OFF on input line 6103.
Package hyperref Info: PDF/A mode OFF on input line 6108.
\Hy@abspage=\count317
\c@Item=\count318
\c@Hfootnote=\count319
)
Package hyperref Info: Driver (autodetected): hpdftex.

(C:\Users\Askeladd\AppData\Local\Programs\MiKTeX\tex/latex/hyperref\hpdftex.def
File: hpdftex.def 2025-07-12 v7.01o Hyperref driver for pdfTeX
\Fld@listcount=\count320
\c@bookmark@seq@number=\count321

(C:\Users\Askeladd\AppData\Roaming\MiKTeX\tex/latex/rerunfilecheck\rerunfileche
ck.sty
Package: rerunfilecheck 2025-06-21 v1.11 Rerun checks for auxiliary files (HO)

(C:\Users\Askeladd\AppData\Roaming\MiKTeX\tex/generic/uniquecounter\uniquecount
er.sty
Package: uniquecounter 2019/12/15 v1.4 Provide unlimited unique counter (HO)
)
Package uniquecounter Info: New unique counter `rerunfilecheck' on input line 2
84.
)
\Hy@SectionHShift=\skip57
)
(C:\Users\Askeladd\AppData\Local\Programs\MiKTeX\tex/latex/pdfpages\pdfpages.st
y
Package: pdfpages 2025/07/23 v0.6g Insert pages of external PDF documents (AM)
 (C:\Users\Askeladd\AppData\Local\Programs\MiKTeX\tex/latex/base\ifthen.sty
Package: ifthen 2024/03/16 v1.1e Standard LaTeX ifthen package (DPC)
)
(C:\Users\Askeladd\AppData\Local\Programs\MiKTeX\tex/latex/tools\calc.sty
Package: calc 2025/03/01 v4.3b Infix arithmetic (KKT,FJ)
\calc@Acount=\count322
\calc@Bcount=\count323
\calc@Adimen=\dimen196
\calc@Bdimen=\dimen197
\calc@Askip=\skip58
\calc@Bskip=\skip59
LaTeX Info: Redefining \setlength on input line 86.
LaTeX Info: Redefining \addtolength on input line 87.
\calc@Ccount=\count324
\calc@Cskip=\skip60
)
(C:\Users\Askeladd\AppData\Local\Programs\MiKTeX\tex/latex/eso-pic\eso-pic.sty
Package: eso-pic 2025/12/10 v3.0d eso-pic (RN)
\ESO@tempdima=\dimen198
\ESO@tempdimb=\dimen199
)
\AM@pagewidth=\dimen256
\AM@pageheight=\dimen257
\AM@fboxrule=\dimen258

(C:\Users\Askeladd\AppData\Local\Programs\MiKTeX\tex/latex/pdfpages\pppdftex.de
f
File: pppdftex.def 2025/07/23 v0.6g Pdfpages driver for pdfTeX (AM)
)
\pdfpages@includegraphics@status=\count325
\AM@pagebox=\box60
\AM@global@opts=\toks30
\AM@pagecnt=\count326
\AM@toc@title=\toks31
\AM@lof@heading=\toks32
\c@AM@survey=\count327
\AM@templatesizebox=\box61
) (C:\Users\Askeladd\AppData\Roaming\MiKTeX\tex/latex/fancyhdr\fancyhdr.sty
Package: fancyhdr 2025/02/07 v5.2 Extensive control of page headers and footers

\f@nch@headwidth=\skip61
\f@nch@offset@elh=\skip62
\f@nch@offset@erh=\skip63
\f@nch@offset@olh=\skip64
\f@nch@offset@orh=\skip65
\f@nch@offset@elf=\skip66
\f@nch@offset@erf=\skip67
\f@nch@offset@olf=\skip68
\f@nch@offset@orf=\skip69
\f@nch@height=\skip70
\f@nch@footalignment=\skip71
\f@nch@widthL=\skip72
\f@nch@widthC=\skip73
\f@nch@widthR=\skip74
\@temptokenb=\toks33
)
(C:\Users\Askeladd\AppData\Local\Programs\MiKTeX\tex/latex/l3backend\l3backend-
pdftex.def
File: l3backend-pdftex.def 2025-10-09 L3 backend support: PDF output (pdfTeX)
\l__color_backend_stack_int=\count328
) (latest draft.aux)
\openout1 = `"latest draft.aux"'.

LaTeX Font Info:    Checking defaults for OML/cmm/m/it on input line 53.
LaTeX Font Info:    ... okay on input line 53.
LaTeX Font Info:    Checking defaults for OMS/cmsy/m/n on input line 53.
LaTeX Font Info:    ... okay on input line 53.
LaTeX Font Info:    Checking defaults for OT1/cmr/m/n on input line 53.
LaTeX Font Info:    ... okay on input line 53.
LaTeX Font Info:    Checking defaults for T1/cmr/m/n on input line 53.
LaTeX Font Info:    ... okay on input line 53.
LaTeX Font Info:    Checking defaults for TS1/cmr/m/n on input line 53.
LaTeX Font Info:    ... okay on input line 53.
LaTeX Font Info:    Checking defaults for OMX/cmex/m/n on input line 53.
LaTeX Font Info:    ... okay on input line 53.
LaTeX Font Info:    Checking defaults for U/cmr/m/n on input line 53.
LaTeX Font Info:    ... okay on input line 53.
LaTeX Font Info:    Checking defaults for PD1/pdf/m/n on input line 53.
LaTeX Font Info:    ... okay on input line 53.
LaTeX Font Info:    Checking defaults for PU/pdf/m/n on input line 53.
LaTeX Font Info:    ... okay on input line 53.

(C:\Users\Askeladd\AppData\Local\Programs\MiKTeX\tex/context/base/mkii\supp-pdf
.mkii
[Loading MPS to PDF converter (version 2006.09.02).]
\scratchcounter=\count329
\scratchdimen=\dimen259
\scratchbox=\box62
\nofMPsegments=\count330
\nofMParguments=\count331
\everyMPshowfont=\toks34
\MPscratchCnt=\count332
\MPscratchDim=\dimen260
\MPnumerator=\count333
\makeMPintoPDFobject=\count334
\everyMPtoPDFconversion=\toks35
)
(C:\Users\Askeladd\AppData\Local\Programs\MiKTeX\tex/latex/epstopdf-pkg\epstopd
f-base.sty
Package: epstopdf-base 2020-01-24 v2.11 Base part for package epstopdf
Package epstopdf-base Info: Redefining graphics rule for `.eps' on input line 4
85.

(C:\Users\Askeladd\AppData\Local\Programs\MiKTeX\tex/latex/00miktex\epstopdf-sy
s.cfg
File: epstopdf-sys.cfg 2021/03/18 v2.0 Configuration of epstopdf for MiKTeX
))
*geometry* driver: auto-detecting
*geometry* detected driver: pdftex
*geometry* verbose mode - [ preamble ] result:
* driver: pdftex
* paper: a4paper
* layout: <same size as paper>
* layoutoffset:(h,v)=(0.0pt,0.0pt)
* modes: 
* h-part:(L,W,R)=(85.35826pt, 469.47049pt, 42.67912pt)
* v-part:(T,H,B)=(56.9055pt, 731.23584pt, 56.9055pt)
* \paperwidth=597.50787pt
* \paperheight=845.04684pt
* \textwidth=469.47049pt
* \textheight=731.23584pt
* \oddsidemargin=13.08827pt
* \evensidemargin=13.08827pt
* \topmargin=-52.36449pt
* \headheight=12.0pt
* \headsep=25.0pt
* \topskip=12.0pt
* \footskip=30.0pt
* \marginparwidth=35.0pt
* \marginparsep=10.0pt
* \columnsep=10.0pt
* \skip\footins=10.8pt plus 4.0pt minus 2.0pt
* \hoffset=0.0pt
* \voffset=0.0pt
* \mag=1000
* \@twocolumnfalse
* \@twosidefalse
* \@mparswitchfalse
* \@reversemarginfalse
* (1in=72.27pt=25.4mm, 1cm=28.453pt)

Package caption Info: Begin \AtBeginDocument code.
Package caption Info: hyperref package is loaded.
Package caption Info: End \AtBeginDocument code.
Package hyperref Info: Link coloring ON on input line 53.
(latest draft.out) (latest draft.out)
\@outlinefile=\write3
\openout3 = `"latest draft.out"'.


(C:\Users\Askeladd\AppData\Local\Programs\MiKTeX\tex/latex/pdflscape\pdflscape.
sty
Package: pdflscape 2022-10-27 v0.13 Display of landscape pages in PDF

(C:\Users\Askeladd\AppData\Local\Programs\MiKTeX\tex/latex/pdflscape\pdflscape-
nometadata.sty
Package: pdflscape-nometadata 2022-10-28 v0.13 Display of landscape pages in PD
F (HO)

(C:\Users\Askeladd\AppData\Local\Programs\MiKTeX\tex/latex/graphics\lscape.sty
Package: lscape 2020/05/28 v3.02 Landscape Pages (DPC)
)
Package pdflscape Info: Auto-detected driver: pdftex on input line 81.
))
<title page.pdf, id=819, 598.235pt x 845.1575pt>
File: title page.pdf Graphic file (type pdf)
<use title page.pdf>
Package pdftex.def Info: title page.pdf  used on input line 58.
(pdftex.def)             Requested size: 598.23354pt x 845.15544pt.
<title page.pdf, id=821, page=1, 598.235pt x 845.1575pt>
File: title page.pdf Graphic file (type pdf)
<use title page.pdf, page 1>
Package pdftex.def Info: title page.pdf , page1 used on input line 58.
(pdftex.def)             Requested size: 598.23354pt x 845.15544pt.
File: title page.pdf Graphic file (type pdf)
<use title page.pdf, page 1>
Package pdftex.def Info: title page.pdf , page1 used on input line 58.
(pdftex.def)             Requested size: 597.7406pt x 844.45905pt.
File: title page.pdf Graphic file (type pdf)
<use title page.pdf, page 1>
Package pdftex.def Info: title page.pdf , page1 used on input line 58.
(pdftex.def)             Requested size: 597.7406pt x 844.45905pt.
File: title page.pdf Graphic file (type pdf)
<use title page.pdf, page 1>
Package pdftex.def Info: title page.pdf , page1 used on input line 58.
(pdftex.def)             Requested size: 597.7406pt x 844.45905pt.
File: title page.pdf Graphic file (type pdf)
<use title page.pdf, page 1>
Package pdftex.def Info: title page.pdf , page1 used on input line 58.
(pdftex.def)             Requested size: 597.7406pt x 844.45905pt.
 [1


 <./title page.pdf>]
pdfTeX warning (ext4): destination with the same identifier (name{page.}) has b
een already used, duplicate ignored
<to be read again> 
                   \relax 
l.74 
      [2


{C:/Users/Askeladd/AppData/Local/MiKTeX/fonts/map/pdftex/pdftex.map}]
pdfTeX warning (ext4): destination with the same identifier (name{page.}) has b
een already used, duplicate ignored
<to be read again> 
                   \relax 
l.75 \clearpage
                [3]
LaTeX Font Info:    Trying to load font information for U+msa on input line 81.


(C:\Users\Askeladd\AppData\Local\Programs\MiKTeX\tex/latex/amsfonts\umsa.fd
File: umsa.fd 2013/01/14 v3.01 AMS symbols A
)
LaTeX Font Info:    Trying to load font information for U+msb on input line 81.


(C:\Users\Askeladd\AppData\Local\Programs\MiKTeX\tex/latex/amsfonts\umsb.fd
File: umsb.fd 2013/01/14 v3.01 AMS symbols B
)
pdfTeX warning (ext4): destination with the same identifier (name{page.}) has b
een already used, duplicate ignored
<to be read again> 
                   \relax 
l.85 \clearpage
                [4


] (latest draft.toc
pdfTeX warning (ext4): destination with the same identifier (name{page.}) has b
een already used, duplicate ignored
<to be read again> 
                   \relax 
l.31 ...ensorimotor Decoder}{13}{subsection.1.7.2}
                                                  % [5


]
pdfTeX warning (ext4): destination with the same identifier (name{page.}) has b
een already used, duplicate ignored
<to be read again> 
                   \relax 
l.69 ...and the Latency Bottleneck}{33}{chapter.3}
                                                  % [6]
pdfTeX warning (ext4): destination with the same identifier (name{page.}) has b
een already used, duplicate ignored
<to be read again> 
                   \relax 
l.147 ...}Performance Evaluation}{66}{section.4.5}
                                                  % [7]
pdfTeX warning (ext4): destination with the same identifier (name{page.}) has b
een already used, duplicate ignored
<to be read again> 
                   \relax 
l.186 ...r as Stigmergic Channel}{84}{section.6.2}
                                                  % [8]
pdfTeX warning (ext4): destination with the same identifier (name{page.}) has b
een already used, duplicate ignored
<to be read again> 
                   \relax 
l.227 ...quential Paradigm}{100}{subsection.7.2.4}
                                                  % [9])
\tf@toc=\write4
\openout4 = `"latest draft.toc"'.


pdfTeX warning (ext4): destination with the same identifier (name{page.}) has b
een already used, duplicate ignored
<to be read again> 
                   \relax 
l.89 \clearpage
                [10] (latest draft.lof
pdfTeX warning (ext4): destination with the same identifier (name{page.}) has b
een already used, duplicate ignored
<to be read again> 
                   \relax 
l.20 ... for NeuroKin-3D.}}{68}{figure.caption.73}
                                                  % [11


])
\tf@lof=\write5
\openout5 = `"latest draft.lof"'.


pdfTeX warning (ext4): destination with the same identifier (name{page.}) has b
een already used, duplicate ignored
<to be read again> 
                   \relax 
l.92 \clearpage
                [12] (latest draft.lot)
\tf@lot=\write6
\openout6 = `"latest draft.lot"'.


pdfTeX warning (ext4): destination with the same identifier (name{page.}) has b
een already used, duplicate ignored
<to be read again> 
                   \relax 
l.95 \clearpage
                [13


]
Chapter 1.

Overfull \hbox (13.78925pt too wide) in paragraph at lines 109--110
\T1/cmr/m/n/12 Autonomous robots de-ployed in re-mote, un-struc-tured en-vi-ron
-ments^^Vplanetary rovers, disaster-
 []

[1


]
Overfull \hbox (9.17221pt too wide) in paragraph at lines 129--130
\T1/cmr/m/n/12 drift, a robotic sys-tem must pos-sess the ca-pac-ity for \T1/cm
r/m/it/12 self-modeling\T1/cmr/m/n/12 ^^Vthe abil-ity to au-tonomously
 []

<figures/self_modeling_pipeline.pdf, id=1237, 452.96225pt x 171.20964pt>
File: figures/self_modeling_pipeline.pdf Graphic file (type pdf)
<use figures/self_modeling_pipeline.pdf>
Package pdftex.def Info: figures/self_modeling_pipeline.pdf  used on input line
 135.
(pdftex.def)             Requested size: 445.99553pt x 168.5837pt.
[2]
<figures/timeline_self_modeling.pdf, id=1244, 374.9508pt x 76.22478pt>
File: figures/timeline_self_modeling.pdf Graphic file (type pdf)
<use figures/timeline_self_modeling.pdf>
Package pdftex.def Info: figures/timeline_self_modeling.pdf  used on input line
 142.
(pdftex.def)             Requested size: 445.99553pt x 90.6702pt.
 [3 <./figures/self_modeling_pipeline.pdf> <./figures/timeline_self_modeling.pd
f>] [4] [5] [6] [7] [8]
<figures/sim2real_digital_twin.pdf, id=1389, 379.43756pt x 175.09415pt>
File: figures/sim2real_digital_twin.pdf Graphic file (type pdf)
<use figures/sim2real_digital_twin.pdf>
Package pdftex.def Info: figures/sim2real_digital_twin.pdf  used on input line 
252.
(pdftex.def)             Requested size: 445.99553pt x 205.82379pt.

Overfull \hbox (3.28014pt too wide) in paragraph at lines 257--258
[]\T1/cmr/m/n/12 However, con-struct-ing vi-sual dig-i-tal twins specif-i-cally
 in-tended for au-tonomous, closed-
 []

[9 <./figures/sim2real_digital_twin.pdf>]
Overfull \hbox (4.53549pt too wide) in paragraph at lines 273--274
\T1/cmr/m/it/12 pre-req-ui-site for control-oriented self-modeling\T1/cmr/m/n/1
2 . If the down-stream task re-quires only silhouette-
 []

[10] [11] [12] [13] [14]
Chapter 2.
<figures/survey_taxonomy.pdf, id=1474, 435.8985pt x 95.3462pt>
File: figures/survey_taxonomy.pdf Graphic file (type pdf)
<use figures/survey_taxonomy.pdf>
Package pdftex.def Info: figures/survey_taxonomy.pdf  used on input line 387.
(pdftex.def)             Requested size: 445.99553pt x 97.5588pt.
[15

 <./figures/survey_taxonomy.pdf>] [16] [17] [18] [19]
Overfull \hbox (72.56744pt too wide) in paragraph at lines 479--480
[]\T1/cmr/m/n/12 The 2D Gaus-sian func-tion for pixel co-or-di-nates $\OT1/cmr/
bx/n/12 u \OMS/cmsy/m/n/12 2 \U/msb/m/n/12 R[]$ \T1/cmr/m/n/12 is $\OML/cmm/m/i
t/12 G[]\OT1/cmr/m/n/12 (\OT1/cmr/bx/n/12 u\OT1/cmr/m/n/12 ) = [] []$\T1/cmr/m/
n/12 ,
 []

[20]
Overfull \hbox (18.33531pt too wide) in paragraph at lines 506--507
\T1/cmr/m/n/12 URDF-Anything+ au-tore-gres-sively gen-er-ates URDF files from p
oint clouds, en-abling simulation-
 []

[21] [22] [23]
Underfull \hbox (badness 2205) in paragraph at lines 550--550
[]|\T1/cmr/m/n/12 Perception / ren-
 []


Underfull \hbox (badness 10000) in paragraph at lines 551--551
[]|\T1/cmr/m/n/12 Demonstration
 []


Underfull \hbox (badness 10000) in paragraph at lines 551--551
\T1/cmr/m/n/12 syn-the-sis / aug-
 []


Underfull \hbox (badness 10000) in paragraph at lines 552--552
[]|\T1/cmr/m/n/12 Deployment-time
 []


Underfull \hbox (badness 10000) in paragraph at lines 553--553
[]|\T1/cmr/m/n/12 Evaluation /
 []

[24] [25] [26]
Overfull \hbox (2.1977pt too wide) in paragraph at lines 598--599
\T1/cmr/m/n/12 The Lot-tery Ticket Hy-poth-e-sis for-mal-izes the value of spar
-sity in deep learn-ing: "A randomly-
 []

[27]
Overfull \hbox (15.40837pt too wide) in paragraph at lines 623--624
\T1/cmr/m/n/12 shared "en-vi-ron-ment" is ab-stracted into a per-sis-tent dig-i
-tal mem-ory ledger^^Vthe \T1/cmtt/m/n/12 factory_state
 []

[28]
Overfull \hbox (14.04485pt too wide) in paragraph at lines 634--635
\T1/cmr/m/n/12 When an agent ex-pe-ri-ences re-peated me-chan-i-cal fail-ures, 
it up-dates the \T1/cmtt/m/n/12 consecutive_failures
 []

[29]
Overfull \hbox (23.69887pt too wide) in paragraph at lines 649--650
[]\T1/cmr/bx/n/12 Second\T1/cmr/m/n/12 , di-rect sen-so-ri-mo-tor de-cod-ing^^V
bypassing ex-plicit 3D re-con-struc-tion en-tirely^^Vhas
 []

[30] [31] [32]
Chapter 3.
[33

]
<figures/pybullet_setup.png, id=1795, 500.36937pt x 343.2825pt>
File: figures/pybullet_setup.png Graphic file (type png)
<use figures/pybullet_setup.png>
Package pdftex.def Info: figures/pybullet_setup.png  used on input line 723.
(pdftex.def)             Requested size: 445.99553pt x 305.99187pt.
 [34 <./figures/pybullet_setup.png>] [35]
<figures/lorenz_trajectories.png, id=1814, 714.7503pt x 426.393pt>
File: figures/lorenz_trajectories.png Graphic file (type png)
<use figures/lorenz_trajectories.png>
Package pdftex.def Info: figures/lorenz_trajectories.png  used on input line 81
4.
(pdftex.def)             Requested size: 445.99553pt x 266.07205pt.
 [36]
<figures/data_pipeline.png, id=1826, 1068.8733pt x 369.2997pt>
File: figures/data_pipeline.png Graphic file (type png)
<use figures/data_pipeline.png>
Package pdftex.def Info: figures/data_pipeline.png  used on input line 844.
(pdftex.def)             Requested size: 445.99553pt x 154.09613pt.
 [37 <./figures/lorenz_trajectories.png>]
<figures/sample_poses.png, id=1842, 1107.8991pt x 569.4876pt>
File: figures/sample_poses.png Graphic file (type png)
<use figures/sample_poses.png>
Package pdftex.def Info: figures/sample_poses.png  used on input line 865.
(pdftex.def)             Requested size: 445.99553pt x 229.25087pt.
 [38 <./figures/data_pipeline.png>] [39 <./figures/sample_poses.png>]
Overfull \hbox (18.00479pt too wide) in paragraph at lines 900--901
[]\T1/cmr/m/n/12 where $\OML/cmm/m/it/12 ^^N[] \OT1/cmr/m/n/12 = \OML/cmm/m/it/
12 t[] \OMS/cmsy/m/n/12 ^^@ \OML/cmm/m/it/12 t[]$ \T1/cmr/m/n/12 is the dis-tan
ce be-tween ad-ja-cent sam-ples, and $\OML/cmm/m/it/12 T[] \OT1/cmr/m/n/12 = []
 []$\T1/cmr/m/n/12 . 
 []

[40] [41] [42] [43] [44] [45]
<figures/ffksm_results.png, id=1922, 1123.0758pt x 569.4876pt>
File: figures/ffksm_results.png Graphic file (type png)
<use figures/ffksm_results.png>
Package pdftex.def Info: figures/ffksm_results.png  used on input line 1173.
(pdftex.def)             Requested size: 445.99553pt x 226.14865pt.

Overfull \hbox (2.53258pt too wide) in paragraph at lines 1178--1178
[]\T1/cmr/bx/n/17.28 Kinematic 3D Gaus-sian Splat-ting (K-3DGS): Ex-plicit
 []

[46 <./figures/ffksm_results.png>] [47] [48] [49]
Overfull \hbox (7.19783pt too wide) in paragraph at lines 1347--1348
\T1/cmr/m/n/12 We at-tempted ex-ten-sive re-me-di-a-tion strate-gies, all of wh
ich failed to pro-duce sta-ble anisotropic
 []

[50]
<figures/k3dgs_results.png, id=1963, 1264.725pt x 640.3122pt>
File: figures/k3dgs_results.png Graphic file (type png)
<use figures/k3dgs_results.png>
Package pdftex.def Info: figures/k3dgs_results.png  used on input line 1389.
(pdftex.def)             Requested size: 445.99553pt x 225.79312pt.
 [51]
<figures/3dgs loss speed fps.png, id=1972, 1290.7422pt x 354.123pt>
File: figures/3dgs loss speed fps.png Graphic file (type png)
<use figures/3dgs loss speed fps.png>
Package pdftex.def Info: figures/3dgs loss speed fps.png  used on input line 13
96.
(pdftex.def)             Requested size: 445.99553pt x 122.36168pt.
 [52 <./figures/k3dgs_results.png> <./figures/3dgs loss speed fps.png>]
Overfull \hbox (2.63359pt too wide) in paragraph at lines 1427--1428
\T1/cmr/m/n/12 The su-per-vi-sion ef-fi-ciency^^Vnumber of out-put pix-els lear
ned per net-work eval-u-a-tion^^Vexplains
 []


Overfull \hbox (17.39833pt too wide) in paragraph at lines 1443--1444
\OT1/cmr/m/n/12 10\OML/cmm/m/it/12 ; \OT1/cmr/m/n/12 000$ \T1/cmr/m/n/12 pixel 
im-age. Each eval-u-a-tion con-tributes gra-di-ent in-for-ma-tion for only $\OT
1/cmr/m/n/12 10\OML/cmm/m/it/12 ; \OT1/cmr/m/n/12 000\OML/cmm/m/it/12 =\OT1/cmr
/m/n/12 640\OML/cmm/m/it/12 ; \OT1/cmr/m/n/12 000 =
 []

[53]
Chapter 4.
[54

] [55]
<figures/architecture diagram.jpg, id=2007, 4239.84pt x 2312.64pt>
File: figures/architecture diagram.jpg Graphic file (type jpg)
<use figures/architecture diagram.jpg>
Package pdftex.def Info: figures/architecture diagram.jpg  used on input line 1
543.
(pdftex.def)             Requested size: 445.99553pt x 243.24017pt.
 [56 <./figures/architecture diagram.jpg>] [57] [58] [59]
<figures/2 view data generation sample.png, id=2056, 492.1587pt x 860.013pt>
File: figures/2 view data generation sample.png Graphic file (type png)
<use figures/2 view data generation sample.png>
Package pdftex.def Info: figures/2 view data generation sample.png  used on inp
ut line 1718.
(pdftex.def)             Requested size: 334.77614pt x 584.99794pt.
 [60]
[61 <./figures/2 view data generation sample.png>] [62] [63] [64]
<figures/neurokin 2d loss training.png, id=2103, 1003.8303pt x 354.123pt>
File: figures/neurokin 2d loss training.png Graphic file (type png)
<use figures/neurokin 2d loss training.png>
Package pdftex.def Info: figures/neurokin 2d loss training.png  used on input l
ine 1892.
(pdftex.def)             Requested size: 445.99553pt x 157.33296pt.
 [65 <./figures/neurokin 2d loss training.png>] [66]
<figures/neurokin_results.png, id=2119, 1120.185pt x 569.4876pt>
File: figures/neurokin_results.png Graphic file (type png)
<use figures/neurokin_results.png>
Package pdftex.def Info: figures/neurokin_results.png  used on input line 1984.

(pdftex.def)             Requested size: 445.99553pt x 226.73955pt.
<figures/end-effector-position gt vs prediction.png, id=2121, 642.4803pt x 642.
4803pt>
File: figures/end-effector-position gt vs prediction.png Graphic file (type png
)
<use figures/end-effector-position gt vs prediction.png>
Package pdftex.def Info: figures/end-effector-position gt vs prediction.png  us
ed on input line 2004.
(pdftex.def)             Requested size: 445.99553pt x 445.99803pt.
 [67 <./figures/neurokin_results.png>]
[68 <./figures/end-effector-position gt vs prediction.png>] [69] [70] [71]
Chapter 5.
[72

] [73] [74] [75] [76]
<figures/closedloop-endeffector-error-with-damage.png, id=2208, 642.4803pt x 35
4.123pt>
File: figures/closedloop-endeffector-error-with-damage.png Graphic file (type p
ng)
<use figures/closedloop-endeffector-error-with-damage.png>
Package pdftex.def Info: figures/closedloop-endeffector-error-with-damage.png  
used on input line 2306.
(pdftex.def)             Requested size: 445.99553pt x 245.82567pt.
 [77 <./figures/closedloop-endeffector-error-with-damage.png>] [78] [79]
Chapter 6.

Overfull \hbox (0.48468pt too wide) in paragraph at lines 2357--2357
[]\T1/cmr/bx/n/17.28 The Se-quen-tial Swarm Pipeline: Tem-po-ral Stig-mergy
 []

[80

] [81]
Overfull \hbox (31.81436pt too wide) in paragraph at lines 2402--2403
[]\T1/cmr/bx/n/12 Standard mode\T1/cmr/m/n/12 : Tar-get sam-pled uni-formly fro
m workspace $\OT1/cmr/m/n/12 [0\OML/cmm/m/it/12 :\OT1/cmr/m/n/12 05\OML/cmm/m/i
t/12 ; \OT1/cmr/m/n/12 0\OML/cmm/m/it/12 :\OT1/cmr/m/n/12 25] \OMS/cmsy/m/n/12 
^^B \OT1/cmr/m/n/12 [\OMS/cmsy/m/n/12 ^^@\OT1/cmr/m/n/12 0\OML/cmm/m/it/12 :\OT
1/cmr/m/n/12 15\OML/cmm/m/it/12 ; \OT1/cmr/m/n/12 0\OML/cmm/m/it/12 :\OT1/cmr/m
/n/12 10] \OMS/cmsy/m/n/12 ^^B
 []


Overfull \hbox (13.85956pt too wide) in paragraph at lines 2403--2404
[]\T1/cmr/bx/n/12 Recovery mode\T1/cmr/m/n/12 : Tar-get fixed at con-ser-va-tiv
e co-or-di-nate $\OT1/cmr/m/n/12 [0\OML/cmm/m/it/12 :\OT1/cmr/m/n/12 15\OML/cmm
/m/it/12 ; \OT1/cmr/m/n/12 0\OML/cmm/m/it/12 :\OT1/cmr/m/n/12 0\OML/cmm/m/it/12
 ; \OT1/cmr/m/n/12 0\OML/cmm/m/it/12 :\OT1/cmr/m/n/12 15]$ \T1/cmr/m/n/12 (work
space
 []

[82] [83] [84] [85]
Overfull \hbox (24.98946pt too wide) in paragraph at lines 2550--2551
[]\T1/cmr/m/n/12 The re-cov-ery mode is not a per-ma-nent state; a sin-gle suc-
cess re-sets \T1/cmtt/m/n/12 consecutive_failures
 []

[86]
Overfull \hbox (1.3354pt too wide) in paragraph at lines 2588--2589
\T1/cmr/m/n/12 The Neu-roKin con-fig-u-ra-tion, im-ple-mented as $\T1/cmtt/m/n/
12 run _ single _ robot _ chain _ faulty _ neurokin _
 []


LaTeX Warning: Reference `code:ledger_write' on page 87 undefined on input line
 2609.

[87] [88]
Overfull \hbox (66.71062pt too wide) in paragraph at lines 2680--2681
[]\T1/cmr/m/n/12 NeuroKin agents ex-hibit con-sis-tently lower step counts, wit
h a me-dian of 34.5 steps^^Vapproximately
 []

<figures/Neurokin vs Basline with fault.png, id=2298, 859.2903pt x 281.853pt>
File: figures/Neurokin vs Basline with fault.png Graphic file (type png)
<use figures/Neurokin vs Basline with fault.png>
Package pdftex.def Info: figures/Neurokin vs Basline with fault.png  used on in
put line 2684.
(pdftex.def)             Requested size: 445.99553pt x 146.28915pt.
[89 <./figures/Neurokin vs Basline with fault.png>] [90]
Overfull \hbox (4.26036pt too wide) in paragraph at lines 2737--2738
\T1/cmr/m/n/12 mergy ($\OML/cmm/m/it/12 O\OT1/cmr/m/n/12 (\OML/cmm/m/it/12 N\OT
1/cmr/m/n/12 )$ \T1/cmr/m/n/12 writes, $\OML/cmm/m/it/12 O\OT1/cmr/m/n/12 (1)$ 
\T1/cmr/m/n/12 per write) while op-er-at-ing at dig-i-tal time scales. Un-like 
pheromone-
 []

[91]
Overfull \hbox (8.64182pt too wide) in paragraph at lines 2771--2772
\T1/cmr/m/n/12 stig-mergy is po-si-tioned as a \T1/cmr/m/it/12 com-pu-ta-tional
 pre-req-ui-site \T1/cmr/m/n/12 for swarm co-or-di-na-tion^^Vdemonstrating
 []

[92] [93] [94]
Chapter 7.

Overfull \hbox (2.77757pt too wide) in paragraph at lines 2888--2888
[]\T1/cmr/bx/n/17.28 Trade-offs of Di-rect De-cod-ing: Sac-ri-fic-ing Novel-Vie
w
 []

[95

]
<figures/pareto_frontier.png, id=2358, 567.8013pt x 422.2977pt>
File: figures/pareto_frontier.png Graphic file (type png)
<use figures/pareto_frontier.png>
Package pdftex.def Info: figures/pareto_frontier.png  used on input line 2915.
(pdftex.def)             Requested size: 445.99553pt x 331.71062pt.
 [96] [97 <./figures/pareto_frontier.png>] [98]
Overfull \hbox (4.26036pt too wide) in paragraph at lines 2976--2977
\T1/cmr/m/n/12 mergy ($\OML/cmm/m/it/12 O\OT1/cmr/m/n/12 (\OML/cmm/m/it/12 N\OT
1/cmr/m/n/12 )$ \T1/cmr/m/n/12 writes, $\OML/cmm/m/it/12 O\OT1/cmr/m/n/12 (1)$ 
\T1/cmr/m/n/12 per write) while op-er-at-ing at dig-i-tal time scales. Un-like 
pheromone-
 []

[99]
Overfull \hbox (29.58656pt too wide) in paragraph at lines 2992--2993
\T1/cmr/m/n/12 com-plex co-or-di-na-tion sce-nar-ios^^Vtask al-lo-ca-tion, re-s
ource track-ing, for-ma-tion main-te-nance^^Vricher
 []

[100] [101] [102] [103]
Overfull \hbox (2.48438pt too wide) in paragraph at lines 3044--3045
\T1/cmr/bx/n/12 or-di-na-tion\T1/cmr/m/n/12 . Fast in-di-vid-ual self-diagnosis
, de-cen-tral-ized ledger up-dates, and threshold-
 []

[104]
Chapter 8.
[105

]
Overfull \hbox (1.8395pt too wide) in paragraph at lines 3108--3108
[]\T1/cmr/bx/n/17.28 Future Roadmap: From Se-quen-tial Val-i-da-tion to Spa-
 []

[106] [107

] [108] [109] [110] [111] [112] [113] [114] [115] (latest draft.aux)
 ***********
LaTeX2e <2025-11-01>
L3 programming layer <2025-12-24>
 ***********


LaTeX Warning: There were undefined references.

Package rerunfilecheck Info: File `"latest draft".out' has not changed.
(rerunfilecheck)             Checksum: A215565F850F393DEAB3A688E19698AB;52186.
 ) 
Here is how much of TeX's memory you used:
 15564 strings out of 467871
 254091 string characters out of 5416925
 677476 words of memory out of 5000000
 43516 multiletter control sequences out of 15000+600000
 651437 words of font info for 101 fonts, out of 8000000 for 9000
 1141 hyphenation exceptions out of 8191
 75i,17n,79p,1554b,685s stack positions out of 10000i,1000n,20000p,200000b,200000s
 <C:\Users\Askeladd\AppData\Local\MiKTeX\fonts/pk/ljfour/jknappen/ec/dpi600\e
ctt1095.pk> <C:\Users\Askeladd\AppData\Local\MiKTeX\fonts/pk/ljfour/jknappen/ec
/dpi600\ecrm0600.pk> <C:\Users\Askeladd\AppData\Local\MiKTeX\fonts/pk/ljfour/jk
nappen/ec/dpi600\ectt1000.pk> <C:\Users\Askeladd\AppData\Local\MiKTeX\fonts/pk/
ljfour/jknappen/ec/dpi600\ecrm1095.pk> <C:\Users\Askeladd\AppData\Local\MiKTeX\
fonts/pk/ljfour/jknappen/ec/dpi600\ecbx1095.pk> <C:\Users\Askeladd\AppData\Loca
l\MiKTeX\fonts/pk/ljfour/jknappen/ec/dpi600\ecrm0800.pk> <C:\Users\Askeladd\App
Data\Local\MiKTeX\fonts/pk/ljfour/jknappen/ec/dpi600\tcrm1200.pk> <C:\Users\Ask
eladd\AppData\Local\MiKTeX\fonts/pk/ljfour/jknappen/ec/dpi600\ecbx1440.pk> <C:\
Users\Askeladd\AppData\Local\MiKTeX\fonts/pk/ljfour/jknappen/ec/dpi600\ecti1200
.pk> <C:\Users\Askeladd\AppData\Local\MiKTeX\fonts/pk/ljfour/jknappen/ec/dpi600
\ecbx1728.pk> <C:\Users\Askeladd\AppData\Local\MiKTeX\fonts/pk/ljfour/jknappen/
ec/dpi600\ecbx1200.pk> <C:\Users\Askeladd\AppData\Local\MiKTeX\fonts/pk/ljfour/
jknappen/ec/dpi600\ectt1200.pk> <C:\Users\Askeladd\AppData\Local\MiKTeX\fonts/p
k/ljfour/jknappen/ec/dpi600\ecrm1200.pk> <C:\Users\Askeladd\AppData\Local\MiKTe
X\fonts/pk/ljfour/jknappen/ec/dpi600\ecbx2488.pk><C:/Users/Askeladd/AppData/Loc
al/Programs/MiKTeX/fonts/type1/public/amsfonts/cm/cmbx12.pfb><C:/Users/Askeladd
/AppData/Local/Programs/MiKTeX/fonts/type1/public/amsfonts/cm/cmbx8.pfb><C:/Use
rs/Askeladd/AppData/Local/Programs/MiKTeX/fonts/type1/public/amsfonts/cm/cmex10
.pfb><C:/Users/Askeladd/AppData/Local/Programs/MiKTeX/fonts/type1/public/amsfon
ts/cm/cmmi10.pfb><C:/Users/Askeladd/AppData/Local/Programs/MiKTeX/fonts/type1/p
ublic/amsfonts/cm/cmmi12.pfb><C:/Users/Askeladd/AppData/Local/Programs/MiKTeX/f
onts/type1/public/amsfonts/cm/cmmi6.pfb><C:/Users/Askeladd/AppData/Local/Progra
ms/MiKTeX/fonts/type1/public/amsfonts/cm/cmmi8.pfb><C:/Users/Askeladd/AppData/L
ocal/Programs/MiKTeX/fonts/type1/public/amsfonts/cm/cmmib10.pfb><C:/Users/Askel
add/AppData/Local/Programs/MiKTeX/fonts/type1/public/amsfonts/cm/cmr10.pfb><C:/
Users/Askeladd/AppData/Local/Programs/MiKTeX/fonts/type1/public/amsfonts/cm/cmr
12.pfb><C:/Users/Askeladd/AppData/Local/Programs/MiKTeX/fonts/type1/public/amsf
onts/cm/cmr6.pfb><C:/Users/Askeladd/AppData/Local/Programs/MiKTeX/fonts/type1/p
ublic/amsfonts/cm/cmr8.pfb><C:/Users/Askeladd/AppData/Local/Programs/MiKTeX/fon
ts/type1/public/amsfonts/cm/cmss8.pfb><C:/Users/Askeladd/AppData/Local/Programs
/MiKTeX/fonts/type1/public/amsfonts/cm/cmsy10.pfb><C:/Users/Askeladd/AppData/Lo
cal/Programs/MiKTeX/fonts/type1/public/amsfonts/cm/cmsy8.pfb><C:/Users/Askeladd
/AppData/Local/Programs/MiKTeX/fonts/type1/public/amsfonts/symbols/msbm10.pfb>
Output written on "latest draft.pdf" (128 pages, 12286593 bytes).
PDF statistics:
 3466 PDF objects out of 3580 (max. 8388607)
 710 named destinations out of 1000 (max. 500000)
 1743 words of extra memory for PDF output out of 10000 (max. 10000000)

