\BOOKMARK [0][-]{chapter*.1}{\376\377\000A\000b\000s\000t\000r\000a\000c\000t}{}% 1
\BOOKMARK [0][-]{chapter*.2}{\376\377\000A\000c\000k\000n\000o\000w\000l\000e\000d\000g\000e\000m\000e\000n\000t\000s}{}% 2
\BOOKMARK [0][-]{chapter*.4}{\376\377\000L\000i\000s\000t\000\040\000o\000f\000\040\000F\000i\000g\000u\000r\000e\000s}{}% 3
\BOOKMARK [0][-]{chapter*.5}{\376\377\000L\000i\000s\000t\000\040\000o\000f\000\040\000T\000a\000b\000l\000e\000s}{}% 4
\BOOKMARK [0][-]{chapter.1}{\376\377\000I\000n\000t\000r\000o\000d\000u\000c\000t\000i\000o\000n}{}% 5
\BOOKMARK [1][-]{section.1.1}{\376\377\000T\000h\000e\000\040\000C\000h\000a\000l\000l\000e\000n\000g\000e\000\040\000o\000f\000\040\000E\000m\000b\000o\000d\000i\000m\000e\000n\000t\000\040\000D\000r\000i\000f\000t}{chapter.1}% 6
\BOOKMARK [2][-]{subsection.1.1.1}{\376\377\000M\000a\000n\000i\000f\000e\000s\000t\000a\000t\000i\000o\000n\000s\000\040\000o\000f\000\040\000E\000m\000b\000o\000d\000i\000m\000e\000n\000t\000\040\000D\000r\000i\000f\000t}{section.1.1}% 7
\BOOKMARK [2][-]{subsection.1.1.2}{\376\377\000C\000o\000n\000s\000e\000q\000u\000e\000n\000c\000e\000s\000\040\000f\000o\000r\000\040\000C\000o\000n\000t\000r\000o\000l}{section.1.1}% 8
\BOOKMARK [1][-]{section.1.2}{\376\377\000T\000h\000e\000\040\000E\000v\000o\000l\000u\000t\000i\000o\000n\000\040\000o\000f\000\040\000S\000e\000l\000f\000-\000M\000o\000d\000e\000l\000i\000n\000g\000\040\000P\000a\000r\000a\000d\000i\000g\000m\000s}{chapter.1}% 9
\BOOKMARK [1][-]{section.1.3}{\376\377\000T\000h\000e\000\040\000L\000a\000t\000e\000n\000c\000y\000\040\000P\000a\000r\000a\000d\000o\000x\000\040\000i\000n\000\040\000N\000e\000u\000r\000a\000l\000\040\000R\000e\000n\000d\000e\000r\000i\000n\000g}{chapter.1}% 10
\BOOKMARK [2][-]{subsection.1.3.1}{\376\377\000T\000e\000m\000p\000o\000r\000a\000l\000\040\000C\000o\000n\000s\000t\000r\000a\000i\000n\000t\000s\000\040\000o\000f\000\040\000R\000o\000b\000o\000t\000i\000c\000\040\000C\000o\000n\000t\000r\000o\000l}{section.1.3}% 11
\BOOKMARK [2][-]{subsection.1.3.2}{\376\377\000T\000h\000e\000\040\000C\000o\000m\000p\000u\000t\000a\000t\000i\000o\000n\000a\000l\000\040\000B\000o\000t\000t\000l\000e\000n\000e\000c\000k}{section.1.3}% 12
\BOOKMARK [1][-]{section.1.4}{\376\377\000P\000r\000o\000b\000l\000e\000m\000\040\000S\000t\000a\000t\000e\000m\000e\000n\000t\000\040\000a\000n\000d\000\040\000C\000o\000r\000e\000\040\000H\000y\000p\000o\000t\000h\000e\000s\000i\000s}{chapter.1}% 13
\BOOKMARK [2][-]{subsection.1.4.1}{\376\377\000F\000o\000r\000m\000a\000l\000\040\000M\000a\000t\000h\000e\000m\000a\000t\000i\000c\000a\000l\000\040\000P\000r\000o\000b\000l\000e\000m\000\040\000S\000t\000a\000t\000e\000m\000e\000n\000t}{section.1.4}% 14
\BOOKMARK [2][-]{subsection.1.4.2}{\376\377\000T\000h\000e\000\040\000C\000e\000n\000t\000r\000a\000l\000\040\000H\000y\000p\000o\000t\000h\000e\000s\000i\000s}{section.1.4}% 15
\BOOKMARK [2][-]{subsection.1.4.3}{\376\377\000E\000m\000p\000i\000r\000i\000c\000a\000l\000\040\000S\000c\000o\000p\000e\000,\000\040\000C\000o\000n\000s\000t\000r\000a\000i\000n\000t\000s\000,\000\040\000a\000n\000d\000\040\000H\000a\000r\000d\000w\000a\000r\000e\000\040\000R\000e\000a\000l\000i\000t\000i\000e\000s}{section.1.4}% 16
\BOOKMARK [2][-]{subsection.1.4.4}{\376\377\000T\000h\000e\000\040\000T\000e\000m\000p\000o\000r\000a\000l\000\040\000S\000t\000i\000g\000m\000e\000r\000g\000y\000\040\000F\000r\000a\000m\000e\000w\000o\000r\000k\000\040\000f\000o\000r\000\040\000S\000w\000a\000r\000m\000\040\000C\000o\000o\000r\000d\000i\000n\000a\000t\000i\000o\000n}{section.1.4}% 17
\BOOKMARK [1][-]{section.1.5}{\376\377\000R\000e\000s\000e\000a\000r\000c\000h\000\040\000Q\000u\000e\000s\000t\000i\000o\000n\000s}{chapter.1}% 18
\BOOKMARK [2][-]{subsection.1.5.1}{\376\377\000R\000Q\0001\000:\000\040\000A\000r\000c\000h\000i\000t\000e\000c\000t\000u\000r\000a\000l\000\040\000E\000f\000f\000i\000c\000i\000e\000n\000c\000y}{section.1.5}% 19
\BOOKMARK [2][-]{subsection.1.5.2}{\376\377\000R\000Q\0002\000:\000\040\000C\000o\000n\000t\000r\000o\000l\000\040\000I\000n\000t\000e\000g\000r\000a\000t\000i\000o\000n}{section.1.5}% 20
\BOOKMARK [2][-]{subsection.1.5.3}{\376\377\000R\000Q\0003\000:\000\040\000F\000a\000u\000l\000t\000\040\000T\000o\000l\000e\000r\000a\000n\000c\000e}{section.1.5}% 21
\BOOKMARK [2][-]{subsection.1.5.4}{\376\377\000R\000Q\0004\000:\000\040\000C\000o\000l\000l\000e\000c\000t\000i\000v\000e\000\040\000A\000d\000a\000p\000t\000a\000t\000i\000o\000n}{section.1.5}% 22
\BOOKMARK [1][-]{section.1.6}{\376\377\000M\000e\000t\000h\000o\000d\000o\000l\000o\000g\000i\000c\000a\000l\000\040\000C\000o\000n\000t\000r\000i\000b\000u\000t\000i\000o\000n\000s}{chapter.1}% 23
\BOOKMARK [1][-]{section.1.7}{\376\377\000T\000h\000e\000s\000i\000s\000\040\000O\000r\000g\000a\000n\000i\000z\000a\000t\000i\000o\000n}{chapter.1}% 24
\BOOKMARK [0][-]{chapter.2}{\376\377\000L\000i\000t\000e\000r\000a\000t\000u\000r\000e\000\040\000S\000y\000n\000t\000h\000e\000s\000i\000s}{}% 25
\BOOKMARK [1][-]{section.2.1}{\376\377\000E\000v\000o\000l\000u\000t\000i\000o\000n\000\040\000o\000f\000\040\000S\000e\000l\000f\000-\000M\000o\000d\000e\000l\000i\000n\000g}{chapter.2}% 26
\BOOKMARK [2][-]{subsection.2.1.1}{\376\377\000T\000h\000e\000\040\000S\000y\000m\000b\000o\000l\000i\000c\000\040\000E\000r\000a\000:\000\040\000E\000s\000t\000i\000m\000a\000t\000i\000o\000n\000-\000E\000x\000p\000l\000o\000r\000a\000t\000i\000o\000n}{section.2.1}% 27
\BOOKMARK [2][-]{subsection.2.1.2}{\376\377\000T\000h\000e\000\040\000B\000e\000h\000a\000v\000i\000o\000r\000a\000l\000\040\000E\000r\000a\000:\000\040\000A\000v\000o\000i\000d\000a\000n\000c\000e\000\040\000O\000v\000e\000r\000\040\000A\000d\000a\000p\000t\000a\000t\000i\000o\000n}{section.2.1}% 28
\BOOKMARK [2][-]{subsection.2.1.3}{\376\377\000T\000a\000s\000k\000-\000A\000g\000n\000o\000s\000t\000i\000c\000\040\000L\000e\000a\000r\000n\000e\000d\000\040\000D\000y\000n\000a\000m\000i\000c\000s\000\040\000M\000o\000d\000e\000l\000s}{section.2.1}% 29
\BOOKMARK [2][-]{subsection.2.1.4}{\376\377\000P\000r\000o\000p\000r\000i\000o\000c\000e\000p\000t\000i\000v\000e\000\040\000M\000o\000r\000p\000h\000o\000l\000o\000g\000y\000\040\000I\000d\000e\000n\000t\000i\000f\000i\000c\000a\000t\000i\000o\000n}{section.2.1}% 30
\BOOKMARK [2][-]{subsection.2.1.5}{\376\377\000T\000h\000e\000\040\000V\000i\000s\000u\000a\000l\000\040\000E\000r\000a\000:\000\040\000D\000e\000e\000p\000\040\000S\000e\000l\000f\000-\000M\000o\000d\000e\000l\000s\000\040\000a\000n\000d\000\040\000N\000e\000u\000r\000a\000l\000\040\000R\000e\000n\000d\000e\000r\000i\000n\000g}{section.2.1}% 31
\BOOKMARK [1][-]{section.2.2}{\376\377\000N\000e\000u\000r\000a\000l\000\040\000R\000e\000n\000d\000e\000r\000i\000n\000g\000\040\000F\000o\000u\000n\000d\000a\000t\000i\000o\000n\000s\000:\000\040\000T\000h\000e\000\040\000S\000p\000e\000e\000d\000-\000Q\000u\000a\000l\000i\000t\000y\000\040\000T\000r\000a\000d\000e\000o\000f\000f}{chapter.2}% 32
\BOOKMARK [2][-]{subsection.2.2.1}{\376\377\000N\000e\000u\000r\000a\000l\000\040\000R\000a\000d\000i\000a\000n\000c\000e\000\040\000F\000i\000e\000l\000d\000s\000:\000\040\000I\000m\000p\000l\000i\000c\000i\000t\000\040\000S\000c\000e\000n\000e\000\040\000R\000e\000p\000r\000e\000s\000e\000n\000t\000a\000t\000i\000o\000n}{section.2.2}% 33
\BOOKMARK [2][-]{subsection.2.2.2}{\376\377\0003\000D\000\040\000G\000a\000u\000s\000s\000i\000a\000n\000\040\000S\000p\000l\000a\000t\000t\000i\000n\000g\000:\000\040\000E\000x\000p\000l\000i\000c\000i\000t\000\040\000G\000e\000o\000m\000e\000t\000r\000i\000c\000\040\000P\000r\000i\000m\000i\000t\000i\000v\000e\000s}{section.2.2}% 34
\BOOKMARK [2][-]{subsection.2.2.3}{\376\377\000T\000h\000e\000\040\000F\000a\000i\000l\000u\000r\000e\000\040\000o\000f\000\040\000A\000n\000i\000s\000o\000t\000r\000o\000p\000y\000\040\000o\000n\000\040\000R\000o\000b\000o\000t\000i\000c\000\040\000M\000o\000r\000p\000h\000o\000l\000o\000g\000i\000e\000s}{section.2.2}% 35
\BOOKMARK [2][-]{subsection.2.2.4}{\376\377\000A\000r\000t\000i\000c\000u\000l\000a\000t\000e\000d\000\040\000O\000b\000j\000e\000c\000t\000\040\000R\000e\000c\000o\000n\000s\000t\000r\000u\000c\000t\000i\000o\000n\000\040\000f\000o\000r\000\040\000D\000i\000g\000i\000t\000a\000l\000\040\000T\000w\000i\000n\000\040\000G\000e\000n\000e\000r\000a\000t\000i\000o\000n}{section.2.2}% 36
\BOOKMARK [2][-]{subsection.2.2.5}{\376\377\000P\000h\000y\000s\000i\000c\000s\000-\000C\000o\000n\000s\000i\000s\000t\000e\000n\000t\000\040\000R\000o\000b\000o\000t\000\040\000M\000o\000d\000e\000l\000s\000\040\000a\000n\000d\000\040\000M\000a\000n\000i\000p\000u\000l\000a\000t\000i\000o\000n\000\040\000P\000l\000a\000n\000n\000i\000n\000g}{section.2.2}% 37
\BOOKMARK [2][-]{subsection.2.2.6}{\376\377\000C\000r\000o\000s\000s\000-\000E\000m\000b\000o\000d\000i\000m\000e\000n\000t\000\040\000T\000r\000a\000n\000s\000f\000e\000r\000\040\000a\000n\000d\000\040\000M\000o\000r\000p\000h\000o\000l\000o\000g\000i\000c\000a\000l\000\040\000U\000n\000d\000e\000r\000s\000t\000a\000n\000d\000i\000n\000g}{section.2.2}% 38
\BOOKMARK [2][-]{subsection.2.2.7}{\376\377\000S\000i\000m\000-\000t\000o\000-\000R\000e\000a\000l\000\040\000T\000r\000a\000n\000s\000f\000e\000r\000\040\000v\000i\000a\000\040\000D\000i\000g\000i\000t\000a\000l\000\040\000T\000w\000i\000n\000s}{section.2.2}% 39
\BOOKMARK [1][-]{section.2.3}{\376\377\000D\000a\000m\000a\000g\000e\000\040\000R\000e\000c\000o\000v\000e\000r\000y\000\040\000a\000n\000d\000\040\000F\000a\000u\000l\000t\000\040\000T\000o\000l\000e\000r\000a\000n\000c\000e}{chapter.2}% 40
\BOOKMARK [2][-]{subsection.2.3.1}{\376\377\000D\000e\000t\000e\000c\000t\000i\000o\000n\000\040\000M\000e\000t\000h\000o\000d\000s\000\040\000a\000n\000d\000\040\000E\000a\000r\000l\000y\000\040\000I\000n\000t\000e\000r\000v\000e\000n\000t\000i\000o\000n}{section.2.3}% 41
\BOOKMARK [2][-]{subsection.2.3.2}{\376\377\000R\000e\000c\000o\000v\000e\000r\000y\000\040\000P\000o\000l\000i\000c\000y\000\040\000G\000e\000n\000e\000r\000a\000t\000i\000o\000n\000\040\000a\000n\000d\000\040\000A\000d\000a\000p\000t\000a\000t\000i\000o\000n}{section.2.3}% 42
\BOOKMARK [2][-]{subsection.2.3.3}{\376\377\000H\000u\000m\000a\000n\000o\000i\000d\000\040\000R\000e\000c\000o\000v\000e\000r\000y\000\040\000a\000n\000d\000\040\000S\000t\000a\000b\000i\000l\000i\000t\000y}{section.2.3}% 43
\BOOKMARK [2][-]{subsection.2.3.4}{\376\377\000P\000r\000a\000c\000t\000i\000c\000a\000l\000\040\000D\000e\000p\000l\000o\000y\000m\000e\000n\000t\000\040\000L\000e\000s\000s\000o\000n\000s}{section.2.3}% 44
\BOOKMARK [1][-]{section.2.4}{\376\377\000C\000o\000n\000t\000i\000n\000u\000a\000l\000\040\000L\000e\000a\000r\000n\000i\000n\000g\000\040\000f\000o\000r\000\040\000S\000e\000l\000f\000-\000M\000o\000d\000e\000l\000\040\000M\000a\000i\000n\000t\000e\000n\000a\000n\000c\000e}{chapter.2}% 45
\BOOKMARK [2][-]{subsection.2.4.1}{\376\377\000B\000a\000l\000a\000n\000c\000i\000n\000g\000\040\000P\000l\000a\000s\000t\000i\000c\000i\000t\000y\000\040\000a\000n\000d\000\040\000S\000t\000a\000b\000i\000l\000i\000t\000y}{section.2.4}% 46
\BOOKMARK [2][-]{subsection.2.4.2}{\376\377\000R\000e\000s\000o\000u\000r\000c\000e\000-\000E\000f\000f\000i\000c\000i\000e\000n\000t\000\040\000A\000d\000a\000p\000t\000a\000t\000i\000o\000n\000\040\000v\000i\000a\000\040\000S\000p\000a\000r\000s\000i\000t\000y}{section.2.4}% 47
\BOOKMARK [2][-]{subsection.2.4.3}{\376\377\000S\000a\000f\000e\000t\000y\000-\000C\000o\000n\000s\000t\000r\000a\000i\000n\000e\000d\000\040\000a\000n\000d\000\040\000B\000o\000u\000n\000d\000e\000d\000\040\000A\000d\000a\000p\000t\000a\000t\000i\000o\000n}{section.2.4}% 48
\BOOKMARK [1][-]{section.2.5}{\376\377\000T\000h\000e\000o\000r\000e\000t\000i\000c\000a\000l\000\040\000F\000o\000u\000n\000d\000a\000t\000i\000o\000n\000s\000\040\000o\000f\000\040\000S\000w\000a\000r\000m\000\040\000C\000o\000o\000r\000d\000i\000n\000a\000t\000i\000o\000n\000\040\000a\000n\000d\000\040\000T\000e\000m\000p\000o\000r\000a\000l\000\040\000S\000t\000i\000g\000m\000e\000r\000g\000y}{chapter.2}% 49
\BOOKMARK [2][-]{subsection.2.5.1}{\376\377\000S\000t\000i\000g\000m\000e\000r\000g\000y\000:\000\040\000B\000i\000o\000l\000o\000g\000i\000c\000a\000l\000\040\000a\000n\000d\000\040\000A\000l\000g\000o\000r\000i\000t\000h\000m\000i\000c\000\040\000F\000o\000u\000n\000d\000a\000t\000i\000o\000n\000s}{section.2.5}% 50
\BOOKMARK [2][-]{subsection.2.5.2}{\376\377\000T\000e\000m\000p\000o\000r\000a\000l\000\040\000S\000t\000i\000g\000m\000e\000r\000g\000y\000\040\000i\000n\000\040\000S\000e\000q\000u\000e\000n\000t\000i\000a\000l\000\040\000P\000i\000p\000e\000l\000i\000n\000e\000s}{section.2.5}% 51
\BOOKMARK [2][-]{subsection.2.5.3}{\376\377\000S\000u\000b\000-\000M\000i\000l\000l\000i\000s\000e\000c\000o\000n\000d\000\040\000I\000n\000f\000e\000r\000e\000n\000c\000e\000\040\000a\000s\000\040\000a\000\040\000S\000w\000a\000r\000m\000\040\000P\000r\000e\000r\000e\000q\000u\000i\000s\000i\000t\000e}{section.2.5}% 52
\BOOKMARK [1][-]{section.2.6}{\376\377\000S\000u\000m\000m\000a\000r\000y\000\040\000o\000f\000\040\000L\000i\000t\000e\000r\000a\000t\000u\000r\000e\000\040\000F\000i\000n\000d\000i\000n\000g\000s}{chapter.2}% 53
\BOOKMARK [1][-]{section.2.7}{\376\377\000R\000e\000s\000e\000a\000r\000c\000h\000\040\000Q\000u\000e\000s\000t\000i\000o\000n\000s\000\040\000G\000r\000o\000u\000n\000d\000e\000d\000\040\000i\000n\000\040\000L\000i\000t\000e\000r\000a\000t\000u\000r\000e}{chapter.2}% 54
\BOOKMARK [2][-]{subsection.2.7.1}{\376\377\000R\000Q\0001\000:\000\040\000A\000r\000c\000h\000i\000t\000e\000c\000t\000u\000r\000a\000l\000\040\000E\000f\000f\000i\000c\000i\000e\000n\000c\000y}{section.2.7}% 55
\BOOKMARK [2][-]{subsection.2.7.2}{\376\377\000R\000Q\0002\000:\000\040\000C\000o\000n\000t\000r\000o\000l\000\040\000I\000n\000t\000e\000g\000r\000a\000t\000i\000o\000n}{section.2.7}% 56
\BOOKMARK [2][-]{subsection.2.7.3}{\376\377\000R\000Q\0003\000:\000\040\000F\000a\000u\000l\000t\000\040\000T\000o\000l\000e\000r\000a\000n\000c\000e}{section.2.7}% 57
\BOOKMARK [2][-]{subsection.2.7.4}{\376\377\000R\000Q\0004\000:\000\040\000C\000o\000l\000l\000e\000c\000t\000i\000v\000e\000\040\000A\000d\000a\000p\000t\000a\000t\000i\000o\000n}{section.2.7}% 58
\BOOKMARK [0][-]{chapter.3}{\376\377\000B\000a\000s\000e\000l\000i\000n\000e\000\040\000I\000m\000p\000l\000e\000m\000e\000n\000t\000a\000t\000i\000o\000n\000s\000\040\000a\000n\000d\000\040\000t\000h\000e\000\040\000L\000a\000t\000e\000n\000c\000y\000\040\000B\000o\000t\000t\000l\000e\000n\000e\000c\000k}{}% 59
\BOOKMARK [1][-]{section.3.1}{\376\377\000S\000y\000n\000t\000h\000e\000t\000i\000c\000\040\000D\000a\000t\000a\000\040\000G\000e\000n\000e\000r\000a\000t\000i\000o\000n\000\040\000v\000i\000a\000\040\000L\000o\000r\000e\000n\000z\000\040\000A\000t\000t\000r\000a\000c\000t\000o\000r\000s}{chapter.3}% 60
\BOOKMARK [2][-]{subsection.3.1.1}{\376\377\000S\000i\000m\000u\000l\000a\000t\000i\000o\000n\000\040\000E\000n\000v\000i\000r\000o\000n\000m\000e\000n\000t\000\040\000C\000o\000n\000f\000i\000g\000u\000r\000a\000t\000i\000o\000n}{section.3.1}% 61
\BOOKMARK [2][-]{subsection.3.1.2}{\376\377\000L\000o\000r\000e\000n\000z\000\040\000A\000t\000t\000r\000a\000c\000t\000o\000r\000\040\000T\000r\000a\000j\000e\000c\000t\000o\000r\000y\000\040\000G\000e\000n\000e\000r\000a\000t\000i\000o\000n}{section.3.1}% 62
\BOOKMARK [2][-]{subsection.3.1.3}{\376\377\000D\000a\000t\000a\000\040\000C\000o\000l\000l\000e\000c\000t\000i\000o\000n\000\040\000a\000n\000d\000\040\000P\000r\000e\000p\000r\000o\000c\000e\000s\000s\000i\000n\000g}{section.3.1}% 63
\BOOKMARK [2][-]{subsection.3.1.4}{\376\377\000D\000a\000t\000a\000s\000e\000t\000\040\000S\000t\000a\000t\000i\000s\000t\000i\000c\000s\000\040\000a\000n\000d\000\040\000Q\000u\000a\000l\000i\000t\000y\000\040\000A\000n\000a\000l\000y\000s\000i\000s}{section.3.1}% 64
\BOOKMARK [1][-]{section.3.2}{\376\377\000F\000r\000e\000e\000-\000F\000o\000r\000m\000\040\000K\000i\000n\000e\000m\000a\000t\000i\000c\000\040\000S\000e\000l\000f\000-\000M\000o\000d\000e\000l\000\040\000\050\000F\000F\000K\000S\000M\000\051\000:\000\040\000I\000m\000p\000l\000i\000c\000i\000t\000\040\000N\000e\000u\000r\000a\000l\000\040\000R\000e\000n\000d\000e\000r\000i\000n\000g}{chapter.3}% 65
\BOOKMARK [2][-]{subsection.3.2.1}{\376\377\000C\000o\000r\000e\000\040\000M\000a\000t\000h\000e\000m\000a\000t\000i\000c\000a\000l\000\040\000F\000r\000a\000m\000e\000w\000o\000r\000k}{section.3.2}% 66
\BOOKMARK [2][-]{subsection.3.2.2}{\376\377\000I\000m\000p\000l\000e\000m\000e\000n\000t\000a\000t\000i\000o\000n\000\040\000D\000e\000t\000a\000i\000l\000s\000\040\000a\000n\000d\000\040\000R\000e\000p\000r\000o\000d\000u\000c\000t\000i\000o\000n\000\040\000C\000h\000a\000l\000l\000e\000n\000g\000e\000s}{section.3.2}% 67
\BOOKMARK [2][-]{subsection.3.2.3}{\376\377\000F\000F\000K\000S\000M\000\040\000T\000r\000a\000i\000n\000i\000n\000g\000\040\000P\000r\000o\000t\000o\000c\000o\000l}{section.3.2}% 68
\BOOKMARK [2][-]{subsection.3.2.4}{\376\377\000F\000F\000K\000S\000M\000\040\000P\000e\000r\000f\000o\000r\000m\000a\000n\000c\000e\000\040\000M\000e\000t\000r\000i\000c\000s}{section.3.2}% 69
\BOOKMARK [1][-]{section.3.3}{\376\377\000K\000i\000n\000e\000m\000a\000t\000i\000c\000\040\0003\000D\000\040\000G\000a\000u\000s\000s\000i\000a\000n\000\040\000S\000p\000l\000a\000t\000t\000i\000n\000g\000\040\000\050\000K\000-\0003\000D\000G\000S\000\051\000:\000\040\000E\000x\000p\000l\000i\000c\000i\000t\000\040\000G\000e\000o\000m\000e\000t\000r\000i\000c\000\040\000P\000r\000i\000m\000i\000t\000i\000v\000e\000s}{chapter.3}% 70
\BOOKMARK [2][-]{subsection.3.3.1}{\376\377\000M\000a\000t\000h\000e\000m\000a\000t\000i\000c\000a\000l\000\040\000F\000o\000u\000n\000d\000a\000t\000i\000o\000n\000s\000\040\000o\000f\000\040\0003\000D\000\040\000G\000a\000u\000s\000s\000i\000a\000n\000\040\000S\000p\000l\000a\000t\000t\000i\000n\000g}{section.3.3}% 71
\BOOKMARK [2][-]{subsection.3.3.2}{\376\377\000R\000e\000n\000d\000e\000r\000i\000n\000g\000\040\000w\000i\000t\000h\000\040\0003\000D\000\040\000G\000a\000u\000s\000s\000i\000a\000n\000\040\000S\000p\000l\000a\000t\000t\000i\000n\000g}{section.3.3}% 72
\BOOKMARK [2][-]{subsection.3.3.3}{\376\377\000K\000-\0003\000D\000G\000S\000\040\000A\000r\000c\000h\000i\000t\000e\000c\000t\000u\000r\000e}{section.3.3}% 73
\BOOKMARK [2][-]{subsection.3.3.4}{\376\377\000T\000h\000e\000\040\000A\000n\000i\000s\000o\000t\000r\000o\000p\000i\000c\000\040\000F\000a\000i\000l\000u\000r\000e\000:\000\040\000A\000\040\000C\000r\000i\000t\000i\000c\000a\000l\000\040\000A\000r\000c\000h\000i\000t\000e\000c\000t\000u\000r\000a\000l\000\040\000L\000e\000s\000s\000o\000n}{section.3.3}% 74
\BOOKMARK [2][-]{subsection.3.3.5}{\376\377\000K\000-\0003\000D\000G\000S\000\040\000P\000e\000r\000f\000o\000r\000m\000a\000n\000c\000e\000\040\000M\000e\000t\000r\000i\000c\000s}{section.3.3}% 75
\BOOKMARK [1][-]{section.3.4}{\376\377\000C\000o\000m\000p\000a\000r\000a\000t\000i\000v\000e\000\040\000A\000n\000a\000l\000y\000s\000i\000s\000\040\000o\000f\000\040\000B\000a\000s\000e\000l\000i\000n\000e\000\040\000L\000i\000m\000i\000t\000a\000t\000i\000o\000n\000s}{chapter.3}% 76
\BOOKMARK [2][-]{subsection.3.4.1}{\376\377\000T\000h\000e\000\040\000L\000a\000t\000e\000n\000c\000y\000-\000Q\000u\000a\000l\000i\000t\000y\000\040\000T\000r\000a\000d\000e\000o\000f\000f}{section.3.4}% 77
\BOOKMARK [2][-]{subsection.3.4.2}{\376\377\000S\000u\000p\000e\000r\000v\000i\000s\000i\000o\000n\000\040\000E\000f\000f\000i\000c\000i\000e\000n\000c\000y\000\040\000A\000n\000a\000l\000y\000s\000i\000s}{section.3.4}% 78
\BOOKMARK [2][-]{subsection.3.4.3}{\376\377\000A\000r\000c\000h\000i\000t\000e\000c\000t\000u\000r\000a\000l\000\040\000B\000o\000t\000t\000l\000e\000n\000e\000c\000k\000s\000\040\000S\000u\000m\000m\000a\000r\000y}{section.3.4}% 79
\BOOKMARK [0][-]{chapter.4}{\376\377\000T\000h\000e\000\040\000N\000e\000u\000r\000o\000K\000i\000n\000\040\000D\000i\000r\000e\000c\000t\000\040\000S\000e\000n\000s\000o\000r\000i\000m\000o\000t\000o\000r\000\040\000D\000e\000c\000o\000d\000e\000r}{}% 80
\BOOKMARK [1][-]{section.4.1}{\376\377\000C\000o\000r\000e\000\040\000H\000y\000p\000o\000t\000h\000e\000s\000i\000s\000:\000\040\000B\000y\000p\000a\000s\000s\000i\000n\000g\000\040\0003\000D\000\040\000R\000e\000c\000o\000n\000s\000t\000r\000u\000c\000t\000i\000o\000n}{chapter.4}% 81
\BOOKMARK [2][-]{subsection.4.1.1}{\376\377\000T\000h\000e\000\040\000T\000a\000s\000k\000-\000R\000e\000l\000e\000v\000a\000n\000t\000\040\000I\000n\000f\000o\000r\000m\000a\000t\000i\000o\000n\000\040\000H\000i\000e\000r\000a\000r\000c\000h\000y}{section.4.1}% 82
\BOOKMARK [2][-]{subsection.4.1.2}{\376\377\000T\000h\000e\000\040\000S\000u\000p\000e\000r\000v\000i\000s\000i\000o\000n\000\040\000E\000f\000f\000i\000c\000i\000e\000n\000c\000y\000\040\000A\000r\000g\000u\000m\000e\000n\000t}{section.4.1}% 83
\BOOKMARK [2][-]{subsection.4.1.3}{\376\377\000W\000h\000e\000n\000\040\000i\000s\000\040\0003\000D\000\040\000R\000e\000c\000o\000n\000s\000t\000r\000u\000c\000t\000i\000o\000n\000\040\000N\000e\000c\000e\000s\000s\000a\000r\000y\000?}{section.4.1}% 84
\BOOKMARK [1][-]{section.4.2}{\376\377\000A\000r\000c\000h\000i\000t\000e\000c\000t\000u\000r\000e\000\040\000D\000e\000s\000i\000g\000n}{chapter.4}% 85
\BOOKMARK [2][-]{subsection.4.2.1}{\376\377\000S\000t\000a\000g\000e\000\040\0001\000:\000\040\000J\000o\000i\000n\000t\000\040\000E\000n\000c\000o\000d\000e\000r}{section.4.2}% 86
\BOOKMARK [2][-]{subsection.4.2.2}{\376\377\000S\000t\000a\000g\000e\000\040\0002\000:\000\040\000S\000p\000a\000t\000i\000a\000l\000\040\000E\000x\000p\000a\000n\000s\000i\000o\000n}{section.4.2}% 87
\BOOKMARK [2][-]{subsection.4.2.3}{\376\377\000S\000t\000a\000g\000e\000\040\0003\000:\000\040\000T\000r\000a\000n\000s\000p\000o\000s\000e\000d\000\040\000C\000o\000n\000v\000o\000l\000u\000t\000i\000o\000n\000a\000l\000\040\000D\000e\000c\000o\000d\000e\000r}{section.4.2}% 88
\BOOKMARK [2][-]{subsection.4.2.4}{\376\377\000S\000t\000a\000g\000e\000\040\0004\000:\000\040\000O\000u\000t\000p\000u\000t\000\040\000H\000e\000a\000d\000\040\000a\000n\000d\000\040\000S\000p\000a\000t\000i\000a\000l\000\040\000U\000p\000s\000a\000m\000p\000l\000i\000n\000g}{section.4.2}% 89
\BOOKMARK [1][-]{section.4.3}{\376\377\000S\000t\000e\000r\000e\000o\000s\000c\000o\000p\000i\000c\000\040\0003\000D\000\040\000R\000e\000c\000o\000v\000e\000r\000y\000:\000\040\000N\000e\000u\000r\000o\000K\000i\000n\000-\0003\000D}{chapter.4}% 90
\BOOKMARK [2][-]{subsection.4.3.1}{\376\377\000D\000u\000a\000l\000-\000C\000a\000m\000e\000r\000a\000\040\000D\000a\000t\000a\000\040\000G\000e\000n\000e\000r\000a\000t\000i\000o\000n}{section.4.3}% 91
\BOOKMARK [2][-]{subsection.4.3.2}{\376\377\000T\000h\000e\000\040\000G\000e\000o\000m\000e\000t\000r\000y\000\040\000o\000f\000\040\000S\000t\000e\000r\000e\000o\000s\000c\000o\000p\000i\000c\000\040\000S\000i\000l\000h\000o\000u\000e\000t\000t\000e\000\040\000T\000r\000i\000a\000n\000g\000u\000l\000a\000t\000i\000o\000n}{section.4.3}% 92
\BOOKMARK [2][-]{subsection.4.3.3}{\376\377\000N\000e\000u\000r\000o\000K\000i\000n\000-\0003\000D\000\040\000A\000r\000c\000h\000i\000t\000e\000c\000t\000u\000r\000e}{section.4.3}% 93
\BOOKMARK [2][-]{subsection.4.3.4}{\376\377\000M\000u\000l\000t\000i\000-\000T\000a\000s\000k\000\040\000T\000r\000a\000i\000n\000i\000n\000g\000\040\000L\000o\000s\000s}{section.4.3}% 94
\BOOKMARK [2][-]{subsection.4.3.5}{\376\377\000L\000o\000c\000a\000l\000\040\000O\000v\000e\000r\000f\000i\000t\000\040\000T\000e\000s\000t}{section.4.3}% 95
\BOOKMARK [1][-]{section.4.4}{\376\377\000T\000r\000a\000i\000n\000i\000n\000g\000\040\000S\000t\000r\000a\000t\000e\000g\000y\000\040\000a\000n\000d\000\040\000R\000e\000g\000u\000l\000a\000r\000i\000z\000a\000t\000i\000o\000n}{chapter.4}% 96
\BOOKMARK [2][-]{subsection.4.4.1}{\376\377\000B\000a\000s\000e\000\040\000N\000e\000u\000r\000o\000K\000i\000n\000\040\000T\000r\000a\000i\000n\000i\000n\000g}{section.4.4}% 97
\BOOKMARK [2][-]{subsection.4.4.2}{\376\377\000N\000e\000u\000r\000o\000K\000i\000n\000-\0003\000D\000\040\000T\000r\000a\000i\000n\000i\000n\000g}{section.4.4}% 98
\BOOKMARK [1][-]{section.4.5}{\376\377\000P\000e\000r\000f\000o\000r\000m\000a\000n\000c\000e\000\040\000E\000v\000a\000l\000u\000a\000t\000i\000o\000n}{chapter.4}% 99
\BOOKMARK [2][-]{subsection.4.5.1}{\376\377\000B\000a\000s\000e\000\040\000N\000e\000u\000r\000o\000K\000i\000n\000:\000\040\0002\000D\000\040\000S\000i\000l\000h\000o\000u\000e\000t\000t\000e\000\040\000P\000r\000e\000d\000i\000c\000t\000i\000o\000n}{section.4.5}% 100
\BOOKMARK [2][-]{subsection.4.5.2}{\376\377\000N\000e\000u\000r\000o\000K\000i\000n\000-\0003\000D\000:\000\040\000S\000t\000e\000r\000e\000o\000s\000c\000o\000p\000i\000c\000\040\0003\000D\000\040\000R\000e\000c\000o\000v\000e\000r\000y}{section.4.5}% 101
\BOOKMARK [2][-]{subsection.4.5.3}{\376\377\000R\000e\000s\000N\000e\000u\000r\000o\000K\000i\000n\000-\000D\000:\000\040\000M\000u\000l\000t\000i\000-\000T\000a\000s\000k\000\040\000D\000e\000p\000t\000h\000\040\000P\000r\000e\000d\000i\000c\000t\000i\000o\000n}{section.4.5}% 102
\BOOKMARK [1][-]{section.4.6}{\376\377\000A\000b\000l\000a\000t\000i\000o\000n\000\040\000S\000t\000u\000d\000i\000e\000s}{chapter.4}% 103
\BOOKMARK [1][-]{section.4.7}{\376\377\000S\000u\000p\000e\000r\000v\000i\000s\000i\000o\000n\000\040\000E\000f\000f\000i\000c\000i\000e\000n\000c\000y\000\040\000A\000n\000a\000l\000y\000s\000i\000s\000\040\000R\000e\000v\000i\000s\000i\000t\000e\000d}{chapter.4}% 104
\BOOKMARK [1][-]{section.4.8}{\376\377\000Q\000u\000a\000l\000i\000t\000a\000t\000i\000v\000e\000\040\000R\000e\000s\000u\000l\000t\000s}{chapter.4}% 105
\BOOKMARK [2][-]{subsection.4.8.1}{\376\377\000B\000a\000s\000e\000\040\000N\000e\000u\000r\000o\000K\000i\000n\000\040\000S\000i\000l\000h\000o\000u\000e\000t\000t\000e\000\040\000P\000r\000e\000d\000i\000c\000t\000i\000o\000n}{section.4.8}% 106
\BOOKMARK [2][-]{subsection.4.8.2}{\376\377\000N\000e\000u\000r\000o\000K\000i\000n\000-\0003\000D\000\040\000E\000n\000d\000-\000E\000f\000f\000e\000c\000t\000o\000r\000\040\000P\000r\000e\000d\000i\000c\000t\000i\000o\000n}{section.4.8}% 107
\BOOKMARK [1][-]{section.4.9}{\376\377\000D\000i\000s\000c\000u\000s\000s\000i\000o\000n\000:\000\040\000L\000i\000m\000i\000t\000a\000t\000i\000o\000n\000s\000\040\000o\000f\000\040\000D\000i\000r\000e\000c\000t\000\040\000D\000e\000c\000o\000d\000i\000n\000g}{chapter.4}% 108
\BOOKMARK [1][-]{section.4.10}{\376\377\000S\000u\000m\000m\000a\000r\000y}{chapter.4}% 109
\BOOKMARK [0][-]{chapter.5}{\376\377\000V\000i\000s\000u\000a\000l\000\040\000C\000l\000o\000s\000e\000d\000-\000L\000o\000o\000p\000\040\000C\000o\000n\000t\000r\000o\000l\000\040\000a\000n\000d\000\040\000F\000a\000u\000l\000t\000\040\000A\000d\000a\000p\000t\000a\000t\000i\000o\000n}{}% 110
\BOOKMARK [1][-]{section.5.1}{\376\377\000C\000o\000n\000t\000r\000o\000l\000l\000e\000r\000\040\000I\000n\000t\000e\000g\000r\000a\000t\000i\000o\000n\000:\000\040\000R\000e\000s\000o\000l\000v\000e\000d\000-\000R\000a\000t\000e\000\040\000I\000n\000v\000e\000r\000s\000e\000\040\000K\000i\000n\000e\000m\000a\000t\000i\000c\000s\000\040\000w\000i\000t\000h\000\040\000V\000i\000s\000u\000a\000l\000\040\000F\000e\000e\000d\000b\000a\000c\000k}{chapter.5}% 111
\BOOKMARK [2][-]{subsection.5.1.1}{\376\377\000T\000a\000s\000k\000-\000S\000p\000a\000c\000e\000\040\000C\000o\000n\000t\000r\000o\000l\000\040\000F\000o\000r\000m\000u\000l\000a\000t\000i\000o\000n}{section.5.1}% 112
\BOOKMARK [2][-]{subsection.5.1.2}{\376\377\000D\000a\000m\000p\000e\000d\000\040\000L\000e\000a\000s\000t\000-\000S\000q\000u\000a\000r\000e\000s\000\040\000I\000n\000v\000e\000r\000s\000e\000\040\000K\000i\000n\000e\000m\000a\000t\000i\000c\000s}{section.5.1}% 113
\BOOKMARK [2][-]{subsection.5.1.3}{\376\377\000V\000i\000s\000u\000a\000l\000\040\000F\000e\000e\000d\000b\000a\000c\000k\000\040\000L\000o\000o\000p\000\040\000w\000i\000t\000h\000\040\000N\000e\000u\000r\000o\000K\000i\000n\000-\0003\000D}{section.5.1}% 114
\BOOKMARK [2][-]{subsection.5.1.4}{\376\377\000E\000x\000p\000o\000n\000e\000n\000t\000i\000a\000l\000\040\000S\000m\000o\000o\000t\000h\000i\000n\000g\000\040\000f\000o\000r\000\040\000N\000o\000i\000s\000e\000\040\000R\000e\000d\000u\000c\000t\000i\000o\000n}{section.5.1}% 115
\BOOKMARK [2][-]{subsection.5.1.5}{\376\377\000B\000a\000s\000e\000l\000i\000n\000e\000:\000\040\000P\000u\000r\000e\000\040\000P\000r\000o\000p\000r\000i\000o\000c\000e\000p\000t\000i\000v\000e\000\040\000C\000o\000n\000t\000r\000o\000l}{section.5.1}% 116
\BOOKMARK [1][-]{section.5.2}{\376\377\000E\000x\000p\000e\000r\000i\000m\000e\000n\000t\000a\000l\000\040\000P\000r\000o\000t\000o\000c\000o\000l}{chapter.5}% 117
\BOOKMARK [2][-]{subsection.5.2.1}{\376\377\000T\000a\000s\000k\000\040\000D\000e\000f\000i\000n\000i\000t\000i\000o\000n\000:\000\040\000P\000o\000i\000n\000t\000-\000t\000o\000-\000P\000o\000i\000n\000t\000\040\000R\000e\000a\000c\000h\000i\000n\000g}{section.5.2}% 118
\BOOKMARK [2][-]{subsection.5.2.2}{\376\377\000N\000o\000m\000i\000n\000a\000l\000\040\000P\000e\000r\000f\000o\000r\000m\000a\000n\000c\000e\000\040\000E\000v\000a\000l\000u\000a\000t\000i\000o\000n}{section.5.2}% 119
\BOOKMARK [2][-]{subsection.5.2.3}{\376\377\000F\000a\000u\000l\000t\000\040\000I\000n\000j\000e\000c\000t\000i\000o\000n\000:\000\040\000U\000n\000m\000o\000d\000e\000l\000e\000d\000\040\000A\000c\000t\000u\000a\000t\000o\000r\000\040\000D\000i\000s\000t\000u\000r\000b\000a\000n\000c\000e}{section.5.2}% 120
\BOOKMARK [1][-]{section.5.3}{\376\377\000C\000l\000o\000s\000e\000d\000-\000L\000o\000o\000p\000\040\000B\000e\000h\000a\000v\000i\000o\000r\000\040\000U\000n\000d\000e\000r\000\040\000V\000i\000s\000u\000a\000l\000\040\000F\000e\000e\000d\000b\000a\000c\000k}{chapter.5}% 121
\BOOKMARK [2][-]{subsection.5.3.1}{\376\377\000N\000o\000m\000i\000n\000a\000l\000\040\000P\000e\000r\000f\000o\000r\000m\000a\000n\000c\000e}{section.5.3}% 122
\BOOKMARK [2][-]{subsection.5.3.2}{\376\377\000F\000a\000u\000l\000t\000-\000T\000o\000l\000e\000r\000a\000n\000t\000\040\000P\000e\000r\000f\000o\000r\000m\000a\000n\000c\000e}{section.5.3}% 123
\BOOKMARK [1][-]{section.5.4}{\376\377\000A\000n\000a\000l\000y\000s\000i\000s\000:\000\040\000W\000h\000y\000\040\000V\000i\000s\000u\000a\000l\000\040\000E\000s\000t\000i\000m\000a\000t\000e\000s\000\040\000E\000n\000a\000b\000l\000e\000\040\000R\000e\000c\000o\000v\000e\000r\000y}{chapter.5}% 124
\BOOKMARK [1][-]{section.5.5}{\376\377\000S\000u\000m\000m\000a\000r\000y}{chapter.5}% 125
\BOOKMARK [0][-]{chapter.6}{\376\377\000S\000e\000q\000u\000e\000n\000t\000i\000a\000l\000\040\000S\000w\000a\000r\000m\000\040\000C\000o\000o\000r\000d\000i\000n\000a\000t\000i\000o\000n\000\040\000u\000n\000d\000e\000r\000\040\000C\000o\000m\000p\000o\000u\000n\000d\000i\000n\000g\000\040\000F\000a\000u\000l\000t\000s}{}% 126
\BOOKMARK [1][-]{section.6.1}{\376\377\000T\000h\000e\000\040\000S\000e\000q\000u\000e\000n\000t\000i\000a\000l\000\040\000S\000w\000a\000r\000m\000\040\000P\000i\000p\000e\000l\000i\000n\000e\000:\000\040\000T\000e\000m\000p\000o\000r\000a\000l\000\040\000S\000t\000i\000g\000m\000e\000r\000g\000y\000\040\000i\000n\000\040\000O\000p\000e\000r\000a\000t\000i\000o\000n}{chapter.6}% 127
\BOOKMARK [2][-]{subsection.6.1.1}{\376\377\000D\000e\000f\000i\000n\000i\000t\000i\000o\000n\000\040\000o\000f\000\040\000T\000e\000m\000p\000o\000r\000a\000l\000\040\000S\000t\000i\000g\000m\000e\000r\000g\000y}{section.6.1}% 128
\BOOKMARK [2][-]{subsection.6.1.2}{\376\377\000T\000h\000e\000\040\0001\0000\0000\000-\000S\000t\000a\000g\000e\000\040\000O\000p\000e\000r\000a\000t\000i\000o\000n\000a\000l\000\040\000C\000h\000a\000i\000n}{section.6.1}% 129
\BOOKMARK [2][-]{subsection.6.1.3}{\376\377\000P\000r\000o\000g\000r\000e\000s\000s\000i\000v\000e\000\040\000F\000a\000u\000l\000t\000\040\000I\000n\000j\000e\000c\000t\000i\000o\000n}{section.6.1}% 130
\BOOKMARK [1][-]{section.6.2}{\376\377\000T\000h\000e\000\040\000I\000n\000t\000e\000r\000-\000A\000g\000e\000n\000t\000\040\000C\000o\000m\000m\000u\000n\000i\000c\000a\000t\000i\000o\000n\000\040\000L\000e\000d\000g\000e\000r\000\040\000a\000s\000\040\000S\000t\000i\000g\000m\000e\000r\000g\000i\000c\000\040\000C\000h\000a\000n\000n\000e\000l}{chapter.6}% 131
\BOOKMARK [2][-]{subsection.6.2.1}{\376\377\000T\000h\000e\000\040\000F\000a\000c\000t\000o\000r\000y\000\040\000S\000t\000a\000t\000e\000\040\000D\000i\000c\000t\000i\000o\000n\000a\000r\000y}{section.6.2}% 132
\BOOKMARK [2][-]{subsection.6.2.2}{\376\377\000T\000h\000e\000\040\000R\000e\000c\000o\000v\000e\000r\000y\000\040\000T\000h\000r\000e\000s\000h\000o\000l\000d\000\040\000M\000e\000c\000h\000a\000n\000i\000s\000m}{section.6.2}% 133
\BOOKMARK [1][-]{section.6.3}{\376\377\000S\000t\000a\000t\000e\000-\000D\000e\000p\000e\000n\000d\000e\000n\000t\000\040\000C\000o\000l\000l\000e\000c\000t\000i\000v\000e\000\040\000A\000d\000a\000p\000t\000a\000t\000i\000o\000n\000:\000\040\000E\000x\000p\000e\000r\000i\000m\000e\000n\000t\000a\000l\000\040\000R\000e\000s\000u\000l\000t\000s}{chapter.6}% 134
\BOOKMARK [2][-]{subsection.6.3.1}{\376\377\000B\000a\000s\000e\000l\000i\000n\000e\000:\000\040\000S\000t\000a\000n\000d\000a\000r\000d\000\040\000I\000K\000\040\000C\000o\000n\000t\000r\000o\000l\000l\000e\000r\000\040\000\050\000N\000o\000\040\000S\000t\000i\000g\000m\000e\000r\000g\000y\000\051}{section.6.3}% 135
\BOOKMARK [2][-]{subsection.6.3.2}{\376\377\000N\000e\000u\000r\000o\000K\000i\000n\000\040\000w\000i\000t\000h\000\040\000T\000e\000m\000p\000o\000r\000a\000l\000\040\000S\000t\000i\000g\000m\000e\000r\000g\000y}{section.6.3}% 136
\BOOKMARK [2][-]{subsection.6.3.3}{\376\377\000Q\000u\000a\000n\000t\000i\000t\000a\000t\000i\000v\000e\000\040\000C\000o\000m\000p\000a\000r\000i\000s\000o\000n\000:\000\040\0001\0000\0000\000-\000S\000t\000a\000g\000e\000\040\000R\000e\000s\000u\000l\000t\000s}{section.6.3}% 137
\BOOKMARK [2][-]{subsection.6.3.4}{\376\377\000S\000t\000e\000p\000\040\000E\000f\000f\000i\000c\000i\000e\000n\000c\000y\000\040\000A\000n\000a\000l\000y\000s\000i\000s}{section.6.3}% 138
\BOOKMARK [1][-]{section.6.4}{\376\377\000S\000t\000a\000t\000i\000s\000t\000i\000c\000a\000l\000\040\000A\000n\000a\000l\000y\000s\000i\000s\000\040\000a\000n\000d\000\040\000F\000a\000i\000l\000u\000r\000e\000\040\000M\000o\000d\000e\000\040\000C\000h\000a\000r\000a\000c\000t\000e\000r\000i\000z\000a\000t\000i\000o\000n}{chapter.6}% 139
\BOOKMARK [1][-]{section.6.5}{\376\377\000S\000u\000m\000m\000a\000r\000y}{chapter.6}% 140
\BOOKMARK [0][-]{chapter.7}{\376\377\000D\000i\000s\000c\000u\000s\000s\000i\000o\000n}{}% 141
\BOOKMARK [1][-]{section.7.1}{\376\377\000T\000r\000a\000d\000e\000-\000o\000f\000f\000s\000\040\000o\000f\000\040\000D\000i\000r\000e\000c\000t\000\040\000D\000e\000c\000o\000d\000i\000n\000g\000:\000\040\000S\000a\000c\000r\000i\000f\000i\000c\000i\000n\000g\000\040\000N\000o\000v\000e\000l\000-\000V\000i\000e\000w\000\040\000S\000y\000n\000t\000h\000e\000s\000i\000s\000\040\000f\000o\000r\000\040\000E\000x\000t\000r\000e\000m\000e\000\040\000I\000n\000f\000e\000r\000e\000n\000c\000e\000\040\000S\000p\000e\000e\000d}{chapter.7}% 142
\BOOKMARK [2][-]{subsection.7.1.1}{\376\377\000T\000h\000e\000\040\000S\000i\000n\000g\000l\000e\000-\000V\000i\000e\000w\000p\000o\000i\000n\000t\000\040\000C\000o\000n\000s\000t\000r\000a\000i\000n\000t}{section.7.1}% 143
\BOOKMARK [2][-]{subsection.7.1.2}{\376\377\000B\000i\000n\000a\000r\000y\000\040\000S\000i\000l\000h\000o\000u\000e\000t\000t\000e\000s\000\040\000v\000s\000.\000\040\000R\000G\000B\000\040\000P\000r\000e\000d\000i\000c\000t\000i\000o\000n}{section.7.1}% 144
\BOOKMARK [2][-]{subsection.7.1.3}{\376\377\000T\000h\000e\000\040\000P\000a\000r\000e\000t\000o\000\040\000F\000r\000o\000n\000t\000i\000e\000r\000:\000\040\000N\000o\000v\000e\000l\000-\000V\000i\000e\000w\000\040\000S\000y\000n\000t\000h\000e\000s\000i\000s\000\040\000v\000s\000.\000\040\000C\000o\000n\000t\000r\000o\000l\000-\000L\000o\000o\000p\000\040\000L\000a\000t\000e\000n\000c\000y}{section.7.1}% 145
\BOOKMARK [2][-]{subsection.7.1.4}{\376\377\000S\000u\000p\000e\000r\000v\000i\000s\000i\000o\000n\000\040\000E\000f\000f\000i\000c\000i\000e\000n\000c\000y\000\040\000a\000s\000\040\000t\000h\000e\000\040\000K\000e\000y\000\040\000E\000x\000p\000l\000a\000n\000a\000t\000o\000r\000y\000\040\000V\000a\000r\000i\000a\000b\000l\000e}{section.7.1}% 146
\BOOKMARK [1][-]{section.7.2}{\376\377\000V\000a\000l\000i\000d\000a\000t\000i\000n\000g\000\040\000t\000h\000e\000\040\000`\000`\000T\000o\000w\000a\000r\000d\000\040\000S\000w\000a\000r\000m\000\040\000C\000o\000o\000r\000d\000i\000n\000a\000t\000i\000o\000n\000'\000'\000\040\000H\000y\000p\000o\000t\000h\000e\000s\000i\000s\000:\000\040\000T\000e\000m\000p\000o\000r\000a\000l\000\040\000S\000t\000i\000g\000m\000e\000r\000g\000y\000\040\000a\000s\000\040\000a\000\040\000P\000r\000e\000r\000e\000q\000u\000i\000s\000i\000t\000e}{chapter.7}% 147
\BOOKMARK [2][-]{subsection.7.2.1}{\376\377\000W\000h\000y\000\040\000T\000e\000m\000p\000o\000r\000a\000l\000\040\000S\000t\000i\000g\000m\000e\000r\000g\000y\000\040\000P\000r\000o\000v\000e\000s\000\040\000t\000h\000e\000\040\000P\000r\000e\000r\000e\000q\000u\000i\000s\000i\000t\000e}{section.7.2}% 148
\BOOKMARK [2][-]{subsection.7.2.2}{\376\377\000T\000h\000e\000\040\000R\000o\000l\000e\000\040\000o\000f\000\040\000S\000u\000b\000-\000M\000i\000l\000l\000i\000s\000e\000c\000o\000n\000d\000\040\000I\000n\000f\000e\000r\000e\000n\000c\000e\000\040\000i\000n\000\040\000S\000t\000i\000g\000m\000e\000r\000g\000i\000c\000\040\000C\000o\000o\000r\000d\000i\000n\000a\000t\000i\000o\000n}{section.7.2}% 149
\BOOKMARK [2][-]{subsection.7.2.3}{\376\377\000C\000o\000m\000p\000a\000r\000i\000s\000o\000n\000\040\000t\000o\000\040\000A\000l\000t\000e\000r\000n\000a\000t\000i\000v\000e\000\040\000C\000o\000o\000r\000d\000i\000n\000a\000t\000i\000o\000n\000\040\000M\000e\000c\000h\000a\000n\000i\000s\000m\000s}{section.7.2}% 150
\BOOKMARK [2][-]{subsection.7.2.4}{\376\377\000L\000i\000m\000i\000t\000a\000t\000i\000o\000n\000s\000\040\000o\000f\000\040\000t\000h\000e\000\040\000S\000e\000q\000u\000e\000n\000t\000i\000a\000l\000\040\000P\000a\000r\000a\000d\000i\000g\000m}{section.7.2}% 151
\BOOKMARK [2][-]{subsection.7.2.5}{\376\377\000I\000n\000f\000o\000r\000m\000a\000t\000i\000o\000n\000\040\000B\000o\000t\000t\000l\000e\000n\000e\000c\000k\000\040\000a\000n\000d\000\040\000R\000e\000c\000o\000v\000e\000r\000y\000\040\000M\000o\000d\000e\000\040\000D\000e\000s\000i\000g\000n}{section.7.2}% 152
\BOOKMARK [1][-]{section.7.3}{\376\377\000T\000h\000r\000e\000a\000t\000s\000\040\000t\000o\000\040\000V\000a\000l\000i\000d\000i\000t\000y\000\040\000a\000n\000d\000\040\000D\000i\000r\000e\000c\000t\000i\000o\000n\000s\000\040\000f\000o\000r\000\040\000M\000i\000t\000i\000g\000a\000t\000i\000o\000n}{chapter.7}% 153
\BOOKMARK [2][-]{subsection.7.3.1}{\376\377\000S\000i\000m\000u\000l\000a\000t\000i\000o\000n\000-\000t\000o\000-\000R\000e\000a\000l\000i\000t\000y\000\040\000G\000a\000p}{section.7.3}% 154
\BOOKMARK [2][-]{subsection.7.3.2}{\376\377\000A\000b\000s\000t\000r\000a\000c\000t\000i\000o\000n\000\040\000o\000f\000\040\000M\000e\000c\000h\000a\000n\000i\000c\000a\000l\000\040\000D\000e\000g\000r\000a\000d\000a\000t\000i\000o\000n\000\040\000a\000n\000d\000\040\000R\000i\000g\000i\000d\000-\000B\000o\000d\000y\000\040\000A\000s\000s\000u\000m\000p\000t\000i\000o\000n\000s}{section.7.3}% 155
\BOOKMARK [2][-]{subsection.7.3.3}{\376\377\000G\000e\000n\000e\000r\000a\000l\000i\000z\000a\000t\000i\000o\000n\000\040\000t\000o\000\040\000H\000i\000g\000h\000e\000r\000\040\000D\000e\000g\000r\000e\000e\000s\000\040\000o\000f\000\040\000F\000r\000e\000e\000d\000o\000m}{section.7.3}% 156
\BOOKMARK [2][-]{subsection.7.3.4}{\376\377\000C\000a\000t\000a\000s\000t\000r\000o\000p\000h\000i\000c\000\040\000F\000o\000r\000g\000e\000t\000t\000i\000n\000g\000\040\000U\000n\000d\000e\000r\000\040\000S\000t\000r\000u\000c\000t\000u\000r\000a\000l\000\040\000D\000a\000m\000a\000g\000e}{section.7.3}% 157
\BOOKMARK [2][-]{subsection.7.3.5}{\376\377\000D\000a\000t\000a\000\040\000E\000f\000f\000i\000c\000i\000e\000n\000c\000y\000\040\000a\000n\000d\000\040\000L\000i\000m\000i\000t\000e\000d\000\040\000T\000r\000a\000i\000n\000i\000n\000g\000\040\000S\000a\000m\000p\000l\000e\000s}{section.7.3}% 158
\BOOKMARK [1][-]{section.7.4}{\376\377\000S\000u\000m\000m\000a\000r\000y}{chapter.7}% 159
\BOOKMARK [0][-]{chapter.8}{\376\377\000C\000o\000n\000c\000l\000u\000s\000i\000o\000n\000\040\000a\000n\000d\000\040\000F\000u\000t\000u\000r\000e\000\040\000W\000o\000r\000k}{}% 160
\BOOKMARK [1][-]{section.8.1}{\376\377\000S\000u\000m\000m\000a\000r\000y\000\040\000o\000f\000\040\000C\000o\000n\000t\000r\000i\000b\000u\000t\000i\000o\000n\000s\000\040\000a\000n\000d\000\040\000R\000e\000s\000e\000a\000r\000c\000h\000\040\000F\000i\000n\000d\000i\000n\000g\000s}{chapter.8}% 161
\BOOKMARK [2][-]{subsection.8.1.1}{\376\377\000R\000Q\0001\000:\000\040\000A\000r\000c\000h\000i\000t\000e\000c\000t\000u\000r\000a\000l\000\040\000E\000f\000f\000i\000c\000i\000e\000n\000c\000y\000\040\040\024\000\040\000D\000i\000r\000e\000c\000t\000\040\000D\000e\000c\000o\000d\000i\000n\000g\000\040\000D\000e\000f\000e\000a\000t\000s\000\040\000t\000h\000e\000\040\000L\000a\000t\000e\000n\000c\000y\000\040\000P\000a\000r\000a\000d\000o\000x}{section.8.1}% 162
\BOOKMARK [2][-]{subsection.8.1.2}{\376\377\000R\000Q\0002\000:\000\040\000C\000o\000n\000t\000r\000o\000l\000\040\000I\000n\000t\000e\000g\000r\000a\000t\000i\000o\000n\000\040\040\024\000\040\000S\000u\000b\000-\000M\000i\000l\000l\000i\000s\000e\000c\000o\000n\000d\000\040\000V\000i\000s\000u\000a\000l\000\040\000S\000e\000r\000v\000o\000i\000n\000g\000\040\000E\000n\000a\000b\000l\000e\000s\000\040\000D\000y\000n\000a\000m\000i\000c\000\040\000S\000t\000a\000b\000i\000l\000i\000z\000a\000t\000i\000o\000n}{section.8.1}% 163
\BOOKMARK [2][-]{subsection.8.1.3}{\376\377\000R\000Q\0003\000:\000\040\000F\000a\000u\000l\000t\000\040\000T\000o\000l\000e\000r\000a\000n\000c\000e\000\040\040\024\000\040\000R\000a\000p\000i\000d\000\040\000F\000i\000n\000e\000-\000T\000u\000n\000i\000n\000g\000\040\000E\000n\000a\000b\000l\000e\000s\000\040\000A\000d\000a\000p\000t\000a\000t\000i\000o\000n\000\040\000t\000o\000\040\000S\000t\000r\000u\000c\000t\000u\000r\000a\000l\000\040\000D\000a\000m\000a\000g\000e}{section.8.1}% 164
\BOOKMARK [2][-]{subsection.8.1.4}{\376\377\000R\000Q\0004\000:\000\040\000C\000o\000l\000l\000e\000c\000t\000i\000v\000e\000\040\000A\000d\000a\000p\000t\000a\000t\000i\000o\000n\000\040\040\024\000\040\000T\000e\000m\000p\000o\000r\000a\000l\000\040\000S\000t\000i\000g\000m\000e\000r\000g\000y\000\040\000V\000a\000l\000i\000d\000a\000t\000e\000s\000\040\000t\000h\000e\000\040\000P\000r\000e\000r\000e\000q\000u\000i\000s\000i\000t\000e\000\040\000f\000o\000r\000\040\000S\000w\000a\000r\000m\000\040\000C\000o\000o\000r\000d\000i\000n\000a\000t\000i\000o\000n}{section.8.1}% 165
\BOOKMARK [1][-]{section.8.2}{\376\377\000T\000e\000c\000h\000n\000i\000c\000a\000l\000\040\000C\000o\000n\000t\000r\000i\000b\000u\000t\000i\000o\000n\000s\000\040\000S\000u\000m\000m\000a\000r\000y}{chapter.8}% 166
\BOOKMARK [1][-]{section*.68}{\376\377\000A\000p\000p\000e\000n\000d\000i\000x\000:\000\040\000D\000i\000a\000g\000n\000o\000s\000t\000i\000c\000\040\000L\000o\000g\000s\000\040\000a\000n\000d\000\040\000A\000r\000c\000h\000i\000t\000e\000c\000t\000u\000r\000e\000\040\000O\000v\000e\000r\000v\000i\000e\000w\000s}{chapter.8}% 167
\BOOKMARK [1][-]{section.8.3}{\376\377\000F\000u\000t\000u\000r\000e\000\040\000R\000o\000a\000d\000m\000a\000p\000:\000\040\000F\000r\000o\000m\000\040\000S\000e\000q\000u\000e\000n\000t\000i\000a\000l\000\040\000V\000a\000l\000i\000d\000a\000t\000i\000o\000n\000\040\000t\000o\000\040\000S\000p\000a\000t\000i\000a\000l\000\040\000S\000w\000a\000r\000m\000s}{chapter.8}% 168
\BOOKMARK [1][-]{section.8.4}{\376\377\000C\000o\000n\000c\000l\000u\000d\000i\000n\000g\000\040\000R\000e\000m\000a\000r\000k\000s}{chapter.8}% 169
\BOOKMARK [0][-]{chapter*.70}{\376\377\000B\000i\000b\000l\000i\000o\000g\000r\000a\000p\000h\000y}{}% 170
